<html>
<body>
<pre>
<h1>礦ision Build Log</h1>
<h2>Tool Versions:</h2>
IDE-Version: μVision V5.24.2.0
Copyright (C) 2017 ARM Ltd and ARM Germany GmbH. All rights reserved.
License Information: xx lei, jusqa, LIC=DSNLQ-NTK3A-KS3YM-XZXTJ-TG59U-5S747
 
Tool Versions:
Toolchain:       MDK-ARM Professional  Version: 5.24.1
Toolchain Path:  C:\Keil_v5\ARM\ARMCC\Bin
C Compiler:      Armcc.exe V5.06 update 5 (build 528)
Assembler:       Armasm.exe V5.06 update 5 (build 528)
Linker/Locator:  ArmLink.exe V5.06 update 5 (build 528)
Library Manager: ArmAr.exe V5.06 update 5 (build 528)
Hex Converter:   FromElf.exe V5.06 update 5 (build 528)
CPU DLL:         SARMCM3.DLL V5.24.1
Dialog DLL:      DCM.DLL V1.16.0.0
Target DLL:      STLink\ST-LINKIII-KEIL_SWO.dll V3.0.1.0
Dialog DLL:      TCM.DLL V1.32.0.0
 
<h2>Project:</h2>
F:\Data\2018校赛及培训\帮大丁哥做\数据显示\USER\HZ.uvprojx
Project File Date:  04/29/2018

<h2>Output:</h2>
*** Using Compiler 'V5.06 update 5 (build 528)', folder: 'C:\Keil_v5\ARM\ARMCC\Bin'
Build target 'HZ'
compiling main.c...
main.c(55): warning:  #550-D: variable "p"  was set but never used
  	u8 *p;
main.c(57): warning:  #177-D: variable "aK"  was declared but never referenced
  	u16 aK,bK,cK,dK,eK=0,i;
main.c(57): warning:  #177-D: variable "bK"  was declared but never referenced
  	u16 aK,bK,cK,dK,eK=0,i;
main.c(57): warning:  #177-D: variable "cK"  was declared but never referenced
  	u16 aK,bK,cK,dK,eK=0,i;
main.c(57): warning:  #177-D: variable "dK"  was declared but never referenced
  	u16 aK,bK,cK,dK,eK=0,i;
main.c(57): warning:  #177-D: variable "eK"  was declared but never referenced
  	u16 aK,bK,cK,dK,eK=0,i;
main.c(58): warning:  #177-D: variable "t"  was declared but never referenced
       u16 t,k,cY1=0,cY2=0;
main.c(58): warning:  #177-D: variable "k"  was declared but never referenced
       u16 t,k,cY1=0,cY2=0;
main.c(58): warning:  #177-D: variable "cY1"  was declared but never referenced
       u16 t,k,cY1=0,cY2=0;
main.c(58): warning:  #177-D: variable "cY2"  was declared but never referenced
       u16 t,k,cY1=0,cY2=0;
main.c(59): warning:  #177-D: variable "freq"  was declared but never referenced
       float freq=0,cycle=0,phase=0,scope=0,freqout=0,scopeout=0;//参数
main.c(59): warning:  #177-D: variable "cycle"  was declared but never referenced
       float freq=0,cycle=0,phase=0,scope=0,freqout=0,scopeout=0;//参数
main.c(59): warning:  #177-D: variable "phase"  was declared but never referenced
       float freq=0,cycle=0,phase=0,scope=0,freqout=0,scopeout=0;//参数
main.c(59): warning:  #177-D: variable "scope"  was declared but never referenced
       float freq=0,cycle=0,phase=0,scope=0,freqout=0,scopeout=0;//参数
main.c(59): warning:  #177-D: variable "freqout"  was declared but never referenced
       float freq=0,cycle=0,phase=0,scope=0,freqout=0,scopeout=0;//参数
main.c(59): warning:  #177-D: variable "scopeout"  was declared but never referenced
       float freq=0,cycle=0,phase=0,scope=0,freqout=0,scopeout=0;//参数
main.c(85): warning:  #177-D: label "UPD"  was declared but never referenced
    UPD:    
main.c: 17 warnings, 0 errors
linking...
Program Size: Code=74784 RO-data=20544 RW-data=176 ZI-data=33751096  
FromELF: creating hex file...
"..\OBJ\HZ.axf" - 0 Error(s), 17 Warning(s).

<h2>Software Packages used:</h2>

Package Vendor: Keil
                http://www.keil.com/pack/Keil.STM32F7xx_DFP.2.7.0.pack
                Keil.STM32F7xx_DFP.2.7.0
                STMicroelectronics STM32F7 Series Device Support, Drivers and Examples

<h2>Collection of Component include folders:</h2>
  .\RTE\_HZ
  C:\Keil_v5\ARM\PACK\Keil\STM32F7xx_DFP\2.7.0\Drivers\CMSIS\Device\ST\STM32F7xx\Include

<h2>Collection of Component Files used:</h2>
Build Time Elapsed:  00:00:03
</pre>
</body>
</html>
