Component: ARM Compiler 5.06 update 5 (build 528) Tool: armlink [4d35e2]

==============================================================================

Section Cross References

    main.o(i.main) refers to _printf_percent.o(.ARM.Collect$$_printf_percent$$00000000) for _printf_percent
    main.o(i.main) refers to _printf_d.o(.ARM.Collect$$_printf_percent$$00000009) for _printf_d
    main.o(i.main) refers to _printf_dec.o(.text) for _printf_int_dec
    main.o(i.main) refers to sys.o(i.Cache_Enable) for Cache_Enable
    main.o(i.main) refers to mpu.o(i.MPU_Memory_Protection) for MPU_Memory_Protection
    main.o(i.main) refers to stm32f7xx_hal.o(i.HAL_Init) for HAL_Init
    main.o(i.main) refers to sys.o(i.Stm32_Clock_Init) for Stm32_Clock_Init
    main.o(i.main) refers to delay.o(i.delay_init) for delay_init
    main.o(i.main) refers to usart.o(i.uart_init) for uart_init
    main.o(i.main) refers to led.o(i.LED_Init) for LED_Init
    main.o(i.main) refers to key.o(i.KEY_Init) for KEY_Init
    main.o(i.main) refers to sdram.o(i.SDRAM_Init) for SDRAM_Init
    main.o(i.main) refers to lcd.o(i.LCD_Init) for LCD_Init
    main.o(i.main) refers to beep.o(i.Beep_Init) for Beep_Init
    main.o(i.main) refers to dma.o(i.MYDMA_Config) for MYDMA_Config
    main.o(i.main) refers to w25qxx.o(i.W25QXX_Init) for W25QXX_Init
    main.o(i.main) refers to malloc.o(i.my_mem_init) for my_mem_init
    main.o(i.main) refers to exfuns.o(i.exfuns_init) for exfuns_init
    main.o(i.main) refers to ff.o(i.f_mount) for f_mount
    main.o(i.main) refers to fontupd.o(i.font_init) for font_init
    main.o(i.main) refers to lcd.o(i.LCD_Clear) for LCD_Clear
    main.o(i.main) refers to lcd.o(i.LCD_ShowString) for LCD_ShowString
    main.o(i.main) refers to sdmmc_sdcard.o(i.SD_Init) for SD_Init
    main.o(i.main) refers to delay.o(i.delay_ms) for delay_ms
    main.o(i.main) refers to lcd.o(i.LCD_Fill) for LCD_Fill
    main.o(i.main) refers to fontupd.o(i.update_font) for update_font
    main.o(i.main) refers to keyboard.o(i.Keyboard_Init) for Keyboard_Init
    main.o(i.main) refers to stm32f7xx_hal_uart.o(i.HAL_UART_Receive_DMA) for HAL_UART_Receive_DMA
    main.o(i.main) refers to keyboard.o(i.key_check) for key_check
    main.o(i.main) refers to stm32f7xx_hal_uart.o(i.HAL_UART_DMAStop) for HAL_UART_DMAStop
    main.o(i.main) refers to noretval__2printf.o(.text) for __2printf
    main.o(i.main) refers to touch.o(.data) for tp_dev
    main.o(i.main) refers to exfuns.o(.bss) for fs
    main.o(i.main) refers to lcd.o(.data) for POINT_COLOR
    main.o(i.main) refers to usart.o(.bss) for UART1_Handler
    main.o(i.main) refers to dma.o(.bss) for UART1RxDMA_Handler
    main.o(.data) refers to main.o(.bss) for ADCin
    stm32f7xx_it.o(i.SysTick_Handler) refers to stm32f7xx_hal.o(i.HAL_IncTick) for HAL_IncTick
    system_stm32f7xx.o(i.SystemCoreClockUpdate) refers to system_stm32f7xx.o(.data) for .data
    system_stm32f7xx.o(i.SystemCoreClockUpdate) refers to system_stm32f7xx.o(.constdata) for .constdata
    startup_stm32f767xx.o(STACK) refers (Special) to heapauxi.o(.text) for __use_two_region_memory
    startup_stm32f767xx.o(HEAP) refers (Special) to heapauxi.o(.text) for __use_two_region_memory
    startup_stm32f767xx.o(RESET) refers (Special) to heapauxi.o(.text) for __use_two_region_memory
    startup_stm32f767xx.o(RESET) refers to startup_stm32f767xx.o(STACK) for __initial_sp
    startup_stm32f767xx.o(RESET) refers to startup_stm32f767xx.o(.text) for Reset_Handler
    startup_stm32f767xx.o(RESET) refers to stm32f7xx_it.o(i.NMI_Handler) for NMI_Handler
    startup_stm32f767xx.o(RESET) refers to stm32f7xx_it.o(i.HardFault_Handler) for HardFault_Handler
    startup_stm32f767xx.o(RESET) refers to mpu.o(i.MemManage_Handler) for MemManage_Handler
    startup_stm32f767xx.o(RESET) refers to stm32f7xx_it.o(i.BusFault_Handler) for BusFault_Handler
    startup_stm32f767xx.o(RESET) refers to stm32f7xx_it.o(i.UsageFault_Handler) for UsageFault_Handler
    startup_stm32f767xx.o(RESET) refers to stm32f7xx_it.o(i.SVC_Handler) for SVC_Handler
    startup_stm32f767xx.o(RESET) refers to stm32f7xx_it.o(i.DebugMon_Handler) for DebugMon_Handler
    startup_stm32f767xx.o(RESET) refers to stm32f7xx_it.o(i.PendSV_Handler) for PendSV_Handler
    startup_stm32f767xx.o(RESET) refers to stm32f7xx_it.o(i.SysTick_Handler) for SysTick_Handler
    startup_stm32f767xx.o(RESET) refers to usart.o(i.USART1_IRQHandler) for USART1_IRQHandler
    startup_stm32f767xx.o(.text) refers (Special) to heapauxi.o(.text) for __use_two_region_memory
    startup_stm32f767xx.o(.text) refers to system_stm32f7xx.o(i.SystemInit) for SystemInit
    startup_stm32f767xx.o(.text) refers to __main.o(!!!main) for __main
    startup_stm32f767xx.o(.text) refers to startup_stm32f767xx.o(HEAP) for Heap_Mem
    startup_stm32f767xx.o(.text) refers to startup_stm32f767xx.o(STACK) for Stack_Mem
    stm32f7xx_hal.o(i.HAL_DeInit) refers to stm32f7xx_hal.o(i.HAL_MspDeInit) for HAL_MspDeInit
[...]
    __rt_heap_expand$2region                 0x080007b1   Thumb Code     2  heapauxi.o(.text)
    __I$use$semihosting                      0x080007b3   Thumb Code     0  use_no_semi.o(.text)
    __use_no_semihosting_swi                 0x080007b3   Thumb Code     2  use_no_semi.o(.text)
    __read_errno                             0x080007b5   Thumb Code    10  _rserrno.o(.text)
    __set_errno                              0x080007bf   Thumb Code    12  _rserrno.o(.text)
    _printf_int_common                       0x080007cb   Thumb Code   178  _printf_intcommon.o(.text)
    _printf_cs_common                        0x0800087d   Thumb Code    20  _printf_char.o(.text)
    _printf_char                             0x08000891   Thumb Code    16  _printf_char.o(.text)
    _printf_string                           0x080008a1   Thumb Code     8  _printf_char.o(.text)
    _printf_char_file                        0x080008a9   Thumb Code    32  _printf_char_file.o(.text)
    __aeabi_memcpy4                          0x080008cd   Thumb Code     0  rt_memcpy_w.o(.text)
    __aeabi_memcpy8                          0x080008cd   Thumb Code     0  rt_memcpy_w.o(.text)
    __rt_memcpy_w                            0x080008cd   Thumb Code   100  rt_memcpy_w.o(.text)
    _memcpy_lastbytes_aligned                0x08000915   Thumb Code     0  rt_memcpy_w.o(.text)
    __aeabi_memclr4                          0x08000931   Thumb Code     0  rt_memclr_w.o(.text)
    __aeabi_memclr8                          0x08000931   Thumb Code     0  rt_memclr_w.o(.text)
    __rt_memclr_w                            0x08000931   Thumb Code    78  rt_memclr_w.o(.text)
    _memset_w                                0x08000935   Thumb Code     0  rt_memclr_w.o(.text)
    __aeabi_errno_addr                       0x08000981   Thumb Code     8  rt_errno_addr_intlibspace.o(.text)
    __errno$intlibspace                      0x08000981   Thumb Code     0  rt_errno_addr_intlibspace.o(.text)
    __rt_errno_addr$intlibspace              0x08000981   Thumb Code     0  rt_errno_addr_intlibspace.o(.text)
    _printf_char_common                      0x08000993   Thumb Code    32  _printf_char_common.o(.text)
    ferror                                   0x080009b9   Thumb Code     8  ferror.o(.text)
    __user_libspace                          0x080009c1   Thumb Code     8  libspace.o(.text)
    __user_perproc_libspace                  0x080009c1   Thumb Code     0  libspace.o(.text)
    __user_perthread_libspace                0x080009c1   Thumb Code     0  libspace.o(.text)
    __user_setup_stackheap                   0x080009c9   Thumb Code    74  sys_stackheap_outer.o(.text)
    exit                                     0x08000a13   Thumb Code    18  exit.o(.text)
    AT24CXX_Init                             0x08000a25   Thumb Code     4  24cxx.o(i.AT24CXX_Init)
    AT24CXX_ReadLenByte                      0x08000a29   Thumb Code   106  24cxx.o(i.AT24CXX_ReadLenByte)
    AT24CXX_ReadOneByte                      0x08000a93   Thumb Code    66  24cxx.o(i.AT24CXX_ReadOneByte)
    AT24CXX_WriteLenByte                     0x08000ad5   Thumb Code   100  24cxx.o(i.AT24CXX_WriteLenByte)
    AT24CXX_WriteOneByte                     0x08000b39   Thumb Code    62  24cxx.o(i.AT24CXX_WriteOneByte)
    Beep_Init                                0x08000b77   Thumb Code     4  beep.o(i.Beep_Init)
    BusFault_Handler                         0x08000b7b   Thumb Code     2  stm32f7xx_it.o(i.BusFault_Handler)
    CT_IIC_Init                              0x08000b7d   Thumb Code    80  ctiic.o(i.CT_IIC_Init)
    CT_IIC_Read_Byte                         0x08000bd9   Thumb Code   246  ctiic.o(i.CT_IIC_Read_Byte)
    CT_IIC_Send_Byte                         0x08000cd9   Thumb Code   120  ctiic.o(i.CT_IIC_Send_Byte)
    CT_IIC_Start                             0x08000d59   Thumb Code    78  ctiic.o(i.CT_IIC_Start)
    CT_IIC_Stop                              0x08000db1   Thumb Code    66  ctiic.o(i.CT_IIC_Stop)
    CT_IIC_Wait_Ack                          0x08000dfd   Thumb Code   162  ctiic.o(i.CT_IIC_Wait_Ack)
    Cache_Enable                             0x08000ea9   Thumb Code   116  sys.o(i.Cache_Enable)
    DebugMon_Handler                         0x08000f31   Thumb Code     2  stm32f7xx_it.o(i.DebugMon_Handler)
    FMC_NAND_AttributeSpace_Timing_Init      0x08000f33   Thumb Code    28  stm32f7xx_ll_fmc.o(i.FMC_NAND_AttributeSpace_Timing_Init)
    FMC_NAND_CommonSpace_Timing_Init         0x08000f4f   Thumb Code    28  stm32f7xx_ll_fmc.o(i.FMC_NAND_CommonSpace_Timing_Init)
    FMC_NAND_Init                            0x08000f6d   Thumb Code    60  stm32f7xx_ll_fmc.o(i.FMC_NAND_Init)
    FMC_NORSRAM_Extended_Timing_Init         0x08000fad   Thumb Code    68  stm32f7xx_ll_fmc.o(i.FMC_NORSRAM_Extended_Timing_Init)
    FMC_NORSRAM_Init                         0x08000ff5   Thumb Code   120  stm32f7xx_ll_fmc.o(i.FMC_NORSRAM_Init)
    FMC_NORSRAM_Timing_Init                  0x08001071   Thumb Code    96  stm32f7xx_ll_fmc.o(i.FMC_NORSRAM_Timing_Init)
    FMC_SDRAM_Init                           0x080010d5   Thumb Code    94  stm32f7xx_ll_fmc.o(i.FMC_SDRAM_Init)
    FMC_SDRAM_ProgramRefreshRate             0x08001133   Thumb Code    12  stm32f7xx_ll_fmc.o(i.FMC_SDRAM_ProgramRefreshRate)
    FMC_SDRAM_SendCommand                    0x0800113f   Thumb Code    82  stm32f7xx_ll_fmc.o(i.FMC_SDRAM_SendCommand)
    FMC_SDRAM_Timing_Init                    0x08001191   Thumb Code   146  stm32f7xx_ll_fmc.o(i.FMC_SDRAM_Timing_Init)
    FT5206_Init                              0x08001225   Thumb Code   230  ft5206.o(i.FT5206_Init)
    FT5206_RD_Reg                            0x08001325   Thumb Code    88  ft5206.o(i.FT5206_RD_Reg)
    FT5206_Scan                              0x0800137d   Thumb Code   404  ft5206.o(i.FT5206_Scan)
    FT5206_WR_Reg                            0x08001525   Thumb Code    74  ft5206.o(i.FT5206_WR_Reg)
    FTL_BlockCompare                         0x08001571   Thumb Code   184  ftl.o(i.FTL_BlockCompare)
    FTL_CopyAndWriteToBlock                  0x0800165d   Thumb Code   284  ftl.o(i.FTL_CopyAndWriteToBlock)
    FTL_CreateLUT                            0x0800177d   Thumb Code   188  ftl.o(i.FTL_CreateLUT)
    FTL_FindSamePlaneUnusedBlock             0x08001855   Thumb Code    72  ftl.o(i.FTL_FindSamePlaneUnusedBlock)
    FTL_FindUnusedBlock                      0x080018a5   Thumb Code    66  ftl.o(i.FTL_FindUnusedBlock)
    FTL_Format                               0x080018ed   Thumb Code   344  ftl.o(i.FTL_Format)
    FTL_Init                                 0x08001a71   Thumb Code   110  ftl.o(i.FTL_Init)
    FTL_ReadSectors                          0x08001b55   Thumb Code   354  ftl.o(i.FTL_ReadSectors)
    FTL_WriteSectors                         0x08001cbd   Thumb Code   340  ftl.o(i.FTL_WriteSectors)
    GT9147_Init                              0x08001e15   Thumb Code   340  gt9147.o(i.GT9147_Init)
    GT9147_RD_Reg                            0x08001fa5   Thumb Code    98  gt9147.o(i.GT9147_RD_Reg)
    GT9147_Scan                              0x08002009   Thumb Code   478  gt9147.o(i.GT9147_Scan)
    GT9147_WR_Reg                            0x080021fd   Thumb Code    84  gt9147.o(i.GT9147_WR_Reg)
    Get_HzMat                                0x08002251   Thumb Code   184  text.o(i.Get_HzMat)
    HAL_DMA_Abort                            0x0800230d   Thumb Code   166  stm32f7xx_hal_dma.o(i.HAL_DMA_Abort)
    HAL_DMA_Abort_IT                         0x080023b3   Thumb Code    36  stm32f7xx_hal_dma.o(i.HAL_DMA_Abort_IT)
    HAL_DMA_DeInit                           0x080023d9   Thumb Code   124  stm32f7xx_hal_dma.o(i.HAL_DMA_DeInit)
    HAL_DMA_Init                             0x0800245d   Thumb Code   344  stm32f7xx_hal_dma.o(i.HAL_DMA_Init)
    HAL_DMA_Start_IT                         0x080025c1   Thumb Code   170  stm32f7xx_hal_dma.o(i.HAL_DMA_Start_IT)
    HAL_Delay                                0x0800266b   Thumb Code    22  stm32f7xx_hal.o(i.HAL_Delay)
    HAL_GPIO_Init                            0x08002681   Thumb Code   564  stm32f7xx_hal_gpio.o(i.HAL_GPIO_Init)
    HAL_GPIO_ReadPin                         0x080028c5   Thumb Code    10  stm32f7xx_hal_gpio.o(i.HAL_GPIO_ReadPin)
    HAL_GPIO_TogglePin                       0x080028cf   Thumb Code     8  stm32f7xx_hal_gpio.o(i.HAL_GPIO_TogglePin)
    HAL_GPIO_WritePin                        0x080028d7   Thumb Code    10  stm32f7xx_hal_gpio.o(i.HAL_GPIO_WritePin)
    HAL_GetTick                              0x080028e1   Thumb Code     6  stm32f7xx_hal.o(i.HAL_GetTick)
    HAL_IncTick                              0x080028ed   Thumb Code    10  stm32f7xx_hal.o(i.HAL_IncTick)
    HAL_Init                                 0x080028fd   Thumb Code    32  stm32f7xx_hal.o(i.HAL_Init)
    HAL_InitTick                             0x08002921   Thumb Code    34  stm32f7xx_hal.o(i.HAL_InitTick)
    HAL_LTDC_ConfigLayer                     0x08002949   Thumb Code    88  stm32f7xx_hal_ltdc.o(i.HAL_LTDC_ConfigLayer)
    HAL_LTDC_Init                            0x080029a1   Thumb Code   262  stm32f7xx_hal_ltdc.o(i.HAL_LTDC_Init)
    HAL_LTDC_MspInit                         0x08002aad   Thumb Code   216  ltdc.o(i.HAL_LTDC_MspInit)
    HAL_LTDC_SetWindowPosition               0x08002ba1   Thumb Code    88  stm32f7xx_hal_ltdc.o(i.HAL_LTDC_SetWindowPosition)
    HAL_LTDC_SetWindowSize                   0x08002bf9   Thumb Code    84  stm32f7xx_hal_ltdc.o(i.HAL_LTDC_SetWindowSize)
    HAL_MPU_ConfigRegion                     0x08002c4d   Thumb Code    80  stm32f7xx_hal_cortex.o(i.HAL_MPU_ConfigRegion)
    HAL_MspInit                              0x08002ca1   Thumb Code     2  stm32f7xx_hal.o(i.HAL_MspInit)
    HAL_NAND_Init                            0x08002ca3   Thumb Code    82  stm32f7xx_hal_nand.o(i.HAL_NAND_Init)
    HAL_NAND_MspInit                         0x08002cf5   Thumb Code   156  nand.o(i.HAL_NAND_MspInit)
    HAL_NVIC_EnableIRQ                       0x08002da5   Thumb Code    24  stm32f7xx_hal_cortex.o(i.HAL_NVIC_EnableIRQ)
    HAL_NVIC_SetPriority                     0x08002dbd   Thumb Code    94  stm32f7xx_hal_cortex.o(i.HAL_NVIC_SetPriority)
    HAL_NVIC_SetPriorityGrouping             0x08002e21   Thumb Code    30  stm32f7xx_hal_cortex.o(i.HAL_NVIC_SetPriorityGrouping)
    HAL_PWREx_EnableOverDrive                0x08002e45   Thumb Code   114  stm32f7xx_hal_pwr_ex.o(i.HAL_PWREx_EnableOverDrive)
    HAL_QSPI_Command                         0x08002ec1   Thumb Code   146  stm32f7xx_hal_qspi.o(i.HAL_QSPI_Command)
    HAL_QSPI_Init                            0x08002f55   Thumb Code   188  stm32f7xx_hal_qspi.o(i.HAL_QSPI_Init)
    HAL_QSPI_MspInit                         0x08003015   Thumb Code   138  qspi.o(i.HAL_QSPI_MspInit)
    HAL_QSPI_Receive                         0x080030b1   Thumb Code   198  stm32f7xx_hal_qspi.o(i.HAL_QSPI_Receive)
    HAL_QSPI_Transmit                        0x08003177   Thumb Code   188  stm32f7xx_hal_qspi.o(i.HAL_QSPI_Transmit)
    HAL_RCCEx_PeriphCLKConfig                0x08003235   Thumb Code  1872  stm32f7xx_hal_rcc_ex.o(i.HAL_RCCEx_PeriphCLKConfig)
    HAL_RCC_ClockConfig                      0x0800398d   Thumb Code   368  stm32f7xx_hal_rcc.o(i.HAL_RCC_ClockConfig)
    HAL_RCC_GetPCLK1Freq                     0x08003b11   Thumb Code    34  stm32f7xx_hal_rcc.o(i.HAL_RCC_GetPCLK1Freq)
    HAL_RCC_GetPCLK2Freq                     0x08003b41   Thumb Code    34  stm32f7xx_hal_rcc.o(i.HAL_RCC_GetPCLK2Freq)
    HAL_RCC_GetSysClockFreq                  0x08003b71   Thumb Code   136  stm32f7xx_hal_rcc.o(i.HAL_RCC_GetSysClockFreq)
    HAL_RCC_OscConfig                        0x08003c09   Thumb Code   942  stm32f7xx_hal_rcc_ex.o(i.HAL_RCC_OscConfig)
    HAL_SDRAM_Init                           0x08003fcd   Thumb Code    66  stm32f7xx_hal_sdram.o(i.HAL_SDRAM_Init)
    HAL_SDRAM_MspInit                        0x08004011   Thumb Code   196  sdram.o(i.HAL_SDRAM_MspInit)
    HAL_SDRAM_ProgramRefreshRate             0x080040f1   Thumb Code    36  stm32f7xx_hal_sdram.o(i.HAL_SDRAM_ProgramRefreshRate)
    HAL_SDRAM_SendCommand                    0x08004115   Thumb Code    46  stm32f7xx_hal_sdram.o(i.HAL_SDRAM_SendCommand)
    HAL_SD_Get_CardInfo                      0x08004143   Thumb Code   706  stm32f7xx_hal_sd.o(i.HAL_SD_Get_CardInfo)
    HAL_SD_Init                              0x08004405   Thumb Code  1052  stm32f7xx_hal_sd.o(i.HAL_SD_Init)
    HAL_SD_MspInit                           0x08004821   Thumb Code   122  sdmmc_sdcard.o(i.HAL_SD_MspInit)
    HAL_SD_ReadBlocks                        0x080048ad   Thumb Code   444  stm32f7xx_hal_sd.o(i.HAL_SD_ReadBlocks)
    HAL_SD_StopTransfer                      0x08004a69   Thumb Code    44  stm32f7xx_hal_sd.o(i.HAL_SD_StopTransfer)
    HAL_SD_WideBusOperation_Config           0x08004a95   Thumb Code   314  stm32f7xx_hal_sd.o(i.HAL_SD_WideBusOperation_Config)
    HAL_SD_WriteBlocks                       0x08004bcf   Thumb Code   532  stm32f7xx_hal_sd.o(i.HAL_SD_WriteBlocks)
    HAL_SRAM_Init                            0x08004de3   Thumb Code    86  stm32f7xx_hal_sram.o(i.HAL_SRAM_Init)
    HAL_SRAM_MspInit                         0x08004e39   Thumb Code   108  lcd.o(i.HAL_SRAM_MspInit)
    HAL_SYSTICK_CLKSourceConfig              0x08004eb5   Thumb Code    22  stm32f7xx_hal_cortex.o(i.HAL_SYSTICK_CLKSourceConfig)
    HAL_SYSTICK_Config                       0x08004ecd   Thumb Code    38  stm32f7xx_hal_cortex.o(i.HAL_SYSTICK_Config)
    HAL_UART_DMAStop                         0x08004ef9   Thumb Code   120  stm32f7xx_hal_uart.o(i.HAL_UART_DMAStop)
    HAL_UART_ErrorCallback                   0x08004f71   Thumb Code     2  stm32f7xx_hal_uart.o(i.HAL_UART_ErrorCallback)
    HAL_UART_IRQHandler                      0x08004f75   Thumb Code   454  stm32f7xx_hal_uart.o(i.HAL_UART_IRQHandler)
    HAL_UART_Init                            0x08005141   Thumb Code   110  stm32f7xx_hal_uart.o(i.HAL_UART_Init)
    HAL_UART_MspInit                         0x080051b1   Thumb Code   130  usart.o(i.HAL_UART_MspInit)
    HAL_UART_Receive                         0x08005241   Thumb Code   246  stm32f7xx_hal_uart.o(i.HAL_UART_Receive)
    HAL_UART_Receive_DMA                     0x08005339   Thumb Code   138  stm32f7xx_hal_uart.o(i.HAL_UART_Receive_DMA)
    HAL_UART_RxCpltCallback                  0x080053d1   Thumb Code     2  stm32f7xx_hal_uart.o(i.HAL_UART_RxCpltCallback)
    HAL_UART_RxHalfCpltCallback              0x080053d3   Thumb Code     2  stm32f7xx_hal_uart.o(i.HAL_UART_RxHalfCpltCallback)
    HAL_UART_TxCpltCallback                  0x080053d5   Thumb Code     2  stm32f7xx_hal_uart.o(i.HAL_UART_TxCpltCallback)
    HardFault_Handler                        0x080053d7   Thumb Code     2  stm32f7xx_it.o(i.HardFault_Handler)
    IIC_Init                                 0x080053d9   Thumb Code    70  myiic.o(i.IIC_Init)
    IIC_Read_Byte                            0x08005429   Thumb Code   228  myiic.o(i.IIC_Read_Byte)
    IIC_Send_Byte                            0x08005511   Thumb Code   114  myiic.o(i.IIC_Send_Byte)
    IIC_Start                                0x08005589   Thumb Code    76  myiic.o(i.IIC_Start)
    IIC_Stop                                 0x080055d9   Thumb Code    76  myiic.o(i.IIC_Stop)
    IIC_Wait_Ack                             0x08005629   Thumb Code   168  myiic.o(i.IIC_Wait_Ack)
    KEY_Init                                 0x080056d5   Thumb Code   112  key.o(i.KEY_Init)
    Keyboard_GetValue                        0x08005755   Thumb Code   152  keyboard.o(i.Keyboard_GetValue)
    Keyboard_Init                            0x080057f1   Thumb Code   340  keyboard.o(i.Keyboard_Init)
    LCD_Clear                                0x08005975   Thumb Code    72  lcd.o(i.LCD_Clear)
    LCD_Display_Dir                          0x080059cd   Thumb Code   252  lcd.o(i.LCD_Display_Dir)
    LCD_DrawLine                             0x08005ad1   Thumb Code   188  lcd.o(i.LCD_DrawLine)
    LCD_DrawPoint                            0x08005ba1   Thumb Code    40  lcd.o(i.LCD_DrawPoint)
    LCD_DrawRectangle                        0x08005bd9   Thumb Code    58  lcd.o(i.LCD_DrawRectangle)
    LCD_Draw_Circle                          0x08005c15   Thumb Code   458  lcd.o(i.LCD_Draw_Circle)
    LCD_Fast_DrawPoint                       0x08005df5   Thumb Code   594  lcd.o(i.LCD_Fast_DrawPoint)
    LCD_Fill                                 0x08006055   Thumb Code   108  lcd.o(i.LCD_Fill)
    LCD_Init                                 0x080060cd   Thumb Code 18978  lcd.o(i.LCD_Init)
    LCD_MPU_Config                           0x0800ab09   Thumb Code   100  lcd.o(i.LCD_MPU_Config)
    LCD_SSD_BackLightSet                     0x0800ab79   Thumb Code   170  lcd.o(i.LCD_SSD_BackLightSet)
    LCD_Scan_Dir                             0x0800ac39   Thumb Code   786  lcd.o(i.LCD_Scan_Dir)
    LCD_SetCursor                            0x0800af55   Thumb Code   692  lcd.o(i.LCD_SetCursor)
    LCD_ShowChar                             0x0800b211   Thumb Code   272  lcd.o(i.LCD_ShowChar)
    LCD_ShowNum                              0x0800b32d   Thumb Code   158  lcd.o(i.LCD_ShowNum)
    LCD_ShowString                           0x0800b3d1   Thumb Code    98  lcd.o(i.LCD_ShowString)
    LED_Init                                 0x0800b435   Thumb Code    68  led.o(i.LED_Init)
    LTDC_Clear                               0x0800b481   Thumb Code    28  ltdc.o(i.LTDC_Clear)
    LTDC_Display_Dir                         0x0800b4a1   Thumb Code    34  ltdc.o(i.LTDC_Display_Dir)
    LTDC_Draw_Point                          0x0800b4c9   Thumb Code    58  ltdc.o(i.LTDC_Draw_Point)
    LTDC_Fill                                0x0800b50d   Thumb Code   166  ltdc.o(i.LTDC_Fill)
    LTDC_Init                                0x0800b5c5   Thumb Code   470  ltdc.o(i.LTDC_Init)
    LTDC_Layer_Parameter_Config              0x0800b7b9   Thumb Code    86  ltdc.o(i.LTDC_Layer_Parameter_Config)
    LTDC_PanelID_Read                        0x0800b819   Thumb Code   176  ltdc.o(i.LTDC_PanelID_Read)
    MPU_Memory_Protection                    0x0800baa3   Thumb Code    54  mpu.o(i.MPU_Memory_Protection)
    MPU_Set_Protection                       0x0800bad9   Thumb Code   104  mpu.o(i.MPU_Set_Protection)
    MYDMA_Config                             0x0800bb49   Thumb Code    96  dma.o(i.MYDMA_Config)
    MemManage_Handler                        0x0800bbb9   Thumb Code    64  mpu.o(i.MemManage_Handler)
    NAND_CopyPageWithWrite                   0x0800bc31   Thumb Code   484  nand.o(i.NAND_CopyPageWithWrite)
    NAND_CopyPageWithoutWrite                0x0800be21   Thumb Code   116  nand.o(i.NAND_CopyPageWithoutWrite)
    NAND_ECC_Correction                      0x0800bea1   Thumb Code   110  nand.o(i.NAND_ECC_Correction)
    NAND_ECC_Get_OE                          0x0800bf3d   Thumb Code    56  nand.o(i.NAND_ECC_Get_OE)
    NAND_EraseBlock                          0x0800bf75   Thumb Code    64  nand.o(i.NAND_EraseBlock)
    NAND_Init                                0x0800bfc9   Thumb Code   250  nand.o(i.NAND_Init)
    NAND_MPU_Config                          0x0800c0f1   Thumb Code    98  nand.o(i.NAND_MPU_Config)
    NAND_ReadPage                            0x0800c15d   Thumb Code   636  nand.o(i.NAND_ReadPage)
    NAND_ReadPageComp                        0x0800c435   Thumb Code   102  nand.o(i.NAND_ReadPageComp)
    NAND_ReadSpare                           0x0800c4a5   Thumb Code    36  nand.o(i.NAND_ReadSpare)
    NAND_WaitForReady                        0x0800c4cd   Thumb Code   124  nand.o(i.NAND_WaitForReady)
    NAND_WaitRB                              0x0800c551   Thumb Code    72  nand.o(i.NAND_WaitRB)
    NAND_WritePage                           0x0800c59d   Thumb Code   376  nand.o(i.NAND_WritePage)
    NAND_WritePageConst                      0x0800c721   Thumb Code    80  nand.o(i.NAND_WritePageConst)
    NAND_WriteSpare                          0x0800c779   Thumb Code    40  nand.o(i.NAND_WriteSpare)
    NMI_Handler                              0x0800c7a5   Thumb Code     2  stm32f7xx_it.o(i.NMI_Handler)
    OTT2001A_Init                            0x0800c7a9   Thumb Code   224  ott2001a.o(i.OTT2001A_Init)
    OTT2001A_RD_Reg                          0x0800c8a1   Thumb Code    98  ott2001a.o(i.OTT2001A_RD_Reg)
    OTT2001A_Scan                            0x0800c909   Thumb Code   444  ott2001a.o(i.OTT2001A_Scan)
    PCF8574_Init                             0x0800caf5   Thumb Code   114  pcf8574.o(i.PCF8574_Init)
    PCF8574_WriteBit                         0x0800cb71   Thumb Code    84  pcf8574.o(i.PCF8574_WriteBit)
    PendSV_Handler                           0x0800cbc5   Thumb Code     2  stm32f7xx_it.o(i.PendSV_Handler)
    QSPI_Init                                0x0800ce0d   Thumb Code    60  qspi.o(i.QSPI_Init)
    QSPI_Receive                             0x0800ce51   Thumb Code    30  qspi.o(i.QSPI_Receive)
    QSPI_Send_CMD                            0x0800ce75   Thumb Code    54  qspi.o(i.QSPI_Send_CMD)
    QSPI_Transmit                            0x0800ceb1   Thumb Code    30  qspi.o(i.QSPI_Transmit)
    SDMMC_DataConfig                         0x0800cf2f   Thumb Code    36  stm32f7xx_ll_sdmmc.o(i.SDMMC_DataConfig)
    SDMMC_GetCommandResponse                 0x0800cf53   Thumb Code     6  stm32f7xx_ll_sdmmc.o(i.SDMMC_GetCommandResponse)
    SDMMC_GetPowerState                      0x0800cf59   Thumb Code     8  stm32f7xx_ll_sdmmc.o(i.SDMMC_GetPowerState)
    SDMMC_GetResponse                        0x0800cf61   Thumb Code    14  stm32f7xx_ll_sdmmc.o(i.SDMMC_GetResponse)
    SDMMC_Init                               0x0800cf6f   Thumb Code    44  stm32f7xx_ll_sdmmc.o(i.SDMMC_Init)
    SDMMC_PowerState_ON                      0x0800cf9b   Thumb Code     8  stm32f7xx_ll_sdmmc.o(i.SDMMC_PowerState_ON)
    SDMMC_ReadFIFO                           0x0800cfa3   Thumb Code     6  stm32f7xx_ll_sdmmc.o(i.SDMMC_ReadFIFO)
    SDMMC_SendCommand                        0x0800cfa9   Thumb Code    32  stm32f7xx_ll_sdmmc.o(i.SDMMC_SendCommand)
    SDMMC_WriteFIFO                          0x0800cfc9   Thumb Code    10  stm32f7xx_ll_sdmmc.o(i.SDMMC_WriteFIFO)
    SDRAM_Init                               0x0800cfd5   Thumb Code   152  sdram.o(i.SDRAM_Init)
    SDRAM_Send_Cmd                           0x0800d075   Thumb Code    60  sdram.o(i.SDRAM_Send_Cmd)
    SD_Init                                  0x0800d2f9   Thumb Code    56  sdmmc_sdcard.o(i.SD_Init)
    SD_ReadDisk                              0x0800d4cd   Thumb Code   130  sdmmc_sdcard.o(i.SD_ReadDisk)
    SD_WriteDisk                             0x0800d559   Thumb Code   130  sdmmc_sdcard.o(i.SD_WriteDisk)
    SVC_Handler                              0x0800d5e5   Thumb Code     2  stm32f7xx_it.o(i.SVC_Handler)
    Show_Str                                 0x0800d5e9   Thumb Code   382  text.o(i.Show_Str)
    Stm32_Clock_Init                         0x0800d771   Thumb Code   152  sys.o(i.Stm32_Clock_Init)
    SysTick_Handler                          0x0800d811   Thumb Code     4  stm32f7xx_it.o(i.SysTick_Handler)
    SystemInit                               0x0800d815   Thumb Code    64  system_stm32f7xx.o(i.SystemInit)
    TP_Adj_Info_Show                         0x0800d86d   Thumb Code   320  touch.o(i.TP_Adj_Info_Show)
    TP_Adjust                                0x0800d9e1   Thumb Code  1710  touch.o(i.TP_Adjust)
    TP_Drow_Touch_Point                      0x0800e0c5   Thumb Code   106  touch.o(i.TP_Drow_Touch_Point)
    TP_Get_Adjdata                           0x0800e135   Thumb Code   134  touch.o(i.TP_Get_Adjdata)
    TP_Init                                  0x0800e1c5   Thumb Code   296  touch.o(i.TP_Init)
    TP_Read_AD                               0x0800e315   Thumb Code   242  touch.o(i.TP_Read_AD)
    TP_Read_XOY                              0x0800e415   Thumb Code   112  touch.o(i.TP_Read_XOY)
    TP_Read_XY2                              0x0800e485   Thumb Code   142  touch.o(i.TP_Read_XY2)
    TP_Save_Adjdata                          0x0800e519   Thumb Code   110  touch.o(i.TP_Save_Adjdata)
    TP_Scan                                  0x0800e591   Thumb Code   190  touch.o(i.TP_Scan)
    UART_AdvFeatureConfig                    0x0800e659   Thumb Code   218  stm32f7xx_hal_uart.o(i.UART_AdvFeatureConfig)
    UART_CheckIdleState                      0x0800e733   Thumb Code    96  stm32f7xx_hal_uart.o(i.UART_CheckIdleState)
    UART_SetConfig                           0x0800e8d9   Thumb Code   664  stm32f7xx_hal_uart.o(i.UART_SetConfig)
    UART_WaitOnFlagUntilTimeout              0x0800eb81   Thumb Code   116  stm32f7xx_hal_uart.o(i.UART_WaitOnFlagUntilTimeout)
    USART1_IRQHandler                        0x0800ebf5   Thumb Code   108  usart.o(i.USART1_IRQHandler)
    UsageFault_Handler                       0x0800ec6d   Thumb Code     2  stm32f7xx_it.o(i.UsageFault_Handler)
    W25QXX_Erase_Sector                      0x0800ec6f   Thumb Code    64  w25qxx.o(i.W25QXX_Erase_Sector)
    W25QXX_Init                              0x0800ecb1   Thumb Code   200  w25qxx.o(i.W25QXX_Init)
    W25QXX_Read                              0x0800ed7d   Thumb Code    50  w25qxx.o(i.W25QXX_Read)
    W25QXX_ReadSR                            0x0800edb1   Thumb Code   100  w25qxx.o(i.W25QXX_ReadSR)
    W25QXX_Write                             0x0800ee19   Thumb Code   408  w25qxx.o(i.W25QXX_Write)
    W25QXX_Write_Enable                      0x0800efb5   Thumb Code    60  w25qxx.o(i.W25QXX_Write_Enable)
    W25QXX_Write_SR                          0x0800eff5   Thumb Code    88  w25qxx.o(i.W25QXX_Write_SR)
    __hardfp_sqrt                            0x0800f051   Thumb Code   102  sqrt.o(i.__hardfp_sqrt)
    _sys_exit                                0x0800f0b7   Thumb Code     2  usart.o(i._sys_exit)
    delay_init                               0x0800f3a9   Thumb Code    16  delay.o(i.delay_init)
    delay_ms                                 0x0800f3bd   Thumb Code    70  delay.o(i.delay_ms)
    delay_us                                 0x0800f409   Thumb Code    46  delay.o(i.delay_us)
    disk_initialize                          0x0800fea1   Thumb Code    40  diskio.o(i.disk_initialize)
    disk_ioctl                               0x0800fec9   Thumb Code   164  diskio.o(i.disk_ioctl)
    disk_read                                0x0800ff75   Thumb Code   106  diskio.o(i.disk_read)
    disk_status                              0x0800ffdf   Thumb Code     4  diskio.o(i.disk_status)
    disk_write                               0x0800ffe3   Thumb Code   106  diskio.o(i.disk_write)
    exfuns_init                              0x0801004d   Thumb Code    96  exfuns.o(i.exfuns_init)
    f_close                                  0x080100b5   Thumb Code    32  ff.o(i.f_close)
    f_mount                                  0x080100d5   Thumb Code    78  ff.o(i.f_mount)
    f_open                                   0x08010129   Thumb Code   714  ff.o(i.f_open)
    f_read                                   0x080103f3   Thumb Code   478  ff.o(i.f_read)
    f_sync                                   0x080105d1   Thumb Code   442  ff.o(i.f_sync)
    ff_convert                               0x0801078d   Thumb Code   116  mycc936.o(i.ff_convert)
    ff_memalloc                              0x08010805   Thumb Code     8  diskio.o(i.ff_memalloc)
    ff_memfree                               0x0801080d   Thumb Code     8  diskio.o(i.ff_memfree)
    ff_wtoupper                              0x08010815   Thumb Code    30  mycc936.o(i.ff_wtoupper)
    font_init                                0x080110fd   Thumb Code    56  fontupd.o(i.font_init)
    fputc                                    0x08011139   Thumb Code    16  usart.o(i.fputc)
    fupd_prog                                0x0801114d   Thumb Code   120  fontupd.o(i.fupd_prog)
    get_fattime                              0x08011333   Thumb Code     4  diskio.o(i.get_fattime)
    key_check                                0x080113a1   Thumb Code   390  keyboard.o(i.key_check)
    main                                     0x08011725   Thumb Code   542  main.o(i.main)
    my_mem_init                              0x08011a39   Thumb Code    52  malloc.o(i.my_mem_init)
    my_mem_malloc                            0x08011a75   Thumb Code   134  malloc.o(i.my_mem_malloc)
    my_mem_perused                           0x08011b09   Thumb Code    58  malloc.o(i.my_mem_perused)
    myfree                                   0x08011b4d   Thumb Code    98  malloc.o(i.myfree)
    mymalloc                                 0x08011bbd   Thumb Code    30  malloc.o(i.mymalloc)
    sim900a_key_staset                       0x08011e65   Thumb Code   362  keyboard.o(i.sim900a_key_staset)
    uart_init                                0x080121e5   Thumb Code    28  usart.o(i.uart_init)
    updata_fontx                             0x08012209   Thumb Code   394  fontupd.o(i.updata_fontx)
    update_font                              0x080123a9   Thumb Code   510  fontupd.o(i.update_font)
    _fp_init                                 0x0801260f   Thumb Code    10  fpinit.o(x$fpl$fpinit)
    __fplib_config_fpu_vfp                   0x08012617   Thumb Code     0  fpinit.o(x$fpl$fpinit)
    __fplib_config_pureend_doubles           0x08012617   Thumb Code     0  fpinit.o(x$fpl$fpinit)
    AHBPrescTable                            0x08012618   Data          16  system_stm32f7xx.o(.constdata)
    __I$use$fp                               0x08012618   Number         0  usenofp.o(x$fpl$usenofp)
    APBPrescTable                            0x08012628   Data           8  system_stm32f7xx.o(.constdata)
    asc2_1206                                0x08012638   Data        1140  lcd.o(.constdata)
    asc2_1608                                0x08012aac   Data        1520  lcd.o(.constdata)
    asc2_2412                                0x0801309c   Data        3420  lcd.o(.constdata)
    asc2_3216                                0x08013df8   Data       12160  lcd.o(.constdata)
    FT5206_TPX_TBL                           0x08016d78   Data          10  ft5206.o(.constdata)
    GT9147_CFG_TBL                           0x08016d82   Data         184  gt9147.o(.constdata)
    GT9147_TPX_TBL                           0x08016e3a   Data          10  gt9147.o(.constdata)
    OTT_TPX_TBL                              0x08016e44   Data          10  ott2001a.o(.constdata)
    TP_REMIND_MSG_TBL                        0x08016e50   Data           4  touch.o(.constdata)
    memtblsize                               0x08016e54   Data          12  malloc.o(.constdata)
    memblksize                               0x08016e60   Data          12  malloc.o(.constdata)
    memsize                                  0x08016e6c   Data          12  malloc.o(.constdata)
    GBK_PATH                                 0x08017284   Data          20  fontupd.o(.constdata)
    UPDATE_REMIND_TBL                        0x08017298   Data          20  fontupd.o(.constdata)
    Region$$Table$$Base                      0x08017440   Number         0  anon$$obj.o(Region$$Table)
    Region$$Table$$Limit                     0x08017460   Number         0  anon$$obj.o(Region$$Table)
    mem3base                                 0x20000000   Data       61440  malloc.o(.ARM.__AT_0x20000000)
    mem3mapbase                              0x2000f000   Data        3840  malloc.o(.ARM.__AT_0x2000F000)
    KEY_VALUE                                0x20020000   Data           1  main.o(.data)
    SystemCoreClock                          0x20020004   Data           4  system_stm32f7xx.o(.data)
    uwTick                                   0x20020008   Data           4  stm32f7xx_hal.o(.data)
    USART_RX_STA                             0x20020010   Data           2  usart.o(.data)
    __stdout                                 0x20020014   Data           4  usart.o(.data)
    POINT_COLOR                              0x20020018   Data           4  lcd.o(.data)
    BACK_COLOR                               0x2002001c   Data           4  lcd.o(.data)
    ltdc_framebuf                            0x20020020   Data           8  ltdc.o(.data)
    W25QXX_QPI_MODE                          0x2002002c   Data           1  w25qxx.o(.data)
    W25QXX_TYPE                              0x2002002e   Data           2  w25qxx.o(.data)
    CMD_RDX                                  0x20020034   Data           1  touch.o(.data)
    CMD_RDY                                  0x20020035   Data           1  touch.o(.data)
    tp_dev                                   0x20020038   Data          52  touch.o(.data)
    key_value                                0x20020070   Data           6  keyboard.o(.data)
    chr_value                                0x20020076   Data           6  keyboard.o(.data)
    mallco_dev                               0x2002007c   Data          36  malloc.o(.data)
    file                                     0x200200a4   Data           4  exfuns.o(.data)
    ftemp                                    0x200200a8   Data           4  exfuns.o(.data)
    fatbuf                                   0x200200ac   Data           4  exfuns.o(.data)
    USART_RX_BUF                             0x200200b0   Data         200  usart.o(.bss)
    UART1_Handler                            0x20020178   Data         112  usart.o(.bss)
    SDRAM_Handler                            0x200201e8   Data          52  sdram.o(.bss)
    SRAM_Handler                             0x2002021c   Data          76  lcd.o(.bss)
    lcddev                                   0x20020268   Data          14  lcd.o(.bss)
    LTDC_Handler                             0x20020278   Data         168  ltdc.o(.bss)
    lcdltdc                                  0x20020320   Data          32  ltdc.o(.bss)
    NAND_Handler                             0x20020340   Data          56  nand.o(.bss)
    nand_dev                                 0x20020378   Data          92  nand.o(.bss)
    SDCARD_Handler                           0x200203d8   Data          96  sdmmc_sdcard.o(.bss)
    SDCardInfo                               0x20020438   Data          88  sdmmc_sdcard.o(.bss)
    SDIO_DATA_BUFFER                         0x20020490   Data         512  sdmmc_sdcard.o(.bss)
    W25QXX_BUFFER                            0x20020690   Data        4096  w25qxx.o(.bss)
    QSPI_Handler                             0x20021690   Data          68  qspi.o(.bss)
    UART1RxDMA_Handler                       0x200216d4   Data          96  dma.o(.bss)
    mem1base                                 0x20021740   Data       163840  malloc.o(.bss)
    mem1mapbase                              0x20049740   Data       10240  malloc.o(.bss)
    fs                                       0x2004bf4c   Data          12  exfuns.o(.bss)
    ftinfo                                   0x2004bf58   Data          41  fontupd.o(.bss)
    __libspace_start                         0x2004bf84   Data          96  libspace.o(.bss)
    __temporary_stack_top$libspace           0x2004bfe4   Data           0  libspace.o(.bss)
    ltdc_lcd_framebuf                        0xc0000000   Data       2048000  ltdc.o(.ARM.__AT_0xC0000000)
    mem2base                                 0xc01f4000   Data       29605888  malloc.o(.ARM.__AT_0xC01F4000)
    mem2mapbase                              0xc1e30000   Data       1850368  malloc.o(.ARM.__AT_0xC1E30000)



==============================================================================

Memory Map of the image

  Image Entry point : 0x080001f9

  Load Region LR_IROM1 (Base: 0x08000000, Size: 0x00017510, Max: 0x00100000, ABSOLUTE)

    Execution Region ER_IROM1 (Exec base: 0x08000000, Load base: 0x08000000, Size: 0x00017460, Max: 0x00100000, ABSOLUTE)

    Exec Addr    Load Addr    Size         Type   Attr      Idx    E Section Name        Object

    0x08000000   0x08000000   0x000001f8   Data   RO          628    RESET               startup_stm32f767xx.o
    0x080001f8   0x080001f8   0x00000008   Code   RO         6933  * !!!main             c_w.l(__main.o)
    0x08000200   0x08000200   0x00000034   Code   RO         7140    !!!scatter          c_w.l(__scatter.o)
    0x08000234   0x08000234   0x0000001a   Code   RO         7142    !!handler_copy      c_w.l(__scatter_copy.o)
    0x0800024e   0x0800024e   0x00000002   PAD
    0x08000250   0x08000250   0x0000001c   Code   RO         7144    !!handler_zi        c_w.l(__scatter_zi.o)
    0x0800026c   0x0800026c   0x00000000   Code   RO         6917    .ARM.Collect$$_printf_percent$$00000000  c_w.l(_printf_percent.o)
    0x0800026c   0x0800026c   0x00000006   Code   RO         6916    .ARM.Collect$$_printf_percent$$00000009  c_w.l(_printf_d.o)
    0x08000272   0x08000272   0x00000006   Code   RO         6915    .ARM.Collect$$_printf_percent$$0000000C  c_w.l(_printf_x.o)
    0x08000278   0x08000278   0x00000006   Code   RO         6914    .ARM.Collect$$_printf_percent$$00000014  c_w.l(_printf_s.o)
    0x0800027e   0x0800027e   0x00000004   Code   RO         6964    .ARM.Collect$$_printf_percent$$00000017  c_w.l(_printf_percent_end.o)
    0x08000282   0x08000282   0x00000002   Code   RO         7017    .ARM.Collect$$libinit$$00000000  c_w.l(libinit.o)
    0x08000284   0x08000284   0x00000004   Code   RO         7026    .ARM.Collect$$libinit$$00000001  c_w.l(libinit2.o)
    0x08000288   0x08000288   0x00000000   Code   RO         7029    .ARM.Collect$$libinit$$00000004  c_w.l(libinit2.o)
    0x08000288   0x08000288   0x00000000   Code   RO         7032    .ARM.Collect$$libinit$$0000000A  c_w.l(libinit2.o)
    0x08000288   0x08000288   0x00000000   Code   RO         7034    .ARM.Collect$$libinit$$0000000C  c_w.l(libinit2.o)
    0x08000288   0x08000288   0x00000000   Code   RO         7036    .ARM.Collect$$libinit$$0000000E  c_w.l(libinit2.o)
    0x08000288   0x08000288   0x00000000   Code   RO         7039    .ARM.Collect$$libinit$$00000011  c_w.l(libinit2.o)
    0x08000288   0x08000288   0x00000000   Code   RO         7041    .ARM.Collect$$libinit$$00000013  c_w.l(libinit2.o)
    0x08000288   0x08000288   0x00000000   Code   RO         7043    .ARM.Collect$$libinit$$00000015  c_w.l(libinit2.o)
    0x08000288   0x08000288   0x00000000   Code   RO         7045    .ARM.Collect$$libinit$$00000017  c_w.l(libinit2.o)
    0x08000288   0x08000288   0x00000000   Code   RO         7047    .ARM.Collect$$libinit$$00000019  c_w.l(libinit2.o)
    0x08000288   0x08000288   0x00000000   Code   RO         7049    .ARM.Collect$$libinit$$0000001B  c_w.l(libinit2.o)
    0x08000288   0x08000288   0x00000000   Code   RO         7051    .ARM.Collect$$libinit$$0000001D  c_w.l(libinit2.o)
    0x08000288   0x08000288   0x00000000   Code   RO         7053    .ARM.Collect$$libinit$$0000001F  c_w.l(libinit2.o)
    0x08000288   0x08000288   0x00000000   Code   RO         7055    .ARM.Collect$$libinit$$00000021  c_w.l(libinit2.o)
    0x08000288   0x08000288   0x00000000   Code   RO         7057    .ARM.Collect$$libinit$$00000023  c_w.l(libinit2.o)
    0x08000288   0x08000288   0x00000000   Code   RO         7059    .ARM.Collect$$libinit$$00000025  c_w.l(libinit2.o)
    0x08000288   0x08000288   0x00000000   Code   RO         7063    .ARM.Collect$$libinit$$0000002C  c_w.l(libinit2.o)
    0x08000288   0x08000288   0x00000000   Code   RO         7065    .ARM.Collect$$libinit$$0000002E  c_w.l(libinit2.o)
    0x08000288   0x08000288   0x00000000   Code   RO         7067    .ARM.Collect$$libinit$$00000030  c_w.l(libinit2.o)
    0x08000288   0x08000288   0x00000000   Code   RO         7069    .ARM.Collect$$libinit$$00000032  c_w.l(libinit2.o)
    0x08000288   0x08000288   0x00000002   Code   RO         7070    .ARM.Collect$$libinit$$00000033  c_w.l(libinit2.o)
    0x0800028a   0x0800028a   0x00000002   Code   RO         7096    .ARM.Collect$$libshutdown$$00000000  c_w.l(libshutdown.o)
    0x0800028c   0x0800028c   0x00000000   Code   RO         7123    .ARM.Collect$$libshutdown$$00000002  c_w.l(libshutdown2.o)
    0x0800028c   0x0800028c   0x00000000   Code   RO         7125    .ARM.Collect$$libshutdown$$00000004  c_w.l(libshutdown2.o)
    0x0800028c   0x0800028c   0x00000000   Code   RO         7128    .ARM.Collect$$libshutdown$$00000007  c_w.l(libshutdown2.o)
    0x0800028c   0x0800028c   0x00000000   Code   RO         7131    .ARM.Collect$$libshutdown$$0000000A  c_w.l(libshutdown2.o)
    0x0800028c   0x0800028c   0x00000000   Code   RO         7133    .ARM.Collect$$libshutdown$$0000000C  c_w.l(libshutdown2.o)
    0x0800028c   0x0800028c   0x00000000   Code   RO         7136    .ARM.Collect$$libshutdown$$0000000F  c_w.l(libshutdown2.o)
    0x0800028c   0x0800028c   0x00000002   Code   RO         7137    .ARM.Collect$$libshutdown$$00000010  c_w.l(libshutdown2.o)
    0x0800028e   0x0800028e   0x00000000   Code   RO         6949    .ARM.Collect$$rtentry$$00000000  c_w.l(__rtentry.o)
    0x0800028e   0x0800028e   0x00000000   Code   RO         6972    .ARM.Collect$$rtentry$$00000002  c_w.l(__rtentry2.o)
    0x0800028e   0x0800028e   0x00000006   Code   RO         6984    .ARM.Collect$$rtentry$$00000004  c_w.l(__rtentry4.o)
    0x08000294   0x08000294   0x00000000   Code   RO         6974    .ARM.Collect$$rtentry$$00000009  c_w.l(__rtentry2.o)
    0x08000294   0x08000294   0x00000004   Code   RO         6975    .ARM.Collect$$rtentry$$0000000A  c_w.l(__rtentry2.o)
    0x08000298   0x08000298   0x00000000   Code   RO         6977    .ARM.Collect$$rtentry$$0000000C  c_w.l(__rtentry2.o)
    0x08000298   0x08000298   0x00000008   Code   RO         6978    .ARM.Collect$$rtentry$$0000000D  c_w.l(__rtentry2.o)
    0x080002a0   0x080002a0   0x00000002   Code   RO         7018    .ARM.Collect$$rtexit$$00000000  c_w.l(rtexit.o)
    0x080002a2   0x080002a2   0x00000000   Code   RO         7072    .ARM.Collect$$rtexit$$00000002  c_w.l(rtexit2.o)
    0x080002a2   0x080002a2   0x00000004   Code   RO         7073    .ARM.Collect$$rtexit$$00000003  c_w.l(rtexit2.o)
    0x080002a6   0x080002a6   0x00000006   Code   RO         7074    .ARM.Collect$$rtexit$$00000004  c_w.l(rtexit2.o)
    0x080002ac   0x080002ac   0x00000010   Code   RO         4280    .emb_text           sys.o
    0x080002bc   0x080002bc   0x00000040   Code   RO          629    .text               startup_stm32f767xx.o
    0x080002fc   0x080002fc   0x00000002   Code   RO         6856    .text               c_w.l(use_no_semi_2.o)
    0x080002fe   0x080002fe   0x000000ee   Code   RO         6858    .text               c_w.l(lludivv7m.o)
    0x080003ec   0x080003ec   0x00000018   Code   RO         6862    .text               c_w.l(noretval__2printf.o)
    0x08000404   0x08000404   0x00000052   Code   RO         6866    .text               c_w.l(_printf_str.o)
    0x08000456   0x08000456   0x00000002   PAD
    0x08000458   0x08000458   0x00000078   Code   RO         6868    .text               c_w.l(_printf_dec.o)
    0x080004d0   0x080004d0   0x00000058   Code   RO         6875    .text               c_w.l(_printf_hex_int.o)
    0x08000528   0x08000528   0x000000ec   Code   RO         6898    .text               c_w.l(__printf_flags_ss.o)
    0x08000614   0x08000614   0x00000048   Code   RO         6919    .text               c_w.l(strcpy.o)
    0x0800065c   0x0800065c   0x00000018   Code   RO         6923    .text               c_w.l(strcat.o)
    0x08000674   0x08000674   0x0000008a   Code   RO         6925    .text               c_w.l(rt_memcpy_v6.o)
    0x080006fe   0x080006fe   0x00000044   Code   RO         6927    .text               c_w.l(rt_memclr.o)
    0x08000742   0x08000742   0x00000002   PAD
    0x08000744   0x08000744   0x00000068   Code   RO         6929    .text               c_w.l(strcmpv7m_pel.o)
    0x080007ac   0x080007ac   0x00000006   Code   RO         6931    .text               c_w.l(heapauxi.o)
    0x080007b2   0x080007b2   0x00000002   Code   RO         6947    .text               c_w.l(use_no_semi.o)
    0x080007b4   0x080007b4   0x00000016   Code   RO         6956    .text               c_w.l(_rserrno.o)
    0x080007ca   0x080007ca   0x000000b2   Code   RO         6958    .text               c_w.l(_printf_intcommon.o)
    0x0800087c   0x0800087c   0x0000002c   Code   RO         6960    .text               c_w.l(_printf_char.o)
    0x080008a8   0x080008a8   0x00000024   Code   RO         6962    .text               c_w.l(_printf_char_file.o)
    0x080008cc   0x080008cc   0x00000064   Code   RO         6966    .text               c_w.l(rt_memcpy_w.o)
    0x08000930   0x08000930   0x0000004e   Code   RO         6968    .text               c_w.l(rt_memclr_w.o)
    0x0800097e   0x0800097e   0x00000002   PAD
    0x08000980   0x08000980   0x00000008   Code   RO         6991    .text               c_w.l(rt_errno_addr_intlibspace.o)
    0x08000988   0x08000988   0x00000030   Code   RO         6993    .text               c_w.l(_printf_char_common.o)
    0x080009b8   0x080009b8   0x00000008   Code   RO         6995    .text               c_w.l(ferror.o)
    0x080009c0   0x080009c0   0x00000008   Code   RO         6999    .text               c_w.l(libspace.o)
    0x080009c8   0x080009c8   0x0000004a   Code   RO         7002    .text               c_w.l(sys_stackheap_outer.o)
    0x08000a12   0x08000a12   0x00000012   Code   RO         7006    .text               c_w.l(exit.o)
    0x08000a24   0x08000a24   0x00000004   Code   RO         5414    i.AT24CXX_Init      24cxx.o
    0x08000a28   0x08000a28   0x0000006a   Code   RO         5416    i.AT24CXX_ReadLenByte  24cxx.o
    0x08000a92   0x08000a92   0x00000042   Code   RO         5417    i.AT24CXX_ReadOneByte  24cxx.o
    0x08000ad4   0x08000ad4   0x00000064   Code   RO         5419    i.AT24CXX_WriteLenByte  24cxx.o
    0x08000b38   0x08000b38   0x0000003e   Code   RO         5420    i.AT24CXX_WriteOneByte  24cxx.o
    0x08000b76   0x08000b76   0x00000004   Code   RO         5935    i.Beep_Init         beep.o
    0x08000b7a   0x08000b7a   0x00000002   Code   RO          398    i.BusFault_Handler  stm32f7xx_it.o
    0x08000b7c   0x08000b7c   0x0000005c   Code   RO         5547    i.CT_IIC_Init       ctiic.o
    0x08000bd8   0x08000bd8   0x00000100   Code   RO         5549    i.CT_IIC_Read_Byte  ctiic.o
    0x08000cd8   0x08000cd8   0x00000080   Code   RO         5550    i.CT_IIC_Send_Byte  ctiic.o
    0x08000d58   0x08000d58   0x00000058   Code   RO         5551    i.CT_IIC_Start      ctiic.o
    0x08000db0   0x08000db0   0x0000004c   Code   RO         5552    i.CT_IIC_Stop       ctiic.o
    0x08000dfc   0x08000dfc   0x000000ac   Code   RO         5553    i.CT_IIC_Wait_Ack   ctiic.o
    0x08000ea8   0x08000ea8   0x00000088   Code   RO         4281    i.Cache_Enable      sys.o
    0x08000f30   0x08000f30   0x00000002   Code   RO          399    i.DebugMon_Handler  stm32f7xx_it.o
    0x08000f32   0x08000f32   0x0000001c   Code   RO         2832    i.FMC_NAND_AttributeSpace_Timing_Init  stm32f7xx_ll_fmc.o
    0x08000f4e   0x08000f4e   0x0000001c   Code   RO         2833    i.FMC_NAND_CommonSpace_Timing_Init  stm32f7xx_ll_fmc.o
    0x08000f6a   0x08000f6a   0x00000002   PAD
    0x08000f6c   0x08000f6c   0x00000040   Code   RO         2838    i.FMC_NAND_Init     stm32f7xx_ll_fmc.o
    0x08000fac   0x08000fac   0x00000048   Code   RO         2840    i.FMC_NORSRAM_Extended_Timing_Init  stm32f7xx_ll_fmc.o
    0x08000ff4   0x08000ff4   0x0000007c   Code   RO         2841    i.FMC_NORSRAM_Init  stm32f7xx_ll_fmc.o
    0x08001070   0x08001070   0x00000064   Code   RO         2842    i.FMC_NORSRAM_Timing_Init  stm32f7xx_ll_fmc.o
    0x080010d4   0x080010d4   0x0000005e   Code   RO         2847    i.FMC_SDRAM_Init    stm32f7xx_ll_fmc.o
    0x08001132   0x08001132   0x0000000c   Code   RO         2848    i.FMC_SDRAM_ProgramRefreshRate  stm32f7xx_ll_fmc.o
    0x0800113e   0x0800113e   0x00000052   Code   RO         2849    i.FMC_SDRAM_SendCommand  stm32f7xx_ll_fmc.o
    0x08001190   0x08001190   0x00000092   Code   RO         2851    i.FMC_SDRAM_Timing_Init  stm32f7xx_ll_fmc.o
    0x08001222   0x08001222   0x00000002   PAD
    0x08001224   0x08001224   0x00000100   Code   RO         5617    i.FT5206_Init       ft5206.o
    0x08001324   0x08001324   0x00000058   Code   RO         5618    i.FT5206_RD_Reg     ft5206.o
    0x0800137c   0x0800137c   0x000001a8   Code   RO         5619    i.FT5206_Scan       ft5206.o
    0x08001524   0x08001524   0x0000004a   Code   RO         5620    i.FT5206_WR_Reg     ft5206.o
    0x0800156e   0x0800156e   0x00000002   PAD
    0x08001570   0x08001570   0x000000ec   Code   RO         4841    i.FTL_BlockCompare  ftl.o
    0x0800165c   0x0800165c   0x00000120   Code   RO         4843    i.FTL_CopyAndWriteToBlock  ftl.o
    0x0800177c   0x0800177c   0x000000d8   Code   RO         4844    i.FTL_CreateLUT     ftl.o
    0x08001854   0x08001854   0x00000050   Code   RO         4845    i.FTL_FindSamePlaneUnusedBlock  ftl.o
    0x080018a4   0x080018a4   0x00000048   Code   RO         4846    i.FTL_FindUnusedBlock  ftl.o
    0x080018ec   0x080018ec   0x00000184   Code   RO         4847    i.FTL_Format        ftl.o
    0x08001a70   0x08001a70   0x000000e4   Code   RO         4848    i.FTL_Init          ftl.o
    0x08001b54   0x08001b54   0x00000168   Code   RO         4850    i.FTL_ReadSectors   ftl.o
    0x08001cbc   0x08001cbc   0x00000158   Code   RO         4853    i.FTL_WriteSectors  ftl.o
    0x08001e14   0x08001e14   0x00000190   Code   RO         5662    i.GT9147_Init       gt9147.o
    0x08001fa4   0x08001fa4   0x00000062   Code   RO         5663    i.GT9147_RD_Reg     gt9147.o
    0x08002006   0x08002006   0x00000002   PAD
    0x08002008   0x08002008   0x000001f4   Code   RO         5664    i.GT9147_Scan       gt9147.o
    0x080021fc   0x080021fc   0x00000054   Code   RO         5666    i.GT9147_WR_Reg     gt9147.o
    0x08002250   0x08002250   0x000000bc   Code   RO         6765    i.Get_HzMat         text.o
    0x0800230c   0x0800230c   0x000000a6   Code   RO          925    i.HAL_DMA_Abort     stm32f7xx_hal_dma.o
    0x080023b2   0x080023b2   0x00000024   Code   RO          926    i.HAL_DMA_Abort_IT  stm32f7xx_hal_dma.o
    0x080023d6   0x080023d6   0x00000002   PAD
    0x080023d8   0x080023d8   0x00000084   Code   RO          927    i.HAL_DMA_DeInit    stm32f7xx_hal_dma.o
    0x0800245c   0x0800245c   0x00000164   Code   RO          931    i.HAL_DMA_Init      stm32f7xx_hal_dma.o
    0x080025c0   0x080025c0   0x000000aa   Code   RO          935    i.HAL_DMA_Start_IT  stm32f7xx_hal_dma.o
    0x0800266a   0x0800266a   0x00000016   Code   RO          643    i.HAL_Delay         stm32f7xx_hal.o
    0x08002680   0x08002680   0x00000244   Code   RO         1055    i.HAL_GPIO_Init     stm32f7xx_hal_gpio.o
    0x080028c4   0x080028c4   0x0000000a   Code   RO         1057    i.HAL_GPIO_ReadPin  stm32f7xx_hal_gpio.o
    0x080028ce   0x080028ce   0x00000008   Code   RO         1058    i.HAL_GPIO_TogglePin  stm32f7xx_hal_gpio.o
    0x080028d6   0x080028d6   0x0000000a   Code   RO         1059    i.HAL_GPIO_WritePin  stm32f7xx_hal_gpio.o
    0x080028e0   0x080028e0   0x0000000c   Code   RO          653    i.HAL_GetTick       stm32f7xx_hal.o
    0x080028ec   0x080028ec   0x00000010   Code   RO          654    i.HAL_IncTick       stm32f7xx_hal.o
    0x080028fc   0x080028fc   0x00000024   Code   RO          655    i.HAL_Init          stm32f7xx_hal.o
    0x08002920   0x08002920   0x00000028   Code   RO          656    i.HAL_InitTick      stm32f7xx_hal.o
    0x08002948   0x08002948   0x00000058   Code   RO         3261    i.HAL_LTDC_ConfigLayer  stm32f7xx_hal_ltdc.o
    0x080029a0   0x080029a0   0x0000010c   Code   RO         3278    i.HAL_LTDC_Init     stm32f7xx_hal_ltdc.o
    0x08002aac   0x08002aac   0x000000f4   Code   RO         4729    i.HAL_LTDC_MspInit  ltdc.o
    0x08002ba0   0x08002ba0   0x00000058   Code   RO         3293    i.HAL_LTDC_SetWindowPosition  stm32f7xx_hal_ltdc.o
    0x08002bf8   0x08002bf8   0x00000054   Code   RO         3295    i.HAL_LTDC_SetWindowSize  stm32f7xx_hal_ltdc.o
    0x08002c4c   0x08002c4c   0x00000054   Code   RO          807    i.HAL_MPU_ConfigRegion  stm32f7xx_hal_cortex.o
    0x08002ca0   0x08002ca0   0x00000002   Code   RO          658    i.HAL_MspInit       stm32f7xx_hal.o
    0x08002ca2   0x08002ca2   0x00000052   Code   RO         3840    i.HAL_NAND_Init     stm32f7xx_hal_nand.o
    0x08002cf4   0x08002cf4   0x000000b0   Code   RO         4941    i.HAL_NAND_MspInit  nand.o
    0x08002da4   0x08002da4   0x00000018   Code   RO          810    i.HAL_NVIC_EnableIRQ  stm32f7xx_hal_cortex.o
    0x08002dbc   0x08002dbc   0x00000064   Code   RO          816    i.HAL_NVIC_SetPriority  stm32f7xx_hal_cortex.o
    0x08002e20   0x08002e20   0x00000024   Code   RO          817    i.HAL_NVIC_SetPriorityGrouping  stm32f7xx_hal_cortex.o
    0x08002e44   0x08002e44   0x0000007c   Code   RO         1248    i.HAL_PWREx_EnableOverDrive  stm32f7xx_hal_pwr_ex.o
    0x08002ec0   0x08002ec0   0x00000092   Code   RO         3993    i.HAL_QSPI_Command  stm32f7xx_hal_qspi.o
    0x08002f52   0x08002f52   0x00000002   PAD
    0x08002f54   0x08002f54   0x000000c0   Code   RO         4002    i.HAL_QSPI_Init     stm32f7xx_hal_qspi.o
    0x08003014   0x08003014   0x0000009c   Code   RO         5319    i.HAL_QSPI_MspInit  qspi.o
    0x080030b0   0x080030b0   0x000000c6   Code   RO         4006    i.HAL_QSPI_Receive  stm32f7xx_hal_qspi.o
    0x08003176   0x08003176   0x000000bc   Code   RO         4015    i.HAL_QSPI_Transmit  stm32f7xx_hal_qspi.o
    0x08003232   0x08003232   0x00000002   PAD
    0x08003234   0x08003234   0x00000758   Code   RO         1437    i.HAL_RCCEx_PeriphCLKConfig  stm32f7xx_hal_rcc_ex.o
    0x0800398c   0x0800398c   0x00000184   Code   RO         1335    i.HAL_RCC_ClockConfig  stm32f7xx_hal_rcc.o
    0x08003b10   0x08003b10   0x00000030   Code   RO         1342    i.HAL_RCC_GetPCLK1Freq  stm32f7xx_hal_rcc.o
    0x08003b40   0x08003b40   0x00000030   Code   RO         1343    i.HAL_RCC_GetPCLK2Freq  stm32f7xx_hal_rcc.o
    0x08003b70   0x08003b70   0x00000098   Code   RO         1344    i.HAL_RCC_GetSysClockFreq  stm32f7xx_hal_rcc.o
    0x08003c08   0x08003c08   0x000003c4   Code   RO         1438    i.HAL_RCC_OscConfig  stm32f7xx_hal_rcc_ex.o
    0x08003fcc   0x08003fcc   0x00000042   Code   RO         3108    i.HAL_SDRAM_Init    stm32f7xx_hal_sdram.o
    0x0800400e   0x0800400e   0x00000002   PAD
    0x08004010   0x08004010   0x000000e0   Code   RO         4448    i.HAL_SDRAM_MspInit  sdram.o
    0x080040f0   0x080040f0   0x00000024   Code   RO         3111    i.HAL_SDRAM_ProgramRefreshRate  stm32f7xx_hal_sdram.o
    0x08004114   0x08004114   0x0000002e   Code   RO         3117    i.HAL_SDRAM_SendCommand  stm32f7xx_hal_sdram.o
    0x08004142   0x08004142   0x000002c2   Code   RO         3639    i.HAL_SD_Get_CardInfo  stm32f7xx_hal_sd.o
    0x08004404   0x08004404   0x0000041c   Code   RO         3642    i.HAL_SD_Init       stm32f7xx_hal_sd.o
    0x08004820   0x08004820   0x0000008c   Code   RO         5151    i.HAL_SD_MspInit    sdmmc_sdcard.o
    0x080048ac   0x080048ac   0x000001bc   Code   RO         3645    i.HAL_SD_ReadBlocks  stm32f7xx_hal_sd.o
    0x08004a68   0x08004a68   0x0000002c   Code   RO         3648    i.HAL_SD_StopTransfer  stm32f7xx_hal_sd.o
    0x08004a94   0x08004a94   0x0000013a   Code   RO         3649    i.HAL_SD_WideBusOperation_Config  stm32f7xx_hal_sd.o
    0x08004bce   0x08004bce   0x00000214   Code   RO         3650    i.HAL_SD_WriteBlocks  stm32f7xx_hal_sd.o
    0x08004de2   0x08004de2   0x00000056   Code   RO         2986    i.HAL_SRAM_Init     stm32f7xx_hal_sram.o
    0x08004e38   0x08004e38   0x0000007c   Code   RO         4505    i.HAL_SRAM_MspInit  lcd.o
    0x08004eb4   0x08004eb4   0x00000016   Code   RO          819    i.HAL_SYSTICK_CLKSourceConfig  stm32f7xx_hal_cortex.o
    0x08004eca   0x08004eca   0x00000002   PAD
    0x08004ecc   0x08004ecc   0x0000002c   Code   RO          821    i.HAL_SYSTICK_Config  stm32f7xx_hal_cortex.o
    0x08004ef8   0x08004ef8   0x00000078   Code   RO         1490    i.HAL_UART_DMAStop  stm32f7xx_hal_uart.o
    0x08004f70   0x08004f70   0x00000002   Code   RO         1492    i.HAL_UART_ErrorCallback  stm32f7xx_hal_uart.o
    0x08004f72   0x08004f72   0x00000002   PAD
    0x08004f74   0x08004f74   0x000001cc   Code   RO         1495    i.HAL_UART_IRQHandler  stm32f7xx_hal_uart.o
    0x08005140   0x08005140   0x0000006e   Code   RO         1496    i.HAL_UART_Init     stm32f7xx_hal_uart.o
    0x080051ae   0x080051ae   0x00000002   PAD
    0x080051b0   0x080051b0   0x00000090   Code   RO         4330    i.HAL_UART_MspInit  usart.o
    0x08005240   0x08005240   0x000000f6   Code   RO         1499    i.HAL_UART_Receive  stm32f7xx_hal_uart.o
    0x08005336   0x08005336   0x00000002   PAD
    0x08005338   0x08005338   0x00000098   Code   RO         1500    i.HAL_UART_Receive_DMA  stm32f7xx_hal_uart.o
    0x080053d0   0x080053d0   0x00000002   Code   RO         1502    i.HAL_UART_RxCpltCallback  stm32f7xx_hal_uart.o
    0x080053d2   0x080053d2   0x00000002   Code   RO         1503    i.HAL_UART_RxHalfCpltCallback  stm32f7xx_hal_uart.o
    0x080053d4   0x080053d4   0x00000002   Code   RO         1507    i.HAL_UART_TxCpltCallback  stm32f7xx_hal_uart.o
    0x080053d6   0x080053d6   0x00000002   Code   RO          400    i.HardFault_Handler  stm32f7xx_it.o
    0x080053d8   0x080053d8   0x00000050   Code   RO         5482    i.IIC_Init          myiic.o
    0x08005428   0x08005428   0x000000e8   Code   RO         5484    i.IIC_Read_Byte     myiic.o
    0x08005510   0x08005510   0x00000078   Code   RO         5485    i.IIC_Send_Byte     myiic.o
    0x08005588   0x08005588   0x00000050   Code   RO         5486    i.IIC_Start         myiic.o
    0x080055d8   0x080055d8   0x00000050   Code   RO         5487    i.IIC_Stop          myiic.o
    0x08005628   0x08005628   0x000000ac   Code   RO         5488    i.IIC_Wait_Ack      myiic.o
    0x080056d4   0x080056d4   0x00000080   Code   RO         4415    i.KEY_Init          key.o
    0x08005754   0x08005754   0x0000009c   Code   RO         5870    i.Keyboard_GetValue  keyboard.o
    0x080057f0   0x080057f0   0x00000184   Code   RO         5871    i.Keyboard_Init     keyboard.o
    0x08005974   0x08005974   0x00000058   Code   RO         4507    i.LCD_Clear         lcd.o
    0x080059cc   0x080059cc   0x00000104   Code   RO         4511    i.LCD_Display_Dir   lcd.o
    0x08005ad0   0x08005ad0   0x000000d0   Code   RO         4512    i.LCD_DrawLine      lcd.o
    0x08005ba0   0x08005ba0   0x00000038   Code   RO         4513    i.LCD_DrawPoint     lcd.o
    0x08005bd8   0x08005bd8   0x0000003a   Code   RO         4514    i.LCD_DrawRectangle  lcd.o
    0x08005c12   0x08005c12   0x00000002   PAD
    0x08005c14   0x08005c14   0x000001e0   Code   RO         4515    i.LCD_Draw_Circle   lcd.o
    0x08005df4   0x08005df4   0x00000260   Code   RO         4516    i.LCD_Fast_DrawPoint  lcd.o
    0x08006054   0x08006054   0x00000078   Code   RO         4517    i.LCD_Fill          lcd.o
    0x080060cc   0x080060cc   0x00004a3c   Code   RO         4518    i.LCD_Init          lcd.o
    0x0800ab08   0x0800ab08   0x0000006c   Code   RO         4519    i.LCD_MPU_Config    lcd.o
    0x0800ab74   0x0800ab74   0x00000004   PAD
    0x0800ab78   0x0800ab78   0x000000c0   Code   RO         4524    i.LCD_SSD_BackLightSet  lcd.o
    0x0800ac38   0x0800ac38   0x0000031c   Code   RO         4525    i.LCD_Scan_Dir      lcd.o
    0x0800af54   0x0800af54   0x000002bc   Code   RO         4526    i.LCD_SetCursor     lcd.o
    0x0800b210   0x0800b210   0x0000011c   Code   RO         4528    i.LCD_ShowChar      lcd.o
    0x0800b32c   0x0800b32c   0x000000a4   Code   RO         4529    i.LCD_ShowNum       lcd.o
    0x0800b3d0   0x0800b3d0   0x00000062   Code   RO         4530    i.LCD_ShowString    lcd.o
    0x0800b432   0x0800b432   0x00000002   PAD
    0x0800b434   0x0800b434   0x0000004c   Code   RO         4391    i.LED_Init          led.o
    0x0800b480   0x0800b480   0x00000020   Code   RO         4730    i.LTDC_Clear        ltdc.o
    0x0800b4a0   0x0800b4a0   0x00000028   Code   RO         4733    i.LTDC_Display_Dir  ltdc.o
    0x0800b4c8   0x0800b4c8   0x00000044   Code   RO         4734    i.LTDC_Draw_Point   ltdc.o
    0x0800b50c   0x0800b50c   0x000000b8   Code   RO         4735    i.LTDC_Fill         ltdc.o
    0x0800b5c4   0x0800b5c4   0x000001f4   Code   RO         4736    i.LTDC_Init         ltdc.o
    0x0800b7b8   0x0800b7b8   0x00000060   Code   RO         4737    i.LTDC_Layer_Parameter_Config  ltdc.o
    0x0800b818   0x0800b818   0x000000bc   Code   RO         4740    i.LTDC_PanelID_Read  ltdc.o
    0x0800b8d4   0x0800b8d4   0x000001ce   Code   RO         3297    i.LTDC_SetConfig    stm32f7xx_hal_ltdc.o
    0x0800baa2   0x0800baa2   0x00000036   Code   RO         5373    i.MPU_Memory_Protection  mpu.o
    0x0800bad8   0x0800bad8   0x00000070   Code   RO         5374    i.MPU_Set_Protection  mpu.o
    0x0800bb48   0x0800bb48   0x00000070   Code   RO         6006    i.MYDMA_Config      dma.o
    0x0800bbb8   0x0800bbb8   0x00000078   Code   RO         5375    i.MemManage_Handler  mpu.o
    0x0800bc30   0x0800bc30   0x000001f0   Code   RO         4942    i.NAND_CopyPageWithWrite  nand.o
    0x0800be20   0x0800be20   0x00000080   Code   RO         4943    i.NAND_CopyPageWithoutWrite  nand.o
    0x0800bea0   0x0800bea0   0x0000009c   Code   RO         4945    i.NAND_ECC_Correction  nand.o
    0x0800bf3c   0x0800bf3c   0x00000038   Code   RO         4946    i.NAND_ECC_Get_OE   nand.o
    0x0800bf74   0x0800bf74   0x00000054   Code   RO         4947    i.NAND_EraseBlock   nand.o
    0x0800bfc8   0x0800bfc8   0x00000128   Code   RO         4949    i.NAND_Init         nand.o
    0x0800c0f0   0x0800c0f0   0x0000006c   Code   RO         4950    i.NAND_MPU_Config   nand.o
    0x0800c15c   0x0800c15c   0x000002d8   Code   RO         4953    i.NAND_ReadPage     nand.o
    0x0800c434   0x0800c434   0x00000070   Code   RO         4954    i.NAND_ReadPageComp  nand.o
    0x0800c4a4   0x0800c4a4   0x00000028   Code   RO         4955    i.NAND_ReadSpare    nand.o
    0x0800c4cc   0x0800c4cc   0x00000084   Code   RO         4958    i.NAND_WaitForReady  nand.o
    0x0800c550   0x0800c550   0x0000004c   Code   RO         4959    i.NAND_WaitRB       nand.o
    0x0800c59c   0x0800c59c   0x00000184   Code   RO         4960    i.NAND_WritePage    nand.o
    0x0800c720   0x0800c720   0x00000058   Code   RO         4961    i.NAND_WritePageConst  nand.o
    0x0800c778   0x0800c778   0x0000002c   Code   RO         4962    i.NAND_WriteSpare   nand.o
    0x0800c7a4   0x0800c7a4   0x00000002   Code   RO          401    i.NMI_Handler       stm32f7xx_it.o
    0x0800c7a6   0x0800c7a6   0x00000002   PAD
    0x0800c7a8   0x0800c7a8   0x000000f8   Code   RO         5714    i.OTT2001A_Init     ott2001a.o
    0x0800c8a0   0x0800c8a0   0x00000062   Code   RO         5715    i.OTT2001A_RD_Reg   ott2001a.o
    0x0800c902   0x0800c902   0x00000006   PAD
    0x0800c908   0x0800c908   0x000001ec   Code   RO         5716    i.OTT2001A_Scan     ott2001a.o
    0x0800caf4   0x0800caf4   0x0000007c   Code   RO         5959    i.PCF8574_Init      pcf8574.o
    0x0800cb70   0x0800cb70   0x00000054   Code   RO         5962    i.PCF8574_WriteBit  pcf8574.o
    0x0800cbc4   0x0800cbc4   0x00000002   Code   RO          402    i.PendSV_Handler    stm32f7xx_it.o
    0x0800cbc6   0x0800cbc6   0x00000246   Code   RO         4020    i.QSPI_Config       stm32f7xx_hal_qspi.o
    0x0800ce0c   0x0800ce0c   0x00000044   Code   RO         5320    i.QSPI_Init         qspi.o
    0x0800ce50   0x0800ce50   0x00000024   Code   RO         5321    i.QSPI_Receive      qspi.o
    0x0800ce74   0x0800ce74   0x0000003c   Code   RO         5322    i.QSPI_Send_CMD     qspi.o
    0x0800ceb0   0x0800ceb0   0x00000024   Code   RO         5323    i.QSPI_Transmit     qspi.o
    0x0800ced4   0x0800ced4   0x0000005a   Code   RO         4027    i.QSPI_WaitFlagStateUntilTimeout  stm32f7xx_hal_qspi.o
    0x0800cf2e   0x0800cf2e   0x00000024   Code   RO         3533    i.SDMMC_DataConfig  stm32f7xx_ll_sdmmc.o
    0x0800cf52   0x0800cf52   0x00000006   Code   RO         3534    i.SDMMC_GetCommandResponse  stm32f7xx_ll_sdmmc.o
    0x0800cf58   0x0800cf58   0x00000008   Code   RO         3537    i.SDMMC_GetPowerState  stm32f7xx_ll_sdmmc.o
    0x0800cf60   0x0800cf60   0x0000000e   Code   RO         3538    i.SDMMC_GetResponse  stm32f7xx_ll_sdmmc.o
    0x0800cf6e   0x0800cf6e   0x0000002c   Code   RO         3539    i.SDMMC_Init        stm32f7xx_ll_sdmmc.o
    0x0800cf9a   0x0800cf9a   0x00000008   Code   RO         3541    i.SDMMC_PowerState_ON  stm32f7xx_ll_sdmmc.o
    0x0800cfa2   0x0800cfa2   0x00000006   Code   RO         3542    i.SDMMC_ReadFIFO    stm32f7xx_ll_sdmmc.o
    0x0800cfa8   0x0800cfa8   0x00000020   Code   RO         3543    i.SDMMC_SendCommand  stm32f7xx_ll_sdmmc.o
    0x0800cfc8   0x0800cfc8   0x0000000a   Code   RO         3545    i.SDMMC_WriteFIFO   stm32f7xx_ll_sdmmc.o
    0x0800cfd2   0x0800cfd2   0x00000002   PAD
    0x0800cfd4   0x0800cfd4   0x000000a0   Code   RO         4449    i.SDRAM_Init        sdram.o
    0x0800d074   0x0800d074   0x00000040   Code   RO         4451    i.SDRAM_Send_Cmd    sdram.o
    0x0800d0b4   0x0800d0b4   0x00000118   Code   RO         3654    i.SD_CmdResp1Error  stm32f7xx_hal_sd.o
    0x0800d1cc   0x0800d1cc   0x0000012c   Code   RO         3659    i.SD_FindSCR        stm32f7xx_hal_sd.o
    0x0800d2f8   0x0800d2f8   0x00000040   Code   RO         5153    i.SD_Init           sdmmc_sdcard.o
    0x0800d338   0x0800d338   0x00000194   Code   RO         3660    i.SD_IsCardProgramming  stm32f7xx_hal_sd.o
    0x0800d4cc   0x0800d4cc   0x0000008c   Code   RO         5154    i.SD_ReadDisk       sdmmc_sdcard.o
    0x0800d558   0x0800d558   0x0000008c   Code   RO         5155    i.SD_WriteDisk      sdmmc_sdcard.o
    0x0800d5e4   0x0800d5e4   0x00000002   Code   RO          403    i.SVC_Handler       stm32f7xx_it.o
    0x0800d5e6   0x0800d5e6   0x00000002   PAD
    0x0800d5e8   0x0800d5e8   0x00000188   Code   RO         6767    i.Show_Str          text.o
    0x0800d770   0x0800d770   0x000000a0   Code   RO         4284    i.Stm32_Clock_Init  sys.o
    0x0800d810   0x0800d810   0x00000004   Code   RO          404    i.SysTick_Handler   stm32f7xx_it.o
    0x0800d814   0x0800d814   0x00000058   Code   RO          471    i.SystemInit        system_stm32f7xx.o
    0x0800d86c   0x0800d86c   0x00000170   Code   RO         5764    i.TP_Adj_Info_Show  touch.o
    0x0800d9dc   0x0800d9dc   0x00000004   PAD
    0x0800d9e0   0x0800d9e0   0x000006e4   Code   RO         5765    i.TP_Adjust         touch.o
    0x0800e0c4   0x0800e0c4   0x00000070   Code   RO         5767    i.TP_Drow_Touch_Point  touch.o
    0x0800e134   0x0800e134   0x00000090   Code   RO         5768    i.TP_Get_Adjdata    touch.o
    0x0800e1c4   0x0800e1c4   0x00000150   Code   RO         5769    i.TP_Init           touch.o
    0x0800e314   0x0800e314   0x00000100   Code   RO         5770    i.TP_Read_AD        touch.o
    0x0800e414   0x0800e414   0x00000070   Code   RO         5771    i.TP_Read_XOY       touch.o
    0x0800e484   0x0800e484   0x00000094   Code   RO         5773    i.TP_Read_XY2       touch.o
    0x0800e518   0x0800e518   0x00000078   Code   RO         5774    i.TP_Save_Adjdata   touch.o
    0x0800e590   0x0800e590   0x000000c8   Code   RO         5775    i.TP_Scan           touch.o
    0x0800e658   0x0800e658   0x000000da   Code   RO         1509    i.UART_AdvFeatureConfig  stm32f7xx_hal_uart.o
    0x0800e732   0x0800e732   0x00000060   Code   RO         1510    i.UART_CheckIdleState  stm32f7xx_hal_uart.o
    0x0800e792   0x0800e792   0x00000014   Code   RO         1511    i.UART_DMAAbortOnError  stm32f7xx_hal_uart.o
    0x0800e7a6   0x0800e7a6   0x00000064   Code   RO         1512    i.UART_DMAError     stm32f7xx_hal_uart.o
    0x0800e80a   0x0800e80a   0x00000040   Code   RO         1513    i.UART_DMAReceiveCplt  stm32f7xx_hal_uart.o
    0x0800e84a   0x0800e84a   0x0000000a   Code   RO         1514    i.UART_DMARxHalfCplt  stm32f7xx_hal_uart.o
    0x0800e854   0x0800e854   0x00000082   Code   RO         1517    i.UART_Receive_IT   stm32f7xx_hal_uart.o
    0x0800e8d6   0x0800e8d6   0x00000002   PAD
    0x0800e8d8   0x0800e8d8   0x000002a8   Code   RO         1518    i.UART_SetConfig    stm32f7xx_hal_uart.o
    0x0800eb80   0x0800eb80   0x00000074   Code   RO         1519    i.UART_WaitOnFlagUntilTimeout  stm32f7xx_hal_uart.o
    0x0800ebf4   0x0800ebf4   0x00000078   Code   RO         4331    i.USART1_IRQHandler  usart.o
    0x0800ec6c   0x0800ec6c   0x00000002   Code   RO          405    i.UsageFault_Handler  stm32f7xx_it.o
    0x0800ec6e   0x0800ec6e   0x00000040   Code   RO         5208    i.W25QXX_Erase_Sector  w25qxx.o
    0x0800ecae   0x0800ecae   0x00000002   PAD
    0x0800ecb0   0x0800ecb0   0x000000cc   Code   RO         5209    i.W25QXX_Init       w25qxx.o
    0x0800ed7c   0x0800ed7c   0x00000032   Code   RO         5212    i.W25QXX_Read       w25qxx.o
    0x0800edae   0x0800edae   0x00000002   PAD
    0x0800edb0   0x0800edb0   0x00000068   Code   RO         5214    i.W25QXX_ReadSR     w25qxx.o
    0x0800ee18   0x0800ee18   0x0000019c   Code   RO         5216    i.W25QXX_Write      w25qxx.o
    0x0800efb4   0x0800efb4   0x00000040   Code   RO         5218    i.W25QXX_Write_Enable  w25qxx.o
    0x0800eff4   0x0800eff4   0x0000005c   Code   RO         5221    i.W25QXX_Write_SR   w25qxx.o
    0x0800f050   0x0800f050   0x00000066   Code   RO         6935    i.__hardfp_sqrt     m_wv.l(sqrt.o)
    0x0800f0b6   0x0800f0b6   0x00000002   Code   RO         4332    i._sys_exit         usart.o
    0x0800f0b8   0x0800f0b8   0x0000007a   Code   RO         6115    i.change_bitmap     ff.o
    0x0800f132   0x0800f132   0x00000002   PAD
    0x0800f134   0x0800f134   0x000000b4   Code   RO         6116    i.check_fs          ff.o
    0x0800f1e8   0x0800f1e8   0x000001be   Code   RO         6119    i.create_chain      ff.o
    0x0800f3a6   0x0800f3a6   0x00000002   PAD
    0x0800f3a8   0x0800f3a8   0x00000014   Code   RO         4242    i.delay_init        delay.o
    0x0800f3bc   0x0800f3bc   0x0000004c   Code   RO         4243    i.delay_ms          delay.o
    0x0800f408   0x0800f408   0x00000034   Code   RO         4244    i.delay_us          delay.o
    0x0800f43c   0x0800f43c   0x00000066   Code   RO         6120    i.dir_alloc         ff.o
    0x0800f4a2   0x0800f4a2   0x00000002   PAD
    0x0800f4a4   0x0800f4a4   0x00000268   Code   RO         6121    i.dir_find          ff.o
    0x0800f70c   0x0800f70c   0x0000013a   Code   RO         6122    i.dir_next          ff.o
    0x0800f846   0x0800f846   0x00000002   PAD
    0x0800f848   0x0800f848   0x00000174   Code   RO         6123    i.dir_read          ff.o
    0x0800f9bc   0x0800f9bc   0x0000043c   Code   RO         6124    i.dir_register      ff.o
    0x0800fdf8   0x0800fdf8   0x000000a8   Code   RO         6126    i.dir_sdi           ff.o
    0x0800fea0   0x0800fea0   0x00000028   Code   RO         6430    i.disk_initialize   diskio.o
    0x0800fec8   0x0800fec8   0x000000ac   Code   RO         6431    i.disk_ioctl        diskio.o
    0x0800ff74   0x0800ff74   0x0000006a   Code   RO         6432    i.disk_read         diskio.o
    0x0800ffde   0x0800ffde   0x00000004   Code   RO         6433    i.disk_status       diskio.o
    0x0800ffe2   0x0800ffe2   0x0000006a   Code   RO         6434    i.disk_write        diskio.o
    0x0801004c   0x0801004c   0x00000068   Code   RO         6502    i.exfuns_init       exfuns.o
    0x080100b4   0x080100b4   0x00000020   Code   RO         6127    i.f_close           ff.o
    0x080100d4   0x080100d4   0x00000054   Code   RO         6135    i.f_mount           ff.o
    0x08010128   0x08010128   0x000002ca   Code   RO         6136    i.f_open            ff.o
    0x080103f2   0x080103f2   0x000001de   Code   RO         6141    i.f_read            ff.o
    0x080105d0   0x080105d0   0x000001ba   Code   RO         6146    i.f_sync            ff.o
    0x0801078a   0x0801078a   0x00000002   PAD
    0x0801078c   0x0801078c   0x00000078   Code   RO         6734    i.ff_convert        mycc936.o
    0x08010804   0x08010804   0x00000008   Code   RO         6435    i.ff_memalloc       diskio.o
    0x0801080c   0x0801080c   0x00000008   Code   RO         6436    i.ff_memfree        diskio.o
    0x08010814   0x08010814   0x00000028   Code   RO         6735    i.ff_wtoupper       mycc936.o
    0x0801083c   0x0801083c   0x00000570   Code   RO         6150    i.find_volume       ff.o
    0x08010dac   0x08010dac   0x00000350   Code   RO         6151    i.follow_path       ff.o
    0x080110fc   0x080110fc   0x0000003c   Code   RO         6806    i.font_init         fontupd.o
    0x08011138   0x08011138   0x00000014   Code   RO         4333    i.fputc             usart.o
    0x0801114c   0x0801114c   0x00000084   Code   RO         6807    i.fupd_prog         fontupd.o
    0x080111d0   0x080111d0   0x00000162   Code   RO         6152    i.get_fat           ff.o
    0x08011332   0x08011332   0x00000004   Code   RO         6437    i.get_fattime       diskio.o
    0x08011336   0x08011336   0x00000068   Code   RO         6154    i.get_ldnumber      ff.o
    0x0801139e   0x0801139e   0x00000002   PAD
    0x080113a0   0x080113a0   0x00000200   Code   RO         5873    i.key_check         keyboard.o
    0x080115a0   0x080115a0   0x00000020   Code   RO         6155    i.ld_clust          ff.o
    0x080115c0   0x080115c0   0x00000054   Code   RO         6156    i.ld_qword          ff.o
    0x08011614   0x08011614   0x0000010e   Code   RO         6157    i.load_xdir         ff.o
    0x08011722   0x08011722   0x00000002   PAD
    0x08011724   0x08011724   0x000002dc   Code   RO            4    i.main              main.o
    0x08011a00   0x08011a00   0x00000036   Code   RO         6158    i.move_window       ff.o
    0x08011a36   0x08011a36   0x00000002   PAD
    0x08011a38   0x08011a38   0x0000003c   Code   RO         6037    i.my_mem_init       malloc.o
    0x08011a74   0x08011a74   0x00000094   Code   RO         6038    i.my_mem_malloc     malloc.o
    0x08011b08   0x08011b08   0x00000044   Code   RO         6039    i.my_mem_perused    malloc.o
    0x08011b4c   0x08011b4c   0x00000070   Code   RO         6040    i.myfree            malloc.o
    0x08011bbc   0x08011bbc   0x00000024   Code   RO         6041    i.mymalloc          malloc.o
    0x08011be0   0x08011be0   0x0000011a   Code   RO         6159    i.put_fat           ff.o
    0x08011cfa   0x08011cfa   0x00000168   Code   RO         6161    i.remove_chain      ff.o
    0x08011e62   0x08011e62   0x00000002   PAD
    0x08011e64   0x08011e64   0x00000188   Code   RO         5876    i.sim900a_key_staset  keyboard.o
    0x08011fec   0x08011fec   0x00000018   Code   RO         6162    i.st_clust          ff.o
    0x08012004   0x08012004   0x00000012   Code   RO         6163    i.st_dword          ff.o
    0x08012016   0x08012016   0x0000004a   Code   RO         6164    i.st_qword          ff.o
    0x08012060   0x08012060   0x0000009c   Code   RO         6165    i.store_xdir        ff.o
    0x080120fc   0x080120fc   0x00000094   Code   RO         6166    i.sync_fs           ff.o
    0x08012190   0x08012190   0x00000054   Code   RO         6167    i.sync_window       ff.o
    0x080121e4   0x080121e4   0x00000024   Code   RO         4334    i.uart_init         usart.o
    0x08012208   0x08012208   0x000001a0   Code   RO         6808    i.updata_fontx      fontupd.o
    0x080123a8   0x080123a8   0x00000230   Code   RO         6809    i.update_font       fontupd.o
    0x080125d8   0x080125d8   0x00000036   Code   RO         6168    i.validate          ff.o
    0x0801260e   0x0801260e   0x0000000a   Code   RO         7084    x$fpl$fpinit        fz_wv.l(fpinit.o)
    0x08012618   0x08012618   0x00000000   Code   RO         6970    x$fpl$usenofp       fz_wv.l(usenofp.o)
    0x08012618   0x08012618   0x00000010   Data   RO          472    .constdata          system_stm32f7xx.o
    0x08012628   0x08012628   0x00000008   Data   RO          473    .constdata          system_stm32f7xx.o
    0x08012630   0x08012630   0x00000008   Data   RO          937    .constdata          stm32f7xx_hal_dma.o
    0x08012638   0x08012638   0x00004740   Data   RO         4539    .constdata          lcd.o
    0x08016d78   0x08016d78   0x0000000a   Data   RO         5621    .constdata          ft5206.o
    0x08016d82   0x08016d82   0x000000c2   Data   RO         5667    .constdata          gt9147.o
    0x08016e44   0x08016e44   0x0000000a   Data   RO         5719    .constdata          ott2001a.o
    0x08016e4e   0x08016e4e   0x00000002   PAD
    0x08016e50   0x08016e50   0x00000004   Data   RO         5777    .constdata          touch.o
    0x08016e54   0x08016e54   0x00000024   Data   RO         6051    .constdata          malloc.o
    0x08016e78   0x08016e78   0x0000004a   Data   RO         6170    .constdata          ff.o
    0x08016ec2   0x08016ec2   0x000003c0   Data   RO         6736    .constdata          mycc936.o
    0x08017282   0x08017282   0x00000002   PAD
    0x08017284   0x08017284   0x00000028   Data   RO         6811    .constdata          fontupd.o
    0x080172ac   0x080172ac   0x00000028   Data   RO         6876    .constdata          c_w.l(_printf_hex_int.o)
    0x080172d4   0x080172d4   0x00000011   Data   RO         6899    .constdata          c_w.l(__printf_flags_ss.o)
    0x080172e5   0x080172e5   0x00000003   PAD
    0x080172e8   0x080172e8   0x00000079   Data   RO         5778    .conststring        touch.o
    0x08017361   0x08017361   0x00000003   PAD
    0x08017364   0x08017364   0x000000db   Data   RO         6812    .conststring        fontupd.o
    0x0801743f   0x0801743f   0x00000001   PAD
    0x08017440   0x08017440   0x00000020   Data   RO         7138    Region$$Table       anon$$obj.o


    Execution Region RW_IRAM1 (Exec base: 0x20020000, Load base: 0x08017460, Size: 0x0002c5e8, Max: 0x00060000, ABSOLUTE)

    Exec Addr    Load Addr    Size         Type   Attr      Idx    E Section Name        Object

    0x20020000   0x08017460   0x00000001   Data   RW           42    .data               main.o
    0x20020001   0x08017461   0x00000003   PAD
    0x20020004   0x08017464   0x00000004   Data   RW          474    .data               system_stm32f7xx.o
    0x20020008   0x08017468   0x00000004   Data   RW          661    .data               stm32f7xx_hal.o
    0x2002000c   0x0801746c   0x00000004   Data   RW         4245    .data               delay.o
    0x20020010   0x08017470   0x00000002   Data   RW         4336    .data               usart.o
    0x20020012   0x08017472   0x00000002   PAD
    0x20020014   0x08017474   0x00000004   Data   RW         4337    .data               usart.o
    0x20020018   0x08017478   0x00000008   Data   RW         4540    .data               lcd.o
    0x20020020   0x08017480   0x00000008   Data   RW         4747    .data               ltdc.o
    0x20020028   0x08017488   0x00000004   Data   RW         4854    .data               ftl.o
    0x2002002c   0x0801748c   0x00000004   Data   RW         5223    .data               w25qxx.o
    0x20020030   0x08017490   0x00000001   Data   RW         5622    .data               ft5206.o
    0x20020031   0x08017491   0x00000001   Data   RW         5668    .data               gt9147.o
    0x20020032   0x08017492   0x00000001   Data   RW         5720    .data               ott2001a.o
    0x20020033   0x08017493   0x00000001   PAD
    0x20020034   0x08017494   0x00000038   Data   RW         5779    .data               touch.o
    0x2002006c   0x080174cc   0x00000010   Data   RW         5879    .data               keyboard.o
    0x2002007c   0x080174dc   0x00000024   Data   RW         6052    .data               malloc.o
    0x200200a0   0x08017500   0x00000002   Data   RW         6171    .data               ff.o
    0x200200a2   0x08017502   0x00000002   PAD
    0x200200a4   0x08017504   0x0000000c   Data   RW         6509    .data               exfuns.o
    0x200200b0        -       0x00000138   Zero   RW         4335    .bss                usart.o
    0x200201e8        -       0x00000034   Zero   RW         4452    .bss                sdram.o
    0x2002021c        -       0x0000005a   Zero   RW         4538    .bss                lcd.o
    0x20020276   0x08017510   0x00000002   PAD
    0x20020278        -       0x000000c8   Zero   RW         4745    .bss                ltdc.o
    0x20020340        -       0x00000094   Zero   RW         4963    .bss                nand.o
    0x200203d4   0x08017510   0x00000004   PAD
    0x200203d8        -       0x000002b8   Zero   RW         5156    .bss                sdmmc_sdcard.o
    0x20020690        -       0x00001000   Zero   RW         5222    .bss                w25qxx.o
    0x20021690        -       0x00000044   Zero   RW         5324    .bss                qspi.o
    0x200216d4        -       0x00000060   Zero   RW         6007    .bss                dma.o
    0x20021734   0x08017510   0x0000000c   PAD
    0x20021740        -       0x00028000   Zero   RW         6049    .bss                malloc.o
    0x20049740        -       0x00002800   Zero   RW         6050    .bss                malloc.o
    0x2004bf40        -       0x0000000c   Zero   RW         6169    .bss                ff.o
    0x2004bf4c        -       0x0000000c   Zero   RW         6504    .bss                exfuns.o
    0x2004bf58        -       0x00000029   Zero   RW         6810    .bss                fontupd.o
    0x2004bf81   0x08017510   0x00000003   PAD
    0x2004bf84        -       0x00000060   Zero   RW         7000    .bss                c_w.l(libspace.o)
    0x2004bfe4   0x08017510   0x00000004   PAD
    0x2004bfe8        -       0x00000200   Zero   RW          627    HEAP                startup_stm32f767xx.o
    0x2004c1e8        -       0x00000400   Zero   RW          626    STACK               startup_stm32f767xx.o



  Load Region LR$$.ARM.__AT_0x20000000 (Base: 0x20000000, Size: 0x00000000, Max: 0x0000f000, ABSOLUTE)

    Execution Region ER$$.ARM.__AT_0x20000000 (Exec base: 0x20000000, Load base: 0x20000000, Size: 0x0000f000, Max: 0x0000f000, ABSOLUTE, UNINIT)

    Exec Addr    Load Addr    Size         Type   Attr      Idx    E Section Name        Object

    0x20000000        -       0x0000f000   Zero   RW         6045    .ARM.__AT_0x20000000  malloc.o



  Load Region LR$$.ARM.__AT_0x2000F000 (Base: 0x2000f000, Size: 0x00000000, Max: 0x00000f00, ABSOLUTE)

    Execution Region ER$$.ARM.__AT_0x2000F000 (Exec base: 0x2000f000, Load base: 0x2000f000, Size: 0x00000f00, Max: 0x00000f00, ABSOLUTE, UNINIT)

    Exec Addr    Load Addr    Size         Type   Attr      Idx    E Section Name        Object

    0x2000f000        -       0x00000f00   Zero   RW         6046    .ARM.__AT_0x2000F000  malloc.o



  Load Region LR$$.ARM.__AT_0xC0000000 (Base: 0xc0000000, Size: 0x00000000, Max: 0x001f4000, ABSOLUTE)

    Execution Region ER$$.ARM.__AT_0xC0000000 (Exec base: 0xc0000000, Load base: 0xc0000000, Size: 0x001f4000, Max: 0x001f4000, ABSOLUTE, UNINIT)

    Exec Addr    Load Addr    Size         Type   Attr      Idx    E Section Name        Object

    0xc0000000        -       0x001f4000   Zero   RW         4744    .ARM.__AT_0xC0000000  ltdc.o



  Load Region LR$$.ARM.__AT_0xC01F4000 (Base: 0xc01f4000, Size: 0x00000000, Max: 0x01c3c000, ABSOLUTE)

    Execution Region ER$$.ARM.__AT_0xC01F4000 (Exec base: 0xc01f4000, Load base: 0xc01f4000, Size: 0x01c3c000, Max: 0x01c3c000, ABSOLUTE, UNINIT)

    Exec Addr    Load Addr    Size         Type   Attr      Idx    E Section Name        Object

    0xc01f4000        -       0x01c3c000   Zero   RW         6047    .ARM.__AT_0xC01F4000  malloc.o



  Load Region LR$$.ARM.__AT_0xC1E30000 (Base: 0xc1e30000, Size: 0x00000000, Max: 0x001c3c00, ABSOLUTE)

    Execution Region ER$$.ARM.__AT_0xC1E30000 (Exec base: 0xc1e30000, Load base: 0xc1e30000, Size: 0x001c3c00, Max: 0x001c3c00, ABSOLUTE, UNINIT)

    Exec Addr    Load Addr    Size         Type   Attr      Idx    E Section Name        Object

    0xc1e30000        -       0x001c3c00   Zero   RW         6048    .ARM.__AT_0xC1E30000  malloc.o


==============================================================================

Image component sizes


      Code (inc. data)   RO Data    RW Data    ZI Data      Debug   Object Name

       338          0          0          0          0       4015   24cxx.o
         4          0          0          0          0        464   beep.o
       812         60          0          0          0       4731   ctiic.o
       148         16          0          4          0       2663   delay.o
       448          8          0          0          0       5787   diskio.o
       112         16          0          0         96       1264   dma.o
       104          8          0         12         12       1909   exfuns.o
      9492        104         74          2         12      61409   ff.o
      1168         94        259          0         41       6328   fontupd.o
       842         46         10          1          0       4415   ft5206.o
      2212        270          0          4          0      10975   ftl.o
      1082         82        194          1          0       4686   gt9147.o
       128         16          0          0          0       1003   key.o
      1448        204          0         16          0       5902   keyboard.o
     23348        288      18240          8         90     106416   lcd.o
        76          8          0          0          0        887   led.o
      1352        118          0          8    2048200       8898   ltdc.o
       732        190          0          1          0     461725   main.o
       424         52         36         36   31695616       5943   malloc.o
       286         64          0          0          0      33656   mpu.o
       160         14        960          0          0       2031   mycc936.o
       764         32          0          0          0       4330   myiic.o
      3108        308          0          0        148      18183   nand.o
       838         72         10          1          0       3975   ott2001a.o
       208         10          0          0          0       2129   pcf8574.o
       356         44          0          0         68       3837   qspi.o
       484         46          0          0        696       4163   sdmmc_sdcard.o
       448         40          0          0         52       3088   sdram.o
        64         26        504          0       1536        832   startup_stm32f767xx.o
       128         22          0          4          0       4401   stm32f7xx_hal.o
       310         22          0          0          0      36584   stm32f7xx_hal_cortex.o
       860         20          8          0          0       5702   stm32f7xx_hal_dma.o
       608         16          0          0          0       3988   stm32f7xx_hal_gpio.o
       990          6          0          0          0       4761   stm32f7xx_hal_ltdc.o
        82          0          0          0          0       1403   stm32f7xx_hal_nand.o
       124         10          0          0          0       1320   stm32f7xx_hal_pwr_ex.o
      1396          4          0          0          0       7466   stm32f7xx_hal_qspi.o
       636         64          0          0          0       3894   stm32f7xx_hal_rcc.o
      2844         62          0          0          0       4200   stm32f7xx_hal_rcc_ex.o
      4076         12          0          0          0      19577   stm32f7xx_hal_sd.o
       148          0          0          0          0       2820   stm32f7xx_hal_sdram.o
        86          0          0          0          0       1256   stm32f7xx_hal_sram.o
      2530         56          0          0          0      15391   stm32f7xx_hal_uart.o
        18          0          0          0          0       3646   stm32f7xx_it.o
       750         16          0          0          0       8417   stm32f7xx_ll_fmc.o
       164          0          0          0          0       6282   stm32f7xx_ll_sdmmc.o
       312         28          0          0          0      34045   sys.o
        88         24         24          4          0       1123   system_stm32f7xx.o
       580         14          0          0          0       3609   text.o
      3560        252        125         56          0      11585   touch.o
       322         38          0          6        312       4899   usart.o
       990         20          0          4       4096       7358   w25qxx.o

    ----------------------------------------------------------------------
     72660       2930      20484        176   33750996     969371   Object Totals
         0          0         32          0          0          0   (incl. Generated)
        72          8          8          8         21          0   (incl. Padding)

    ----------------------------------------------------------------------

      Code (inc. data)   RO Data    RW Data    ZI Data      Debug   Library Member Name

         8          0          0          0          0         68   __main.o
       236          4         17          0          0         88   __printf_flags_ss.o
         0          0          0          0          0          0   __rtentry.o
        12          0          0          0          0          0   __rtentry2.o
         6          0          0          0          0          0   __rtentry4.o
        52          8          0          0          0          0   __scatter.o
        26          0          0          0          0          0   __scatter_copy.o
        28          0          0          0          0          0   __scatter_zi.o
        44          0          0          0          0        108   _printf_char.o
        48          6          0          0          0         96   _printf_char_common.o
        36          4          0          0          0         80   _printf_char_file.o
         6          0          0          0          0          0   _printf_d.o
       120         16          0          0          0         92   _printf_dec.o
        88          4         40          0          0         88   _printf_hex_int.o
       178          0          0          0          0         88   _printf_intcommon.o
         0          0          0          0          0          0   _printf_percent.o
         4          0          0          0          0          0   _printf_percent_end.o
         6          0          0          0          0          0   _printf_s.o
        82          0          0          0          0         80   _printf_str.o
         6          0          0          0          0          0   _printf_x.o
        22          0          0          0          0        100   _rserrno.o
        18          0          0          0          0         80   exit.o
         8          0          0          0          0         68   ferror.o
         6          0          0          0          0        152   heapauxi.o
         2          0          0          0          0          0   libinit.o
         6          0          0          0          0          0   libinit2.o
         2          0          0          0          0          0   libshutdown.o
         2          0          0          0          0          0   libshutdown2.o
         8          4          0          0         96         68   libspace.o
       238          0          0          0          0        100   lludivv7m.o
        24          4          0          0          0         84   noretval__2printf.o
         8          4          0          0          0         68   rt_errno_addr_intlibspace.o
        68          0          0          0          0         68   rt_memclr.o
        78          0          0          0          0         80   rt_memclr_w.o
       138          0          0          0          0         68   rt_memcpy_v6.o
       100          0          0          0          0         80   rt_memcpy_w.o
         2          0          0          0          0          0   rtexit.o
        10          0          0          0          0          0   rtexit2.o
        24          0          0          0          0         68   strcat.o
       104          0          0          0          0         68   strcmpv7m_pel.o
        72          0          0          0          0         80   strcpy.o
        74          0          0          0          0         80   sys_stackheap_outer.o
         2          0          0          0          0         68   use_no_semi.o
         2          0          0          0          0         68   use_no_semi_2.o
        10          0          0          0          0        116   fpinit.o
         0          0          0          0          0          0   usenofp.o
       102          0          0          0          0        140   sqrt.o

    ----------------------------------------------------------------------
      2124         54         60          0        100       2492   Library Totals
         8          0          3          0          4          0   (incl. Padding)

    ----------------------------------------------------------------------

      Code (inc. data)   RO Data    RW Data    ZI Data      Debug   Library Name

      2004         54         57          0         96       2236   c_w.l
        10          0          0          0          0        116   fz_wv.l
       102          0          0          0          0        140   m_wv.l

    ----------------------------------------------------------------------
      2124         54         60          0        100       2492   Library Totals

    ----------------------------------------------------------------------

==============================================================================


      Code (inc. data)   RO Data    RW Data    ZI Data      Debug   

     74784       2984      20544        176   33751096     942967   Grand Totals
     74784       2984      20544        176   33751096     942967   ELF Image Totals
     74784       2984      20544        176          0          0   ROM Totals

==============================================================================

    Total RO  Size (Code + RO Data)                95328 (  93.09kB)
    Total RW  Size (RW Data + ZI Data)          33751272 (32960.23kB)
    Total ROM Size (Code + RO Data + RW Data)      95504 (  93.27kB)

==============================================================================

