Component: ARM Compiler 5.06 update 5 (build 528) Tool: armlink [4d35e2]

==============================================================================

Section Cross References

    main.o(i.main) refers to sys.o(i.Cache_Enable) for Cache_Enable
    main.o(i.main) refers to mpu.o(i.MPU_Memory_Protection) for MPU_Memory_Protection
    main.o(i.main) refers to stm32f7xx_hal.o(i.HAL_Init) for HAL_Init
    main.o(i.main) refers to sys.o(i.Stm32_Clock_Init) for Stm32_Clock_Init
    main.o(i.main) refers to delay.o(i.delay_init) for delay_init
    main.o(i.main) refers to usart.o(i.uart_init) for uart_init
    main.o(i.main) refers to stm32f7xx_hal_uart.o(i.HAL_UART_Receive_IT) for HAL_UART_Receive_IT
    main.o(i.main) refers to led.o(i.LED_Init) for LED_Init
    main.o(i.main) refers to key.o(i.KEY_Init) for KEY_Init
    main.o(i.main) refers to sdram.o(i.SDRAM_Init) for SDRAM_Init
    main.o(i.main) refers to lcd.o(i.LCD_Init) for LCD_Init
    main.o(i.main) refers to beep.o(i.Beep_Init) for Beep_Init
    main.o(i.main) refers to timer.o(i.TIM3_Init) for TIM3_Init
    main.o(i.main) refers to w25qxx.o(i.W25QXX_Init) for W25QXX_Init
    main.o(i.main) refers to malloc.o(i.my_mem_init) for my_mem_init
    main.o(i.main) refers to exfuns.o(i.exfuns_init) for exfuns_init
    main.o(i.main) refers to ff.o(i.f_mount) for f_mount
    main.o(i.main) refers to fontupd.o(i.font_init) for font_init
    main.o(i.main) refers to lcd.o(i.LCD_Clear) for LCD_Clear
    main.o(i.main) refers to lcd.o(i.LCD_ShowString) for LCD_ShowString
    main.o(i.main) refers to sdmmc_sdcard.o(i.SD_Init) for SD_Init
    main.o(i.main) refers to delay.o(i.delay_ms) for delay_ms
    main.o(i.main) refers to lcd.o(i.LCD_Fill) for LCD_Fill
    main.o(i.main) refers to fontupd.o(i.update_font) for update_font
    main.o(i.main) refers to keyboard.o(i.Keyboard_Init) for Keyboard_Init
    main.o(i.main) refers to lcd.o(i.LCD_DrawLine) for LCD_DrawLine
    main.o(i.main) refers to lcd.o(i.LCD_DrawPoint) for LCD_DrawPoint
    main.o(i.main) refers to main.o(.bss) for .bss
    main.o(i.main) refers to usart.o(.bss) for UART1_Handler
    main.o(i.main) refers to touch.o(.data) for tp_dev
    main.o(i.main) refers to exfuns.o(.bss) for fs
    main.o(i.main) refers to lcd.o(.data) for POINT_COLOR
    main.o(i.main) refers to main.o(.data) for .data
    main.o(.data) refers to main.o(.bss) for ADCin
    stm32f7xx_it.o(i.SysTick_Handler) refers to stm32f7xx_hal.o(i.HAL_IncTick) for HAL_IncTick
    system_stm32f7xx.o(i.SystemCoreClockUpdate) refers to system_stm32f7xx.o(.data) for .data
    system_stm32f7xx.o(i.SystemCoreClockUpdate) refers to system_stm32f7xx.o(.constdata) for .constdata
    startup_stm32f767xx.o(STACK) refers (Special) to heapauxi.o(.text) for __use_two_region_memory
    startup_stm32f767xx.o(HEAP) refers (Special) to heapauxi.o(.text) for __use_two_region_memory
    startup_stm32f767xx.o(RESET) refers (Special) to heapauxi.o(.text) for __use_two_region_memory
    startup_stm32f767xx.o(RESET) refers to startup_stm32f767xx.o(STACK) for __initial_sp
    startup_stm32f767xx.o(RESET) refers to startup_stm32f767xx.o(.text) for Reset_Handler
    startup_stm32f767xx.o(RESET) refers to stm32f7xx_it.o(i.NMI_Handler) for NMI_Handler
    startup_stm32f767xx.o(RESET) refers to stm32f7xx_it.o(i.HardFault_Handler) for HardFault_Handler
    startup_stm32f767xx.o(RESET) refers to mpu.o(i.MemManage_Handler) for MemManage_Handler
    startup_stm32f767xx.o(RESET) refers to stm32f7xx_it.o(i.BusFault_Handler) for BusFault_Handler
    startup_stm32f767xx.o(RESET) refers to stm32f7xx_it.o(i.UsageFault_Handler) for UsageFault_Handler
    startup_stm32f767xx.o(RESET) refers to stm32f7xx_it.o(i.SVC_Handler) for SVC_Handler
    startup_stm32f767xx.o(RESET) refers to stm32f7xx_it.o(i.DebugMon_Handler) for DebugMon_Handler
    startup_stm32f767xx.o(RESET) refers to stm32f7xx_it.o(i.PendSV_Handler) for PendSV_Handler
    startup_stm32f767xx.o(RESET) refers to stm32f7xx_it.o(i.SysTick_Handler) for SysTick_Handler
    startup_stm32f767xx.o(RESET) refers to timer.o(i.TIM3_IRQHandler) for TIM3_IRQHandler
    startup_stm32f767xx.o(RESET) refers to usart.o(i.USART1_IRQHandler) for USART1_IRQHandler
    startup_stm32f767xx.o(.text) refers (Special) to heapauxi.o(.text) for __use_two_region_memory
    startup_stm32f767xx.o(.text) refers to system_stm32f7xx.o(i.SystemInit) for SystemInit
    startup_stm32f767xx.o(.text) refers to __main.o(!!!main) for __main
    startup_stm32f767xx.o(.text) refers to startup_stm32f767xx.o(HEAP) for Heap_Mem
    startup_stm32f767xx.o(.text) refers to startup_stm32f767xx.o(STACK) for Stack_Mem
    stm32f7xx_hal.o(i.HAL_DeInit) refers to stm32f7xx_hal.o(i.HAL_MspDeInit) for HAL_MspDeInit
    stm32f7xx_hal.o(i.HAL_Delay) refers to stm32f7xx_hal.o(i.HAL_GetTick) for HAL_GetTick
    stm32f7xx_hal.o(i.HAL_GetTick) refers to stm32f7xx_hal.o(.data) for .data
    stm32f7xx_hal.o(i.HAL_IncTick) refers to stm32f7xx_hal.o(.data) for .data
[...]
    __aeabi_memclr4                          0x08000939   Thumb Code     0  rt_memclr_w.o(.text)
    __aeabi_memclr8                          0x08000939   Thumb Code     0  rt_memclr_w.o(.text)
    __rt_memclr_w                            0x08000939   Thumb Code    78  rt_memclr_w.o(.text)
    _memset_w                                0x0800093d   Thumb Code     0  rt_memclr_w.o(.text)
    __aeabi_errno_addr                       0x08000989   Thumb Code     8  rt_errno_addr_intlibspace.o(.text)
    __errno$intlibspace                      0x08000989   Thumb Code     0  rt_errno_addr_intlibspace.o(.text)
    __rt_errno_addr$intlibspace              0x08000989   Thumb Code     0  rt_errno_addr_intlibspace.o(.text)
    _printf_char_common                      0x0800099b   Thumb Code    32  _printf_char_common.o(.text)
    ferror                                   0x080009c1   Thumb Code     8  ferror.o(.text)
    __user_libspace                          0x080009c9   Thumb Code     8  libspace.o(.text)
    __user_perproc_libspace                  0x080009c9   Thumb Code     0  libspace.o(.text)
    __user_perthread_libspace                0x080009c9   Thumb Code     0  libspace.o(.text)
    __user_setup_stackheap                   0x080009d1   Thumb Code    74  sys_stackheap_outer.o(.text)
    exit                                     0x08000a1b   Thumb Code    18  exit.o(.text)
    AT24CXX_Init                             0x08000a2d   Thumb Code     4  24cxx.o(i.AT24CXX_Init)
    AT24CXX_ReadLenByte                      0x08000a31   Thumb Code   106  24cxx.o(i.AT24CXX_ReadLenByte)
    AT24CXX_ReadOneByte                      0x08000a9b   Thumb Code    66  24cxx.o(i.AT24CXX_ReadOneByte)
    AT24CXX_WriteLenByte                     0x08000add   Thumb Code   100  24cxx.o(i.AT24CXX_WriteLenByte)
    AT24CXX_WriteOneByte                     0x08000b41   Thumb Code    62  24cxx.o(i.AT24CXX_WriteOneByte)
    Beep_Init                                0x08000b7f   Thumb Code     4  beep.o(i.Beep_Init)
    BusFault_Handler                         0x08000b83   Thumb Code     2  stm32f7xx_it.o(i.BusFault_Handler)
    CT_IIC_Init                              0x08000b85   Thumb Code    80  ctiic.o(i.CT_IIC_Init)
    CT_IIC_Read_Byte                         0x08000be1   Thumb Code   246  ctiic.o(i.CT_IIC_Read_Byte)
    CT_IIC_Send_Byte                         0x08000ce1   Thumb Code   120  ctiic.o(i.CT_IIC_Send_Byte)
    CT_IIC_Start                             0x08000d61   Thumb Code    78  ctiic.o(i.CT_IIC_Start)
    CT_IIC_Stop                              0x08000db9   Thumb Code    66  ctiic.o(i.CT_IIC_Stop)
    CT_IIC_Wait_Ack                          0x08000e05   Thumb Code   162  ctiic.o(i.CT_IIC_Wait_Ack)
    Cache_Enable                             0x08000eb1   Thumb Code   116  sys.o(i.Cache_Enable)
    DebugMon_Handler                         0x08000f39   Thumb Code     2  stm32f7xx_it.o(i.DebugMon_Handler)
    FMC_NAND_AttributeSpace_Timing_Init      0x08000f3b   Thumb Code    28  stm32f7xx_ll_fmc.o(i.FMC_NAND_AttributeSpace_Timing_Init)
    FMC_NAND_CommonSpace_Timing_Init         0x08000f57   Thumb Code    28  stm32f7xx_ll_fmc.o(i.FMC_NAND_CommonSpace_Timing_Init)
    FMC_NAND_Init                            0x08000f75   Thumb Code    60  stm32f7xx_ll_fmc.o(i.FMC_NAND_Init)
    FMC_NORSRAM_Extended_Timing_Init         0x08000fb5   Thumb Code    68  stm32f7xx_ll_fmc.o(i.FMC_NORSRAM_Extended_Timing_Init)
    FMC_NORSRAM_Init                         0x08000ffd   Thumb Code   120  stm32f7xx_ll_fmc.o(i.FMC_NORSRAM_Init)
    FMC_NORSRAM_Timing_Init                  0x08001079   Thumb Code    96  stm32f7xx_ll_fmc.o(i.FMC_NORSRAM_Timing_Init)
    FMC_SDRAM_Init                           0x080010dd   Thumb Code    94  stm32f7xx_ll_fmc.o(i.FMC_SDRAM_Init)
    FMC_SDRAM_ProgramRefreshRate             0x0800113b   Thumb Code    12  stm32f7xx_ll_fmc.o(i.FMC_SDRAM_ProgramRefreshRate)
    FMC_SDRAM_SendCommand                    0x08001147   Thumb Code    82  stm32f7xx_ll_fmc.o(i.FMC_SDRAM_SendCommand)
    FMC_SDRAM_Timing_Init                    0x08001199   Thumb Code   146  stm32f7xx_ll_fmc.o(i.FMC_SDRAM_Timing_Init)
    FT5206_Init                              0x0800122d   Thumb Code   230  ft5206.o(i.FT5206_Init)
    FT5206_RD_Reg                            0x0800132d   Thumb Code    88  ft5206.o(i.FT5206_RD_Reg)
    FT5206_Scan                              0x08001385   Thumb Code   404  ft5206.o(i.FT5206_Scan)
    FT5206_WR_Reg                            0x0800152d   Thumb Code    74  ft5206.o(i.FT5206_WR_Reg)
    FTL_BlockCompare                         0x08001579   Thumb Code   184  ftl.o(i.FTL_BlockCompare)
    FTL_CopyAndWriteToBlock                  0x08001665   Thumb Code   284  ftl.o(i.FTL_CopyAndWriteToBlock)
    FTL_CreateLUT                            0x08001785   Thumb Code   188  ftl.o(i.FTL_CreateLUT)
    FTL_FindSamePlaneUnusedBlock             0x0800185d   Thumb Code    72  ftl.o(i.FTL_FindSamePlaneUnusedBlock)
    FTL_FindUnusedBlock                      0x080018ad   Thumb Code    66  ftl.o(i.FTL_FindUnusedBlock)
    FTL_Format                               0x080018f5   Thumb Code   344  ftl.o(i.FTL_Format)
    FTL_Init                                 0x08001a79   Thumb Code   110  ftl.o(i.FTL_Init)
    FTL_ReadSectors                          0x08001b5d   Thumb Code   354  ftl.o(i.FTL_ReadSectors)
    FTL_WriteSectors                         0x08001cc5   Thumb Code   340  ftl.o(i.FTL_WriteSectors)
    GT9147_Init                              0x08001e1d   Thumb Code   340  gt9147.o(i.GT9147_Init)
    GT9147_RD_Reg                            0x08001fad   Thumb Code    98  gt9147.o(i.GT9147_RD_Reg)
    GT9147_Scan                              0x08002011   Thumb Code   478  gt9147.o(i.GT9147_Scan)
    GT9147_WR_Reg                            0x08002205   Thumb Code    84  gt9147.o(i.GT9147_WR_Reg)
    Get_HzMat                                0x08002259   Thumb Code   184  text.o(i.Get_HzMat)
    HAL_DMA_Abort_IT                         0x08002315   Thumb Code    36  stm32f7xx_hal_dma.o(i.HAL_DMA_Abort_IT)
    HAL_Delay                                0x08002339   Thumb Code    22  stm32f7xx_hal.o(i.HAL_Delay)
    HAL_GPIO_Init                            0x08002351   Thumb Code   564  stm32f7xx_hal_gpio.o(i.HAL_GPIO_Init)
    HAL_GPIO_ReadPin                         0x08002595   Thumb Code    10  stm32f7xx_hal_gpio.o(i.HAL_GPIO_ReadPin)
    HAL_GPIO_TogglePin                       0x0800259f   Thumb Code     8  stm32f7xx_hal_gpio.o(i.HAL_GPIO_TogglePin)
    HAL_GPIO_WritePin                        0x080025a7   Thumb Code    10  stm32f7xx_hal_gpio.o(i.HAL_GPIO_WritePin)
    HAL_GetTick                              0x080025b1   Thumb Code     6  stm32f7xx_hal.o(i.HAL_GetTick)
    HAL_IncTick                              0x080025bd   Thumb Code    10  stm32f7xx_hal.o(i.HAL_IncTick)
    HAL_Init                                 0x080025cd   Thumb Code    32  stm32f7xx_hal.o(i.HAL_Init)
    HAL_InitTick                             0x080025f1   Thumb Code    34  stm32f7xx_hal.o(i.HAL_InitTick)
    HAL_LTDC_ConfigLayer                     0x08002619   Thumb Code    88  stm32f7xx_hal_ltdc.o(i.HAL_LTDC_ConfigLayer)
    HAL_LTDC_Init                            0x08002671   Thumb Code   262  stm32f7xx_hal_ltdc.o(i.HAL_LTDC_Init)
    HAL_LTDC_MspInit                         0x0800277d   Thumb Code   216  ltdc.o(i.HAL_LTDC_MspInit)
    HAL_LTDC_SetWindowPosition               0x08002871   Thumb Code    88  stm32f7xx_hal_ltdc.o(i.HAL_LTDC_SetWindowPosition)
    HAL_LTDC_SetWindowSize                   0x080028c9   Thumb Code    84  stm32f7xx_hal_ltdc.o(i.HAL_LTDC_SetWindowSize)
    HAL_MPU_ConfigRegion                     0x0800291d   Thumb Code    80  stm32f7xx_hal_cortex.o(i.HAL_MPU_ConfigRegion)
    HAL_MspInit                              0x08002971   Thumb Code     2  stm32f7xx_hal.o(i.HAL_MspInit)
    HAL_NAND_Init                            0x08002973   Thumb Code    82  stm32f7xx_hal_nand.o(i.HAL_NAND_Init)
    HAL_NAND_MspInit                         0x080029c5   Thumb Code   156  nand.o(i.HAL_NAND_MspInit)
    HAL_NVIC_EnableIRQ                       0x08002a75   Thumb Code    24  stm32f7xx_hal_cortex.o(i.HAL_NVIC_EnableIRQ)
    HAL_NVIC_SetPriority                     0x08002a8d   Thumb Code    94  stm32f7xx_hal_cortex.o(i.HAL_NVIC_SetPriority)
    HAL_NVIC_SetPriorityGrouping             0x08002af1   Thumb Code    30  stm32f7xx_hal_cortex.o(i.HAL_NVIC_SetPriorityGrouping)
    HAL_PWREx_EnableOverDrive                0x08002b15   Thumb Code   114  stm32f7xx_hal_pwr_ex.o(i.HAL_PWREx_EnableOverDrive)
    HAL_QSPI_Command                         0x08002b91   Thumb Code   146  stm32f7xx_hal_qspi.o(i.HAL_QSPI_Command)
    HAL_QSPI_Init                            0x08002c25   Thumb Code   188  stm32f7xx_hal_qspi.o(i.HAL_QSPI_Init)
    HAL_QSPI_MspInit                         0x08002ce5   Thumb Code   138  qspi.o(i.HAL_QSPI_MspInit)
    HAL_QSPI_Receive                         0x08002d81   Thumb Code   198  stm32f7xx_hal_qspi.o(i.HAL_QSPI_Receive)
    HAL_QSPI_Transmit                        0x08002e47   Thumb Code   188  stm32f7xx_hal_qspi.o(i.HAL_QSPI_Transmit)
    HAL_RCCEx_PeriphCLKConfig                0x08002f05   Thumb Code  1872  stm32f7xx_hal_rcc_ex.o(i.HAL_RCCEx_PeriphCLKConfig)
    HAL_RCC_ClockConfig                      0x0800365d   Thumb Code   368  stm32f7xx_hal_rcc.o(i.HAL_RCC_ClockConfig)
    HAL_RCC_GetPCLK1Freq                     0x080037e1   Thumb Code    34  stm32f7xx_hal_rcc.o(i.HAL_RCC_GetPCLK1Freq)
    HAL_RCC_GetPCLK2Freq                     0x08003811   Thumb Code    34  stm32f7xx_hal_rcc.o(i.HAL_RCC_GetPCLK2Freq)
    HAL_RCC_GetSysClockFreq                  0x08003841   Thumb Code   136  stm32f7xx_hal_rcc.o(i.HAL_RCC_GetSysClockFreq)
    HAL_RCC_OscConfig                        0x080038d9   Thumb Code   942  stm32f7xx_hal_rcc_ex.o(i.HAL_RCC_OscConfig)
    HAL_SDRAM_Init                           0x08003c9d   Thumb Code    66  stm32f7xx_hal_sdram.o(i.HAL_SDRAM_Init)
    HAL_SDRAM_MspInit                        0x08003ce1   Thumb Code   196  sdram.o(i.HAL_SDRAM_MspInit)
    HAL_SDRAM_ProgramRefreshRate             0x08003dc1   Thumb Code    36  stm32f7xx_hal_sdram.o(i.HAL_SDRAM_ProgramRefreshRate)
    HAL_SDRAM_SendCommand                    0x08003de5   Thumb Code    46  stm32f7xx_hal_sdram.o(i.HAL_SDRAM_SendCommand)
    HAL_SD_Get_CardInfo                      0x08003e13   Thumb Code   706  stm32f7xx_hal_sd.o(i.HAL_SD_Get_CardInfo)
    HAL_SD_Init                              0x080040d5   Thumb Code  1052  stm32f7xx_hal_sd.o(i.HAL_SD_Init)
    HAL_SD_MspInit                           0x080044f1   Thumb Code   122  sdmmc_sdcard.o(i.HAL_SD_MspInit)
    HAL_SD_ReadBlocks                        0x0800457d   Thumb Code   444  stm32f7xx_hal_sd.o(i.HAL_SD_ReadBlocks)
    HAL_SD_StopTransfer                      0x08004739   Thumb Code    44  stm32f7xx_hal_sd.o(i.HAL_SD_StopTransfer)
    HAL_SD_WideBusOperation_Config           0x08004765   Thumb Code   314  stm32f7xx_hal_sd.o(i.HAL_SD_WideBusOperation_Config)
    HAL_SD_WriteBlocks                       0x0800489f   Thumb Code   532  stm32f7xx_hal_sd.o(i.HAL_SD_WriteBlocks)
    HAL_SRAM_Init                            0x08004ab3   Thumb Code    86  stm32f7xx_hal_sram.o(i.HAL_SRAM_Init)
    HAL_SRAM_MspInit                         0x08004b09   Thumb Code   108  lcd.o(i.HAL_SRAM_MspInit)
    HAL_SYSTICK_CLKSourceConfig              0x08004b85   Thumb Code    22  stm32f7xx_hal_cortex.o(i.HAL_SYSTICK_CLKSourceConfig)
    HAL_SYSTICK_Config                       0x08004b9d   Thumb Code    38  stm32f7xx_hal_cortex.o(i.HAL_SYSTICK_Config)
    HAL_TIMEx_BreakCallback                  0x08004bc9   Thumb Code     2  stm32f7xx_hal_tim_ex.o(i.HAL_TIMEx_BreakCallback)
    HAL_TIMEx_CommutationCallback            0x08004bcb   Thumb Code     2  stm32f7xx_hal_tim_ex.o(i.HAL_TIMEx_CommutationCallback)
    HAL_TIM_Base_Init                        0x08004bcd   Thumb Code    50  stm32f7xx_hal_tim.o(i.HAL_TIM_Base_Init)
    HAL_TIM_Base_MspInit                     0x08004c01   Thumb Code    54  timer.o(i.HAL_TIM_Base_MspInit)
    HAL_TIM_Base_Start_IT                    0x08004c3d   Thumb Code    24  stm32f7xx_hal_tim.o(i.HAL_TIM_Base_Start_IT)
    HAL_TIM_IC_CaptureCallback               0x08004c55   Thumb Code     2  stm32f7xx_hal_tim.o(i.HAL_TIM_IC_CaptureCallback)
    HAL_TIM_IRQHandler                       0x08004c57   Thumb Code   390  stm32f7xx_hal_tim.o(i.HAL_TIM_IRQHandler)
    HAL_TIM_OC_DelayElapsedCallback          0x08004ddd   Thumb Code     2  stm32f7xx_hal_tim.o(i.HAL_TIM_OC_DelayElapsedCallback)
    HAL_TIM_PWM_PulseFinishedCallback        0x08004ddf   Thumb Code     2  stm32f7xx_hal_tim.o(i.HAL_TIM_PWM_PulseFinishedCallback)
    HAL_TIM_PeriodElapsedCallback            0x08004de1   Thumb Code    46  timer.o(i.HAL_TIM_PeriodElapsedCallback)
    HAL_TIM_TriggerCallback                  0x08004e1d   Thumb Code     2  stm32f7xx_hal_tim.o(i.HAL_TIM_TriggerCallback)
    HAL_UART_ErrorCallback                   0x08004e1f   Thumb Code     2  stm32f7xx_hal_uart.o(i.HAL_UART_ErrorCallback)
    HAL_UART_IRQHandler                      0x08004e21   Thumb Code   454  stm32f7xx_hal_uart.o(i.HAL_UART_IRQHandler)
    HAL_UART_Init                            0x08004fed   Thumb Code   110  stm32f7xx_hal_uart.o(i.HAL_UART_Init)
    HAL_UART_MspInit                         0x0800505d   Thumb Code   118  usart.o(i.HAL_UART_MspInit)
    HAL_UART_Receive_IT                      0x080050e1   Thumb Code   160  stm32f7xx_hal_uart.o(i.HAL_UART_Receive_IT)
    HAL_UART_RxCpltCallback                  0x08005181   Thumb Code    34  usart.o(i.HAL_UART_RxCpltCallback)
    HAL_UART_TxCpltCallback                  0x080051ad   Thumb Code     2  stm32f7xx_hal_uart.o(i.HAL_UART_TxCpltCallback)
    HardFault_Handler                        0x080051af   Thumb Code     2  stm32f7xx_it.o(i.HardFault_Handler)
    IIC_Init                                 0x080051b1   Thumb Code    70  myiic.o(i.IIC_Init)
    IIC_Read_Byte                            0x08005201   Thumb Code   228  myiic.o(i.IIC_Read_Byte)
    IIC_Send_Byte                            0x080052e9   Thumb Code   114  myiic.o(i.IIC_Send_Byte)
    IIC_Start                                0x08005361   Thumb Code    76  myiic.o(i.IIC_Start)
    IIC_Stop                                 0x080053b1   Thumb Code    76  myiic.o(i.IIC_Stop)
    IIC_Wait_Ack                             0x08005401   Thumb Code   168  myiic.o(i.IIC_Wait_Ack)
    KEY_Init                                 0x080054ad   Thumb Code   112  key.o(i.KEY_Init)
    Keyboard_GetValue                        0x0800552d   Thumb Code   152  keyboard.o(i.Keyboard_GetValue)
    Keyboard_Init                            0x080055c9   Thumb Code   340  keyboard.o(i.Keyboard_Init)
    LCD_Clear                                0x0800574d   Thumb Code    72  lcd.o(i.LCD_Clear)
    LCD_Display_Dir                          0x080057a5   Thumb Code   252  lcd.o(i.LCD_Display_Dir)
    LCD_DrawLine                             0x080058a9   Thumb Code   188  lcd.o(i.LCD_DrawLine)
    LCD_DrawPoint                            0x08005979   Thumb Code    40  lcd.o(i.LCD_DrawPoint)
    LCD_DrawRectangle                        0x080059b1   Thumb Code    58  lcd.o(i.LCD_DrawRectangle)
    LCD_Draw_Circle                          0x080059ed   Thumb Code   458  lcd.o(i.LCD_Draw_Circle)
    LCD_Fast_DrawPoint                       0x08005bcd   Thumb Code   594  lcd.o(i.LCD_Fast_DrawPoint)
    LCD_Fill                                 0x08005e2d   Thumb Code   108  lcd.o(i.LCD_Fill)
    LCD_Init                                 0x08005ea5   Thumb Code 18978  lcd.o(i.LCD_Init)
    LCD_MPU_Config                           0x0800a8e1   Thumb Code   100  lcd.o(i.LCD_MPU_Config)
    LCD_SSD_BackLightSet                     0x0800a951   Thumb Code   170  lcd.o(i.LCD_SSD_BackLightSet)
    LCD_Scan_Dir                             0x0800aa11   Thumb Code   786  lcd.o(i.LCD_Scan_Dir)
    LCD_SetCursor                            0x0800ad2d   Thumb Code   692  lcd.o(i.LCD_SetCursor)
    LCD_ShowChar                             0x0800afe9   Thumb Code   272  lcd.o(i.LCD_ShowChar)
    LCD_ShowNum                              0x0800b105   Thumb Code   158  lcd.o(i.LCD_ShowNum)
    LCD_ShowString                           0x0800b1a9   Thumb Code    98  lcd.o(i.LCD_ShowString)
    LED_Init                                 0x0800b20d   Thumb Code    68  led.o(i.LED_Init)
    LTDC_Clear                               0x0800b259   Thumb Code    28  ltdc.o(i.LTDC_Clear)
    LTDC_Display_Dir                         0x0800b279   Thumb Code    34  ltdc.o(i.LTDC_Display_Dir)
    LTDC_Draw_Point                          0x0800b2a1   Thumb Code    58  ltdc.o(i.LTDC_Draw_Point)
    LTDC_Fill                                0x0800b2e5   Thumb Code   166  ltdc.o(i.LTDC_Fill)
    LTDC_Init                                0x0800b39d   Thumb Code   470  ltdc.o(i.LTDC_Init)
    LTDC_Layer_Parameter_Config              0x0800b591   Thumb Code    86  ltdc.o(i.LTDC_Layer_Parameter_Config)
    LTDC_PanelID_Read                        0x0800b5f1   Thumb Code   176  ltdc.o(i.LTDC_PanelID_Read)
    MPU_Memory_Protection                    0x0800b87b   Thumb Code    54  mpu.o(i.MPU_Memory_Protection)
    MPU_Set_Protection                       0x0800b8b1   Thumb Code   104  mpu.o(i.MPU_Set_Protection)
    MemManage_Handler                        0x0800b921   Thumb Code    64  mpu.o(i.MemManage_Handler)
    NAND_CopyPageWithWrite                   0x0800b999   Thumb Code   484  nand.o(i.NAND_CopyPageWithWrite)
    NAND_CopyPageWithoutWrite                0x0800bb89   Thumb Code   116  nand.o(i.NAND_CopyPageWithoutWrite)
    NAND_ECC_Correction                      0x0800bc09   Thumb Code   110  nand.o(i.NAND_ECC_Correction)
    NAND_ECC_Get_OE                          0x0800bca5   Thumb Code    56  nand.o(i.NAND_ECC_Get_OE)
    NAND_EraseBlock                          0x0800bcdd   Thumb Code    64  nand.o(i.NAND_EraseBlock)
    NAND_Init                                0x0800bd31   Thumb Code   250  nand.o(i.NAND_Init)
    NAND_MPU_Config                          0x0800be59   Thumb Code    98  nand.o(i.NAND_MPU_Config)
    NAND_ReadPage                            0x0800bec5   Thumb Code   636  nand.o(i.NAND_ReadPage)
    NAND_ReadPageComp                        0x0800c19d   Thumb Code   102  nand.o(i.NAND_ReadPageComp)
    NAND_ReadSpare                           0x0800c20d   Thumb Code    36  nand.o(i.NAND_ReadSpare)
    NAND_WaitForReady                        0x0800c235   Thumb Code   124  nand.o(i.NAND_WaitForReady)
    NAND_WaitRB                              0x0800c2b9   Thumb Code    72  nand.o(i.NAND_WaitRB)
    NAND_WritePage                           0x0800c305   Thumb Code   376  nand.o(i.NAND_WritePage)
    NAND_WritePageConst                      0x0800c489   Thumb Code    80  nand.o(i.NAND_WritePageConst)
    NAND_WriteSpare                          0x0800c4e1   Thumb Code    40  nand.o(i.NAND_WriteSpare)
    NMI_Handler                              0x0800c50d   Thumb Code     2  stm32f7xx_it.o(i.NMI_Handler)
    OTT2001A_Init                            0x0800c511   Thumb Code   224  ott2001a.o(i.OTT2001A_Init)
    OTT2001A_RD_Reg                          0x0800c609   Thumb Code    98  ott2001a.o(i.OTT2001A_RD_Reg)
    OTT2001A_Scan                            0x0800c671   Thumb Code   444  ott2001a.o(i.OTT2001A_Scan)
    PCF8574_Init                             0x0800c85d   Thumb Code   114  pcf8574.o(i.PCF8574_Init)
    PCF8574_WriteBit                         0x0800c8d9   Thumb Code    84  pcf8574.o(i.PCF8574_WriteBit)
    PendSV_Handler                           0x0800c92d   Thumb Code     2  stm32f7xx_it.o(i.PendSV_Handler)
    QSPI_Init                                0x0800cb75   Thumb Code    60  qspi.o(i.QSPI_Init)
    QSPI_Receive                             0x0800cbb9   Thumb Code    30  qspi.o(i.QSPI_Receive)
    QSPI_Send_CMD                            0x0800cbdd   Thumb Code    54  qspi.o(i.QSPI_Send_CMD)
    QSPI_Transmit                            0x0800cc19   Thumb Code    30  qspi.o(i.QSPI_Transmit)
    SDMMC_DataConfig                         0x0800cc97   Thumb Code    36  stm32f7xx_ll_sdmmc.o(i.SDMMC_DataConfig)
    SDMMC_GetCommandResponse                 0x0800ccbb   Thumb Code     6  stm32f7xx_ll_sdmmc.o(i.SDMMC_GetCommandResponse)
    SDMMC_GetPowerState                      0x0800ccc1   Thumb Code     8  stm32f7xx_ll_sdmmc.o(i.SDMMC_GetPowerState)
    SDMMC_GetResponse                        0x0800ccc9   Thumb Code    14  stm32f7xx_ll_sdmmc.o(i.SDMMC_GetResponse)
    SDMMC_Init                               0x0800ccd7   Thumb Code    44  stm32f7xx_ll_sdmmc.o(i.SDMMC_Init)
    SDMMC_PowerState_ON                      0x0800cd03   Thumb Code     8  stm32f7xx_ll_sdmmc.o(i.SDMMC_PowerState_ON)
    SDMMC_ReadFIFO                           0x0800cd0b   Thumb Code     6  stm32f7xx_ll_sdmmc.o(i.SDMMC_ReadFIFO)
    SDMMC_SendCommand                        0x0800cd11   Thumb Code    32  stm32f7xx_ll_sdmmc.o(i.SDMMC_SendCommand)
    SDMMC_WriteFIFO                          0x0800cd31   Thumb Code    10  stm32f7xx_ll_sdmmc.o(i.SDMMC_WriteFIFO)
    SDRAM_Init                               0x0800cd3d   Thumb Code   152  sdram.o(i.SDRAM_Init)
    SDRAM_Send_Cmd                           0x0800cddd   Thumb Code    60  sdram.o(i.SDRAM_Send_Cmd)
    SD_Init                                  0x0800d061   Thumb Code    56  sdmmc_sdcard.o(i.SD_Init)
    SD_ReadDisk                              0x0800d235   Thumb Code   130  sdmmc_sdcard.o(i.SD_ReadDisk)
    SD_WriteDisk                             0x0800d2c1   Thumb Code   130  sdmmc_sdcard.o(i.SD_WriteDisk)
    SVC_Handler                              0x0800d34d   Thumb Code     2  stm32f7xx_it.o(i.SVC_Handler)
    Show_Str                                 0x0800d351   Thumb Code   382  text.o(i.Show_Str)
    Stm32_Clock_Init                         0x0800d4d9   Thumb Code   152  sys.o(i.Stm32_Clock_Init)
    SysTick_Handler                          0x0800d579   Thumb Code     4  stm32f7xx_it.o(i.SysTick_Handler)
    SystemInit                               0x0800d57d   Thumb Code    64  system_stm32f7xx.o(i.SystemInit)
    TIM3_IRQHandler                          0x0800d5d5   Thumb Code     6  timer.o(i.TIM3_IRQHandler)
    TIM3_Init                                0x0800d5e1   Thumb Code    34  timer.o(i.TIM3_Init)
    TIM_Base_SetConfig                       0x0800d60d   Thumb Code   180  stm32f7xx_hal_tim.o(i.TIM_Base_SetConfig)
    TP_Adj_Info_Show                         0x0800d6d5   Thumb Code   320  touch.o(i.TP_Adj_Info_Show)
    TP_Adjust                                0x0800d849   Thumb Code  1710  touch.o(i.TP_Adjust)
    TP_Drow_Touch_Point                      0x0800df2d   Thumb Code   106  touch.o(i.TP_Drow_Touch_Point)
    TP_Get_Adjdata                           0x0800df9d   Thumb Code   134  touch.o(i.TP_Get_Adjdata)
    TP_Init                                  0x0800e02d   Thumb Code   296  touch.o(i.TP_Init)
    TP_Read_AD                               0x0800e17d   Thumb Code   242  touch.o(i.TP_Read_AD)
    TP_Read_XOY                              0x0800e27d   Thumb Code   112  touch.o(i.TP_Read_XOY)
    TP_Read_XY2                              0x0800e2ed   Thumb Code   142  touch.o(i.TP_Read_XY2)
    TP_Save_Adjdata                          0x0800e381   Thumb Code   110  touch.o(i.TP_Save_Adjdata)
    TP_Scan                                  0x0800e3f9   Thumb Code   190  touch.o(i.TP_Scan)
    UART_AdvFeatureConfig                    0x0800e4c1   Thumb Code   218  stm32f7xx_hal_uart.o(i.UART_AdvFeatureConfig)
    UART_CheckIdleState                      0x0800e59b   Thumb Code    96  stm32f7xx_hal_uart.o(i.UART_CheckIdleState)
    UART_SetConfig                           0x0800e691   Thumb Code   664  stm32f7xx_hal_uart.o(i.UART_SetConfig)
    UART_WaitOnFlagUntilTimeout              0x0800e939   Thumb Code   116  stm32f7xx_hal_uart.o(i.UART_WaitOnFlagUntilTimeout)
    USART1_IRQHandler                        0x0800e9ad   Thumb Code     6  usart.o(i.USART1_IRQHandler)
    UsageFault_Handler                       0x0800e9b9   Thumb Code     2  stm32f7xx_it.o(i.UsageFault_Handler)
    W25QXX_Erase_Sector                      0x0800e9bb   Thumb Code    64  w25qxx.o(i.W25QXX_Erase_Sector)
    W25QXX_Init                              0x0800e9fd   Thumb Code   200  w25qxx.o(i.W25QXX_Init)
    W25QXX_Read                              0x0800eac9   Thumb Code    50  w25qxx.o(i.W25QXX_Read)
    W25QXX_ReadSR                            0x0800eafd   Thumb Code   100  w25qxx.o(i.W25QXX_ReadSR)
    W25QXX_Write                             0x0800eb65   Thumb Code   408  w25qxx.o(i.W25QXX_Write)
    W25QXX_Write_Enable                      0x0800ed01   Thumb Code    60  w25qxx.o(i.W25QXX_Write_Enable)
    W25QXX_Write_SR                          0x0800ed41   Thumb Code    88  w25qxx.o(i.W25QXX_Write_SR)
    __hardfp_sqrt                            0x0800ed9d   Thumb Code   102  sqrt.o(i.__hardfp_sqrt)
    _sys_exit                                0x0800ee03   Thumb Code     2  usart.o(i._sys_exit)
    delay_init                               0x0800f0f5   Thumb Code    16  delay.o(i.delay_init)
    delay_ms                                 0x0800f109   Thumb Code    70  delay.o(i.delay_ms)
    delay_us                                 0x0800f155   Thumb Code    46  delay.o(i.delay_us)
    disk_initialize                          0x0800fbed   Thumb Code    40  diskio.o(i.disk_initialize)
    disk_ioctl                               0x0800fc15   Thumb Code   164  diskio.o(i.disk_ioctl)
    disk_read                                0x0800fcc1   Thumb Code   106  diskio.o(i.disk_read)
    disk_status                              0x0800fd2b   Thumb Code     4  diskio.o(i.disk_status)
    disk_write                               0x0800fd2f   Thumb Code   106  diskio.o(i.disk_write)
    exfuns_init                              0x0800fd99   Thumb Code    96  exfuns.o(i.exfuns_init)
    f_close                                  0x0800fe01   Thumb Code    32  ff.o(i.f_close)
    f_mount                                  0x0800fe21   Thumb Code    78  ff.o(i.f_mount)
    f_open                                   0x0800fe75   Thumb Code   714  ff.o(i.f_open)
    f_read                                   0x0801013f   Thumb Code   478  ff.o(i.f_read)
    f_sync                                   0x0801031d   Thumb Code   442  ff.o(i.f_sync)
    ff_convert                               0x080104d9   Thumb Code   116  mycc936.o(i.ff_convert)
    ff_memalloc                              0x08010551   Thumb Code     8  diskio.o(i.ff_memalloc)
    ff_memfree                               0x08010559   Thumb Code     8  diskio.o(i.ff_memfree)
    ff_wtoupper                              0x08010561   Thumb Code    30  mycc936.o(i.ff_wtoupper)
    font_init                                0x08010e49   Thumb Code    56  fontupd.o(i.font_init)
    fputc                                    0x08010e85   Thumb Code    16  usart.o(i.fputc)
    fupd_prog                                0x08010e99   Thumb Code   120  fontupd.o(i.fupd_prog)
    get_fattime                              0x0801107f   Thumb Code     4  diskio.o(i.get_fattime)
    key_check                                0x080110ed   Thumb Code   698  keyboard.o(i.key_check)
    main                                     0x080115c1   Thumb Code   606  main.o(i.main)
    my_mem_init                              0x080118ed   Thumb Code    52  malloc.o(i.my_mem_init)
    my_mem_malloc                            0x08011929   Thumb Code   134  malloc.o(i.my_mem_malloc)
    my_mem_perused                           0x080119bd   Thumb Code    58  malloc.o(i.my_mem_perused)
    myfree                                   0x08011a01   Thumb Code    98  malloc.o(i.myfree)
    mymalloc                                 0x08011a71   Thumb Code    30  malloc.o(i.mymalloc)
    sim900a_key_staset                       0x08011d19   Thumb Code   362  keyboard.o(i.sim900a_key_staset)
    uart_init                                0x08012099   Thumb Code    28  usart.o(i.uart_init)
    updata_fontx                             0x080120bd   Thumb Code   394  fontupd.o(i.updata_fontx)
    update_font                              0x0801225d   Thumb Code   510  fontupd.o(i.update_font)
    _fp_init                                 0x080124c3   Thumb Code    10  fpinit.o(x$fpl$fpinit)
    __fplib_config_fpu_vfp                   0x080124cb   Thumb Code     0  fpinit.o(x$fpl$fpinit)
    __fplib_config_pureend_doubles           0x080124cb   Thumb Code     0  fpinit.o(x$fpl$fpinit)
    AHBPrescTable                            0x080124cc   Data          16  system_stm32f7xx.o(.constdata)
    __I$use$fp                               0x080124cc   Number         0  usenofp.o(x$fpl$usenofp)
    APBPrescTable                            0x080124dc   Data           8  system_stm32f7xx.o(.constdata)
    asc2_1206                                0x080124e4   Data        1140  lcd.o(.constdata)
    asc2_1608                                0x08012958   Data        1520  lcd.o(.constdata)
    asc2_2412                                0x08012f48   Data        3420  lcd.o(.constdata)
    asc2_3216                                0x08013ca4   Data       12160  lcd.o(.constdata)
    FT5206_TPX_TBL                           0x08016c24   Data          10  ft5206.o(.constdata)
    GT9147_CFG_TBL                           0x08016c2e   Data         184  gt9147.o(.constdata)
    GT9147_TPX_TBL                           0x08016ce6   Data          10  gt9147.o(.constdata)
    OTT_TPX_TBL                              0x08016cf0   Data          10  ott2001a.o(.constdata)
    TP_REMIND_MSG_TBL                        0x08016cfc   Data           4  touch.o(.constdata)
    memtblsize                               0x08016d00   Data          12  malloc.o(.constdata)
    memblksize                               0x08016d0c   Data          12  malloc.o(.constdata)
    memsize                                  0x08016d18   Data          12  malloc.o(.constdata)
    GBK_PATH                                 0x08017130   Data          20  fontupd.o(.constdata)
    UPDATE_REMIND_TBL                        0x08017144   Data          20  fontupd.o(.constdata)
    Region$$Table$$Base                      0x080172ec   Number         0  anon$$obj.o(Region$$Table)
    Region$$Table$$Limit                     0x0801730c   Number         0  anon$$obj.o(Region$$Table)
    mem3base                                 0x20000000   Data       61440  malloc.o(.ARM.__AT_0x20000000)
    mem3mapbase                              0x2000f000   Data        3840  malloc.o(.ARM.__AT_0x2000F000)
    Show_Flag                                0x20020000   Data           1  main.o(.data)
    KEY_VALUE                                0x20020001   Data           1  main.o(.data)
    SystemCoreClock                          0x20020004   Data           4  system_stm32f7xx.o(.data)
    uwTick                                   0x20020008   Data           4  stm32f7xx_hal.o(.data)
    __stdout                                 0x20020010   Data           4  usart.o(.data)
    POINT_COLOR                              0x20020014   Data           4  lcd.o(.data)
    BACK_COLOR                               0x20020018   Data           4  lcd.o(.data)
    ltdc_framebuf                            0x2002001c   Data           8  ltdc.o(.data)
    W25QXX_QPI_MODE                          0x20020028   Data           1  w25qxx.o(.data)
    W25QXX_TYPE                              0x2002002a   Data           2  w25qxx.o(.data)
    CMD_RDX                                  0x20020030   Data           1  touch.o(.data)
    CMD_RDY                                  0x20020031   Data           1  touch.o(.data)
    tp_dev                                   0x20020034   Data          52  touch.o(.data)
    key_value                                0x2002006c   Data           6  keyboard.o(.data)
    chr_value                                0x20020072   Data           6  keyboard.o(.data)
    mallco_dev                               0x20020078   Data          36  malloc.o(.data)
    file                                     0x200200a0   Data           4  exfuns.o(.data)
    ftemp                                    0x200200a4   Data           4  exfuns.o(.data)
    fatbuf                                   0x200200a8   Data           4  exfuns.o(.data)
    SendBuff                                 0x200200ac   Data        4500  main.o(.bss)
    UART1_Handler                            0x20021240   Data         112  usart.o(.bss)
    SDRAM_Handler                            0x200212b0   Data          52  sdram.o(.bss)
    SRAM_Handler                             0x200212e4   Data          76  lcd.o(.bss)
    lcddev                                   0x20021330   Data          14  lcd.o(.bss)
    LTDC_Handler                             0x20021340   Data         168  ltdc.o(.bss)
    lcdltdc                                  0x200213e8   Data          32  ltdc.o(.bss)
    NAND_Handler                             0x20021408   Data          56  nand.o(.bss)
    nand_dev                                 0x20021440   Data          92  nand.o(.bss)
    SDCARD_Handler                           0x200214a0   Data          96  sdmmc_sdcard.o(.bss)
    SDCardInfo                               0x20021500   Data          88  sdmmc_sdcard.o(.bss)
    SDIO_DATA_BUFFER                         0x20021558   Data         512  sdmmc_sdcard.o(.bss)
    W25QXX_BUFFER                            0x20021758   Data        4096  w25qxx.o(.bss)
    QSPI_Handler                             0x20022758   Data          68  qspi.o(.bss)
    TIM3_Handler                             0x2002279c   Data          60  timer.o(.bss)
    mem1base                                 0x200227e0   Data       163840  malloc.o(.bss)
    mem1mapbase                              0x2004a7e0   Data       10240  malloc.o(.bss)
    fs                                       0x2004cfec   Data          12  exfuns.o(.bss)
    ftinfo                                   0x2004cff8   Data          41  fontupd.o(.bss)
    __libspace_start                         0x2004d024   Data          96  libspace.o(.bss)
    __temporary_stack_top$libspace           0x2004d084   Data           0  libspace.o(.bss)
    ltdc_lcd_framebuf                        0xc0000000   Data       2048000  ltdc.o(.ARM.__AT_0xC0000000)
    mem2base                                 0xc01f4000   Data       29605888  malloc.o(.ARM.__AT_0xC01F4000)
    mem2mapbase                              0xc1e30000   Data       1850368  malloc.o(.ARM.__AT_0xC1E30000)



==============================================================================

Memory Map of the image

  Image Entry point : 0x080001f9

  Load Region LR_IROM1 (Base: 0x08000000, Size: 0x000173b8, Max: 0x00100000, ABSOLUTE)

    Execution Region ER_IROM1 (Exec base: 0x08000000, Load base: 0x08000000, Size: 0x0001730c, Max: 0x00100000, ABSOLUTE)

    Exec Addr    Load Addr    Size         Type   Attr      Idx    E Section Name        Object

    0x08000000   0x08000000   0x000001f8   Data   RO          634    RESET               startup_stm32f767xx.o
    0x080001f8   0x080001f8   0x00000008   Code   RO         6966  * !!!main             c_w.l(__main.o)
    0x08000200   0x08000200   0x00000034   Code   RO         7173    !!!scatter          c_w.l(__scatter.o)
    0x08000234   0x08000234   0x0000001a   Code   RO         7175    !!handler_copy      c_w.l(__scatter_copy.o)
    0x0800024e   0x0800024e   0x00000002   PAD
    0x08000250   0x08000250   0x0000001c   Code   RO         7177    !!handler_zi        c_w.l(__scatter_zi.o)
    0x0800026c   0x0800026c   0x00000000   Code   RO         6950    .ARM.Collect$$_printf_percent$$00000000  c_w.l(_printf_percent.o)
    0x0800026c   0x0800026c   0x00000006   Code   RO         6949    .ARM.Collect$$_printf_percent$$00000009  c_w.l(_printf_d.o)
    0x08000272   0x08000272   0x00000006   Code   RO         6948    .ARM.Collect$$_printf_percent$$0000000C  c_w.l(_printf_x.o)
    0x08000278   0x08000278   0x00000006   Code   RO         6946    .ARM.Collect$$_printf_percent$$00000013  c_w.l(_printf_c.o)
    0x0800027e   0x0800027e   0x00000006   Code   RO         6947    .ARM.Collect$$_printf_percent$$00000014  c_w.l(_printf_s.o)
    0x08000284   0x08000284   0x00000004   Code   RO         6997    .ARM.Collect$$_printf_percent$$00000017  c_w.l(_printf_percent_end.o)
    0x08000288   0x08000288   0x00000002   Code   RO         7050    .ARM.Collect$$libinit$$00000000  c_w.l(libinit.o)
    0x0800028a   0x0800028a   0x00000004   Code   RO         7059    .ARM.Collect$$libinit$$00000001  c_w.l(libinit2.o)
    0x0800028e   0x0800028e   0x00000000   Code   RO         7062    .ARM.Collect$$libinit$$00000004  c_w.l(libinit2.o)
    0x0800028e   0x0800028e   0x00000000   Code   RO         7065    .ARM.Collect$$libinit$$0000000A  c_w.l(libinit2.o)
    0x0800028e   0x0800028e   0x00000000   Code   RO         7067    .ARM.Collect$$libinit$$0000000C  c_w.l(libinit2.o)
    0x0800028e   0x0800028e   0x00000000   Code   RO         7069    .ARM.Collect$$libinit$$0000000E  c_w.l(libinit2.o)
    0x0800028e   0x0800028e   0x00000000   Code   RO         7072    .ARM.Collect$$libinit$$00000011  c_w.l(libinit2.o)
    0x0800028e   0x0800028e   0x00000000   Code   RO         7074    .ARM.Collect$$libinit$$00000013  c_w.l(libinit2.o)
    0x0800028e   0x0800028e   0x00000000   Code   RO         7076    .ARM.Collect$$libinit$$00000015  c_w.l(libinit2.o)
    0x0800028e   0x0800028e   0x00000000   Code   RO         7078    .ARM.Collect$$libinit$$00000017  c_w.l(libinit2.o)
    0x0800028e   0x0800028e   0x00000000   Code   RO         7080    .ARM.Collect$$libinit$$00000019  c_w.l(libinit2.o)
    0x0800028e   0x0800028e   0x00000000   Code   RO         7082    .ARM.Collect$$libinit$$0000001B  c_w.l(libinit2.o)
    0x0800028e   0x0800028e   0x00000000   Code   RO         7084    .ARM.Collect$$libinit$$0000001D  c_w.l(libinit2.o)
    0x0800028e   0x0800028e   0x00000000   Code   RO         7086    .ARM.Collect$$libinit$$0000001F  c_w.l(libinit2.o)
    0x0800028e   0x0800028e   0x00000000   Code   RO         7088    .ARM.Collect$$libinit$$00000021  c_w.l(libinit2.o)
    0x0800028e   0x0800028e   0x00000000   Code   RO         7090    .ARM.Collect$$libinit$$00000023  c_w.l(libinit2.o)
    0x0800028e   0x0800028e   0x00000000   Code   RO         7092    .ARM.Collect$$libinit$$00000025  c_w.l(libinit2.o)
    0x0800028e   0x0800028e   0x00000000   Code   RO         7096    .ARM.Collect$$libinit$$0000002C  c_w.l(libinit2.o)
    0x0800028e   0x0800028e   0x00000000   Code   RO         7098    .ARM.Collect$$libinit$$0000002E  c_w.l(libinit2.o)
    0x0800028e   0x0800028e   0x00000000   Code   RO         7100    .ARM.Collect$$libinit$$00000030  c_w.l(libinit2.o)
    0x0800028e   0x0800028e   0x00000000   Code   RO         7102    .ARM.Collect$$libinit$$00000032  c_w.l(libinit2.o)
    0x0800028e   0x0800028e   0x00000002   Code   RO         7103    .ARM.Collect$$libinit$$00000033  c_w.l(libinit2.o)
    0x08000290   0x08000290   0x00000002   Code   RO         7129    .ARM.Collect$$libshutdown$$00000000  c_w.l(libshutdown.o)
    0x08000292   0x08000292   0x00000000   Code   RO         7156    .ARM.Collect$$libshutdown$$00000002  c_w.l(libshutdown2.o)
    0x08000292   0x08000292   0x00000000   Code   RO         7158    .ARM.Collect$$libshutdown$$00000004  c_w.l(libshutdown2.o)
    0x08000292   0x08000292   0x00000000   Code   RO         7161    .ARM.Collect$$libshutdown$$00000007  c_w.l(libshutdown2.o)
    0x08000292   0x08000292   0x00000000   Code   RO         7164    .ARM.Collect$$libshutdown$$0000000A  c_w.l(libshutdown2.o)
    0x08000292   0x08000292   0x00000000   Code   RO         7166    .ARM.Collect$$libshutdown$$0000000C  c_w.l(libshutdown2.o)
    0x08000292   0x08000292   0x00000000   Code   RO         7169    .ARM.Collect$$libshutdown$$0000000F  c_w.l(libshutdown2.o)
    0x08000292   0x08000292   0x00000002   Code   RO         7170    .ARM.Collect$$libshutdown$$00000010  c_w.l(libshutdown2.o)
    0x08000294   0x08000294   0x00000000   Code   RO         6982    .ARM.Collect$$rtentry$$00000000  c_w.l(__rtentry.o)
    0x08000294   0x08000294   0x00000000   Code   RO         7005    .ARM.Collect$$rtentry$$00000002  c_w.l(__rtentry2.o)
    0x08000294   0x08000294   0x00000006   Code   RO         7017    .ARM.Collect$$rtentry$$00000004  c_w.l(__rtentry4.o)
    0x0800029a   0x0800029a   0x00000000   Code   RO         7007    .ARM.Collect$$rtentry$$00000009  c_w.l(__rtentry2.o)
    0x0800029a   0x0800029a   0x00000004   Code   RO         7008    .ARM.Collect$$rtentry$$0000000A  c_w.l(__rtentry2.o)
    0x0800029e   0x0800029e   0x00000000   Code   RO         7010    .ARM.Collect$$rtentry$$0000000C  c_w.l(__rtentry2.o)
    0x0800029e   0x0800029e   0x00000008   Code   RO         7011    .ARM.Collect$$rtentry$$0000000D  c_w.l(__rtentry2.o)
    0x080002a6   0x080002a6   0x00000002   Code   RO         7051    .ARM.Collect$$rtexit$$00000000  c_w.l(rtexit.o)
    0x080002a8   0x080002a8   0x00000000   Code   RO         7105    .ARM.Collect$$rtexit$$00000002  c_w.l(rtexit2.o)
    0x080002a8   0x080002a8   0x00000004   Code   RO         7106    .ARM.Collect$$rtexit$$00000003  c_w.l(rtexit2.o)
    0x080002ac   0x080002ac   0x00000006   Code   RO         7107    .ARM.Collect$$rtexit$$00000004  c_w.l(rtexit2.o)
    0x080002b2   0x080002b2   0x00000002   PAD
    0x080002b4   0x080002b4   0x00000010   Code   RO         4286    .emb_text           sys.o
    0x080002c4   0x080002c4   0x00000040   Code   RO          635    .text               startup_stm32f767xx.o
    0x08000304   0x08000304   0x00000002   Code   RO         6889    .text               c_w.l(use_no_semi_2.o)
    0x08000306   0x08000306   0x000000ee   Code   RO         6891    .text               c_w.l(lludivv7m.o)
    0x080003f4   0x080003f4   0x00000018   Code   RO         6895    .text               c_w.l(noretval__2printf.o)
    0x0800040c   0x0800040c   0x00000052   Code   RO         6899    .text               c_w.l(_printf_str.o)
    0x0800045e   0x0800045e   0x00000002   PAD
    0x08000460   0x08000460   0x00000078   Code   RO         6901    .text               c_w.l(_printf_dec.o)
    0x080004d8   0x080004d8   0x00000058   Code   RO         6908    .text               c_w.l(_printf_hex_int.o)
    0x08000530   0x08000530   0x000000ec   Code   RO         6931    .text               c_w.l(__printf_flags_ss.o)
    0x0800061c   0x0800061c   0x00000048   Code   RO         6952    .text               c_w.l(strcpy.o)
    0x08000664   0x08000664   0x00000018   Code   RO         6956    .text               c_w.l(strcat.o)
    0x0800067c   0x0800067c   0x0000008a   Code   RO         6958    .text               c_w.l(rt_memcpy_v6.o)
    0x08000706   0x08000706   0x00000044   Code   RO         6960    .text               c_w.l(rt_memclr.o)
    0x0800074a   0x0800074a   0x00000002   PAD
    0x0800074c   0x0800074c   0x00000068   Code   RO         6962    .text               c_w.l(strcmpv7m_pel.o)
    0x080007b4   0x080007b4   0x00000006   Code   RO         6964    .text               c_w.l(heapauxi.o)
    0x080007ba   0x080007ba   0x00000002   Code   RO         6980    .text               c_w.l(use_no_semi.o)
    0x080007bc   0x080007bc   0x00000016   Code   RO         6989    .text               c_w.l(_rserrno.o)
    0x080007d2   0x080007d2   0x000000b2   Code   RO         6991    .text               c_w.l(_printf_intcommon.o)
    0x08000884   0x08000884   0x0000002c   Code   RO         6993    .text               c_w.l(_printf_char.o)
    0x080008b0   0x080008b0   0x00000024   Code   RO         6995    .text               c_w.l(_printf_char_file.o)
    0x080008d4   0x080008d4   0x00000064   Code   RO         6999    .text               c_w.l(rt_memcpy_w.o)
    0x08000938   0x08000938   0x0000004e   Code   RO         7001    .text               c_w.l(rt_memclr_w.o)
    0x08000986   0x08000986   0x00000002   PAD
    0x08000988   0x08000988   0x00000008   Code   RO         7024    .text               c_w.l(rt_errno_addr_intlibspace.o)
    0x08000990   0x08000990   0x00000030   Code   RO         7026    .text               c_w.l(_printf_char_common.o)
    0x080009c0   0x080009c0   0x00000008   Code   RO         7028    .text               c_w.l(ferror.o)
    0x080009c8   0x080009c8   0x00000008   Code   RO         7032    .text               c_w.l(libspace.o)
    0x080009d0   0x080009d0   0x0000004a   Code   RO         7035    .text               c_w.l(sys_stackheap_outer.o)
    0x08000a1a   0x08000a1a   0x00000012   Code   RO         7039    .text               c_w.l(exit.o)
    0x08000a2c   0x08000a2c   0x00000004   Code   RO         5428    i.AT24CXX_Init      24cxx.o
    0x08000a30   0x08000a30   0x0000006a   Code   RO         5430    i.AT24CXX_ReadLenByte  24cxx.o
    0x08000a9a   0x08000a9a   0x00000042   Code   RO         5431    i.AT24CXX_ReadOneByte  24cxx.o
    0x08000adc   0x08000adc   0x00000064   Code   RO         5433    i.AT24CXX_WriteLenByte  24cxx.o
    0x08000b40   0x08000b40   0x0000003e   Code   RO         5434    i.AT24CXX_WriteOneByte  24cxx.o
    0x08000b7e   0x08000b7e   0x00000004   Code   RO         5949    i.Beep_Init         beep.o
    0x08000b82   0x08000b82   0x00000002   Code   RO          404    i.BusFault_Handler  stm32f7xx_it.o
    0x08000b84   0x08000b84   0x0000005c   Code   RO         5561    i.CT_IIC_Init       ctiic.o
    0x08000be0   0x08000be0   0x00000100   Code   RO         5563    i.CT_IIC_Read_Byte  ctiic.o
    0x08000ce0   0x08000ce0   0x00000080   Code   RO         5564    i.CT_IIC_Send_Byte  ctiic.o
    0x08000d60   0x08000d60   0x00000058   Code   RO         5565    i.CT_IIC_Start      ctiic.o
    0x08000db8   0x08000db8   0x0000004c   Code   RO         5566    i.CT_IIC_Stop       ctiic.o
    0x08000e04   0x08000e04   0x000000ac   Code   RO         5567    i.CT_IIC_Wait_Ack   ctiic.o
    0x08000eb0   0x08000eb0   0x00000088   Code   RO         4287    i.Cache_Enable      sys.o
    0x08000f38   0x08000f38   0x00000002   Code   RO          405    i.DebugMon_Handler  stm32f7xx_it.o
    0x08000f3a   0x08000f3a   0x0000001c   Code   RO         2838    i.FMC_NAND_AttributeSpace_Timing_Init  stm32f7xx_ll_fmc.o
    0x08000f56   0x08000f56   0x0000001c   Code   RO         2839    i.FMC_NAND_CommonSpace_Timing_Init  stm32f7xx_ll_fmc.o
    0x08000f72   0x08000f72   0x00000002   PAD
    0x08000f74   0x08000f74   0x00000040   Code   RO         2844    i.FMC_NAND_Init     stm32f7xx_ll_fmc.o
    0x08000fb4   0x08000fb4   0x00000048   Code   RO         2846    i.FMC_NORSRAM_Extended_Timing_Init  stm32f7xx_ll_fmc.o
    0x08000ffc   0x08000ffc   0x0000007c   Code   RO         2847    i.FMC_NORSRAM_Init  stm32f7xx_ll_fmc.o
    0x08001078   0x08001078   0x00000064   Code   RO         2848    i.FMC_NORSRAM_Timing_Init  stm32f7xx_ll_fmc.o
    0x080010dc   0x080010dc   0x0000005e   Code   RO         2853    i.FMC_SDRAM_Init    stm32f7xx_ll_fmc.o
    0x0800113a   0x0800113a   0x0000000c   Code   RO         2854    i.FMC_SDRAM_ProgramRefreshRate  stm32f7xx_ll_fmc.o
    0x08001146   0x08001146   0x00000052   Code   RO         2855    i.FMC_SDRAM_SendCommand  stm32f7xx_ll_fmc.o
    0x08001198   0x08001198   0x00000092   Code   RO         2857    i.FMC_SDRAM_Timing_Init  stm32f7xx_ll_fmc.o
    0x0800122a   0x0800122a   0x00000002   PAD
    0x0800122c   0x0800122c   0x00000100   Code   RO         5631    i.FT5206_Init       ft5206.o
    0x0800132c   0x0800132c   0x00000058   Code   RO         5632    i.FT5206_RD_Reg     ft5206.o
    0x08001384   0x08001384   0x000001a8   Code   RO         5633    i.FT5206_Scan       ft5206.o
    0x0800152c   0x0800152c   0x0000004a   Code   RO         5634    i.FT5206_WR_Reg     ft5206.o
    0x08001576   0x08001576   0x00000002   PAD
    0x08001578   0x08001578   0x000000ec   Code   RO         4855    i.FTL_BlockCompare  ftl.o
    0x08001664   0x08001664   0x00000120   Code   RO         4857    i.FTL_CopyAndWriteToBlock  ftl.o
    0x08001784   0x08001784   0x000000d8   Code   RO         4858    i.FTL_CreateLUT     ftl.o
    0x0800185c   0x0800185c   0x00000050   Code   RO         4859    i.FTL_FindSamePlaneUnusedBlock  ftl.o
    0x080018ac   0x080018ac   0x00000048   Code   RO         4860    i.FTL_FindUnusedBlock  ftl.o
    0x080018f4   0x080018f4   0x00000184   Code   RO         4861    i.FTL_Format        ftl.o
    0x08001a78   0x08001a78   0x000000e4   Code   RO         4862    i.FTL_Init          ftl.o
    0x08001b5c   0x08001b5c   0x00000168   Code   RO         4864    i.FTL_ReadSectors   ftl.o
    0x08001cc4   0x08001cc4   0x00000158   Code   RO         4867    i.FTL_WriteSectors  ftl.o
    0x08001e1c   0x08001e1c   0x00000190   Code   RO         5676    i.GT9147_Init       gt9147.o
    0x08001fac   0x08001fac   0x00000062   Code   RO         5677    i.GT9147_RD_Reg     gt9147.o
    0x0800200e   0x0800200e   0x00000002   PAD
    0x08002010   0x08002010   0x000001f4   Code   RO         5678    i.GT9147_Scan       gt9147.o
    0x08002204   0x08002204   0x00000054   Code   RO         5680    i.GT9147_WR_Reg     gt9147.o
    0x08002258   0x08002258   0x000000bc   Code   RO         6798    i.Get_HzMat         text.o
    0x08002314   0x08002314   0x00000024   Code   RO          932    i.HAL_DMA_Abort_IT  stm32f7xx_hal_dma.o
    0x08002338   0x08002338   0x00000016   Code   RO          649    i.HAL_Delay         stm32f7xx_hal.o
    0x0800234e   0x0800234e   0x00000002   PAD
    0x08002350   0x08002350   0x00000244   Code   RO         1061    i.HAL_GPIO_Init     stm32f7xx_hal_gpio.o
    0x08002594   0x08002594   0x0000000a   Code   RO         1063    i.HAL_GPIO_ReadPin  stm32f7xx_hal_gpio.o
    0x0800259e   0x0800259e   0x00000008   Code   RO         1064    i.HAL_GPIO_TogglePin  stm32f7xx_hal_gpio.o
    0x080025a6   0x080025a6   0x0000000a   Code   RO         1065    i.HAL_GPIO_WritePin  stm32f7xx_hal_gpio.o
    0x080025b0   0x080025b0   0x0000000c   Code   RO          659    i.HAL_GetTick       stm32f7xx_hal.o
    0x080025bc   0x080025bc   0x00000010   Code   RO          660    i.HAL_IncTick       stm32f7xx_hal.o
    0x080025cc   0x080025cc   0x00000024   Code   RO          661    i.HAL_Init          stm32f7xx_hal.o
    0x080025f0   0x080025f0   0x00000028   Code   RO          662    i.HAL_InitTick      stm32f7xx_hal.o
    0x08002618   0x08002618   0x00000058   Code   RO         3267    i.HAL_LTDC_ConfigLayer  stm32f7xx_hal_ltdc.o
    0x08002670   0x08002670   0x0000010c   Code   RO         3284    i.HAL_LTDC_Init     stm32f7xx_hal_ltdc.o
    0x0800277c   0x0800277c   0x000000f4   Code   RO         4743    i.HAL_LTDC_MspInit  ltdc.o
    0x08002870   0x08002870   0x00000058   Code   RO         3299    i.HAL_LTDC_SetWindowPosition  stm32f7xx_hal_ltdc.o
    0x080028c8   0x080028c8   0x00000054   Code   RO         3301    i.HAL_LTDC_SetWindowSize  stm32f7xx_hal_ltdc.o
    0x0800291c   0x0800291c   0x00000054   Code   RO          813    i.HAL_MPU_ConfigRegion  stm32f7xx_hal_cortex.o
    0x08002970   0x08002970   0x00000002   Code   RO          664    i.HAL_MspInit       stm32f7xx_hal.o
    0x08002972   0x08002972   0x00000052   Code   RO         3846    i.HAL_NAND_Init     stm32f7xx_hal_nand.o
    0x080029c4   0x080029c4   0x000000b0   Code   RO         4955    i.HAL_NAND_MspInit  nand.o
    0x08002a74   0x08002a74   0x00000018   Code   RO          816    i.HAL_NVIC_EnableIRQ  stm32f7xx_hal_cortex.o
    0x08002a8c   0x08002a8c   0x00000064   Code   RO          822    i.HAL_NVIC_SetPriority  stm32f7xx_hal_cortex.o
    0x08002af0   0x08002af0   0x00000024   Code   RO          823    i.HAL_NVIC_SetPriorityGrouping  stm32f7xx_hal_cortex.o
    0x08002b14   0x08002b14   0x0000007c   Code   RO         1254    i.HAL_PWREx_EnableOverDrive  stm32f7xx_hal_pwr_ex.o
    0x08002b90   0x08002b90   0x00000092   Code   RO         3999    i.HAL_QSPI_Command  stm32f7xx_hal_qspi.o
    0x08002c22   0x08002c22   0x00000002   PAD
    0x08002c24   0x08002c24   0x000000c0   Code   RO         4008    i.HAL_QSPI_Init     stm32f7xx_hal_qspi.o
    0x08002ce4   0x08002ce4   0x0000009c   Code   RO         5333    i.HAL_QSPI_MspInit  qspi.o
    0x08002d80   0x08002d80   0x000000c6   Code   RO         4012    i.HAL_QSPI_Receive  stm32f7xx_hal_qspi.o
    0x08002e46   0x08002e46   0x000000bc   Code   RO         4021    i.HAL_QSPI_Transmit  stm32f7xx_hal_qspi.o
    0x08002f02   0x08002f02   0x00000002   PAD
    0x08002f04   0x08002f04   0x00000758   Code   RO         1443    i.HAL_RCCEx_PeriphCLKConfig  stm32f7xx_hal_rcc_ex.o
    0x0800365c   0x0800365c   0x00000184   Code   RO         1341    i.HAL_RCC_ClockConfig  stm32f7xx_hal_rcc.o
    0x080037e0   0x080037e0   0x00000030   Code   RO         1348    i.HAL_RCC_GetPCLK1Freq  stm32f7xx_hal_rcc.o
    0x08003810   0x08003810   0x00000030   Code   RO         1349    i.HAL_RCC_GetPCLK2Freq  stm32f7xx_hal_rcc.o
    0x08003840   0x08003840   0x00000098   Code   RO         1350    i.HAL_RCC_GetSysClockFreq  stm32f7xx_hal_rcc.o
    0x080038d8   0x080038d8   0x000003c4   Code   RO         1444    i.HAL_RCC_OscConfig  stm32f7xx_hal_rcc_ex.o
    0x08003c9c   0x08003c9c   0x00000042   Code   RO         3114    i.HAL_SDRAM_Init    stm32f7xx_hal_sdram.o
    0x08003cde   0x08003cde   0x00000002   PAD
    0x08003ce0   0x08003ce0   0x000000e0   Code   RO         4462    i.HAL_SDRAM_MspInit  sdram.o
    0x08003dc0   0x08003dc0   0x00000024   Code   RO         3117    i.HAL_SDRAM_ProgramRefreshRate  stm32f7xx_hal_sdram.o
    0x08003de4   0x08003de4   0x0000002e   Code   RO         3123    i.HAL_SDRAM_SendCommand  stm32f7xx_hal_sdram.o
    0x08003e12   0x08003e12   0x000002c2   Code   RO         3645    i.HAL_SD_Get_CardInfo  stm32f7xx_hal_sd.o
    0x080040d4   0x080040d4   0x0000041c   Code   RO         3648    i.HAL_SD_Init       stm32f7xx_hal_sd.o
    0x080044f0   0x080044f0   0x0000008c   Code   RO         5165    i.HAL_SD_MspInit    sdmmc_sdcard.o
    0x0800457c   0x0800457c   0x000001bc   Code   RO         3651    i.HAL_SD_ReadBlocks  stm32f7xx_hal_sd.o
    0x08004738   0x08004738   0x0000002c   Code   RO         3654    i.HAL_SD_StopTransfer  stm32f7xx_hal_sd.o
    0x08004764   0x08004764   0x0000013a   Code   RO         3655    i.HAL_SD_WideBusOperation_Config  stm32f7xx_hal_sd.o
    0x0800489e   0x0800489e   0x00000214   Code   RO         3656    i.HAL_SD_WriteBlocks  stm32f7xx_hal_sd.o
    0x08004ab2   0x08004ab2   0x00000056   Code   RO         2992    i.HAL_SRAM_Init     stm32f7xx_hal_sram.o
    0x08004b08   0x08004b08   0x0000007c   Code   RO         4519    i.HAL_SRAM_MspInit  lcd.o
    0x08004b84   0x08004b84   0x00000016   Code   RO          825    i.HAL_SYSTICK_CLKSourceConfig  stm32f7xx_hal_cortex.o
    0x08004b9a   0x08004b9a   0x00000002   PAD
    0x08004b9c   0x08004b9c   0x0000002c   Code   RO          827    i.HAL_SYSTICK_Config  stm32f7xx_hal_cortex.o
    0x08004bc8   0x08004bc8   0x00000002   Code   RO         2569    i.HAL_TIMEx_BreakCallback  stm32f7xx_hal_tim_ex.o
    0x08004bca   0x08004bca   0x00000002   Code   RO         2570    i.HAL_TIMEx_CommutationCallback  stm32f7xx_hal_tim_ex.o
    0x08004bcc   0x08004bcc   0x00000032   Code   RO         1967    i.HAL_TIM_Base_Init  stm32f7xx_hal_tim.o
    0x08004bfe   0x08004bfe   0x00000002   PAD
    0x08004c00   0x08004c00   0x0000003c   Code   RO         6020    i.HAL_TIM_Base_MspInit  timer.o
    0x08004c3c   0x08004c3c   0x00000018   Code   RO         1972    i.HAL_TIM_Base_Start_IT  stm32f7xx_hal_tim.o
    0x08004c54   0x08004c54   0x00000002   Code   RO         1996    i.HAL_TIM_IC_CaptureCallback  stm32f7xx_hal_tim.o
    0x08004c56   0x08004c56   0x00000186   Code   RO         2009    i.HAL_TIM_IRQHandler  stm32f7xx_hal_tim.o
    0x08004ddc   0x08004ddc   0x00000002   Code   RO         2012    i.HAL_TIM_OC_DelayElapsedCallback  stm32f7xx_hal_tim.o
    0x08004dde   0x08004dde   0x00000002   Code   RO         2039    i.HAL_TIM_PWM_PulseFinishedCallback  stm32f7xx_hal_tim.o
    0x08004de0   0x08004de0   0x0000003c   Code   RO         6021    i.HAL_TIM_PeriodElapsedCallback  timer.o
    0x08004e1c   0x08004e1c   0x00000002   Code   RO         2050    i.HAL_TIM_TriggerCallback  stm32f7xx_hal_tim.o
    0x08004e1e   0x08004e1e   0x00000002   Code   RO         1498    i.HAL_UART_ErrorCallback  stm32f7xx_hal_uart.o
    0x08004e20   0x08004e20   0x000001cc   Code   RO         1501    i.HAL_UART_IRQHandler  stm32f7xx_hal_uart.o
    0x08004fec   0x08004fec   0x0000006e   Code   RO         1502    i.HAL_UART_Init     stm32f7xx_hal_uart.o
    0x0800505a   0x0800505a   0x00000002   PAD
    0x0800505c   0x0800505c   0x00000084   Code   RO         4336    i.HAL_UART_MspInit  usart.o
    0x080050e0   0x080050e0   0x000000a0   Code   RO         1507    i.HAL_UART_Receive_IT  stm32f7xx_hal_uart.o
    0x08005180   0x08005180   0x0000002c   Code   RO         4337    i.HAL_UART_RxCpltCallback  usart.o
    0x080051ac   0x080051ac   0x00000002   Code   RO         1513    i.HAL_UART_TxCpltCallback  stm32f7xx_hal_uart.o
    0x080051ae   0x080051ae   0x00000002   Code   RO          406    i.HardFault_Handler  stm32f7xx_it.o
    0x080051b0   0x080051b0   0x00000050   Code   RO         5496    i.IIC_Init          myiic.o
    0x08005200   0x08005200   0x000000e8   Code   RO         5498    i.IIC_Read_Byte     myiic.o
    0x080052e8   0x080052e8   0x00000078   Code   RO         5499    i.IIC_Send_Byte     myiic.o
    0x08005360   0x08005360   0x00000050   Code   RO         5500    i.IIC_Start         myiic.o
    0x080053b0   0x080053b0   0x00000050   Code   RO         5501    i.IIC_Stop          myiic.o
    0x08005400   0x08005400   0x000000ac   Code   RO         5502    i.IIC_Wait_Ack      myiic.o
    0x080054ac   0x080054ac   0x00000080   Code   RO         4429    i.KEY_Init          key.o
    0x0800552c   0x0800552c   0x0000009c   Code   RO         5884    i.Keyboard_GetValue  keyboard.o
    0x080055c8   0x080055c8   0x00000184   Code   RO         5885    i.Keyboard_Init     keyboard.o
    0x0800574c   0x0800574c   0x00000058   Code   RO         4521    i.LCD_Clear         lcd.o
    0x080057a4   0x080057a4   0x00000104   Code   RO         4525    i.LCD_Display_Dir   lcd.o
    0x080058a8   0x080058a8   0x000000d0   Code   RO         4526    i.LCD_DrawLine      lcd.o
    0x08005978   0x08005978   0x00000038   Code   RO         4527    i.LCD_DrawPoint     lcd.o
    0x080059b0   0x080059b0   0x0000003a   Code   RO         4528    i.LCD_DrawRectangle  lcd.o
    0x080059ea   0x080059ea   0x00000002   PAD
    0x080059ec   0x080059ec   0x000001e0   Code   RO         4529    i.LCD_Draw_Circle   lcd.o
    0x08005bcc   0x08005bcc   0x00000260   Code   RO         4530    i.LCD_Fast_DrawPoint  lcd.o
    0x08005e2c   0x08005e2c   0x00000078   Code   RO         4531    i.LCD_Fill          lcd.o
    0x08005ea4   0x08005ea4   0x00004a3c   Code   RO         4532    i.LCD_Init          lcd.o
    0x0800a8e0   0x0800a8e0   0x0000006c   Code   RO         4533    i.LCD_MPU_Config    lcd.o
    0x0800a94c   0x0800a94c   0x00000004   PAD
    0x0800a950   0x0800a950   0x000000c0   Code   RO         4538    i.LCD_SSD_BackLightSet  lcd.o
    0x0800aa10   0x0800aa10   0x0000031c   Code   RO         4539    i.LCD_Scan_Dir      lcd.o
    0x0800ad2c   0x0800ad2c   0x000002bc   Code   RO         4540    i.LCD_SetCursor     lcd.o
    0x0800afe8   0x0800afe8   0x0000011c   Code   RO         4542    i.LCD_ShowChar      lcd.o
    0x0800b104   0x0800b104   0x000000a4   Code   RO         4543    i.LCD_ShowNum       lcd.o
    0x0800b1a8   0x0800b1a8   0x00000062   Code   RO         4544    i.LCD_ShowString    lcd.o
    0x0800b20a   0x0800b20a   0x00000002   PAD
    0x0800b20c   0x0800b20c   0x0000004c   Code   RO         4405    i.LED_Init          led.o
    0x0800b258   0x0800b258   0x00000020   Code   RO         4744    i.LTDC_Clear        ltdc.o
    0x0800b278   0x0800b278   0x00000028   Code   RO         4747    i.LTDC_Display_Dir  ltdc.o
    0x0800b2a0   0x0800b2a0   0x00000044   Code   RO         4748    i.LTDC_Draw_Point   ltdc.o
    0x0800b2e4   0x0800b2e4   0x000000b8   Code   RO         4749    i.LTDC_Fill         ltdc.o
    0x0800b39c   0x0800b39c   0x000001f4   Code   RO         4750    i.LTDC_Init         ltdc.o
    0x0800b590   0x0800b590   0x00000060   Code   RO         4751    i.LTDC_Layer_Parameter_Config  ltdc.o
    0x0800b5f0   0x0800b5f0   0x000000bc   Code   RO         4754    i.LTDC_PanelID_Read  ltdc.o
    0x0800b6ac   0x0800b6ac   0x000001ce   Code   RO         3303    i.LTDC_SetConfig    stm32f7xx_hal_ltdc.o
    0x0800b87a   0x0800b87a   0x00000036   Code   RO         5387    i.MPU_Memory_Protection  mpu.o
    0x0800b8b0   0x0800b8b0   0x00000070   Code   RO         5388    i.MPU_Set_Protection  mpu.o
    0x0800b920   0x0800b920   0x00000078   Code   RO         5389    i.MemManage_Handler  mpu.o
    0x0800b998   0x0800b998   0x000001f0   Code   RO         4956    i.NAND_CopyPageWithWrite  nand.o
    0x0800bb88   0x0800bb88   0x00000080   Code   RO         4957    i.NAND_CopyPageWithoutWrite  nand.o
    0x0800bc08   0x0800bc08   0x0000009c   Code   RO         4959    i.NAND_ECC_Correction  nand.o
    0x0800bca4   0x0800bca4   0x00000038   Code   RO         4960    i.NAND_ECC_Get_OE   nand.o
    0x0800bcdc   0x0800bcdc   0x00000054   Code   RO         4961    i.NAND_EraseBlock   nand.o
    0x0800bd30   0x0800bd30   0x00000128   Code   RO         4963    i.NAND_Init         nand.o
    0x0800be58   0x0800be58   0x0000006c   Code   RO         4964    i.NAND_MPU_Config   nand.o
    0x0800bec4   0x0800bec4   0x000002d8   Code   RO         4967    i.NAND_ReadPage     nand.o
    0x0800c19c   0x0800c19c   0x00000070   Code   RO         4968    i.NAND_ReadPageComp  nand.o
    0x0800c20c   0x0800c20c   0x00000028   Code   RO         4969    i.NAND_ReadSpare    nand.o
    0x0800c234   0x0800c234   0x00000084   Code   RO         4972    i.NAND_WaitForReady  nand.o
    0x0800c2b8   0x0800c2b8   0x0000004c   Code   RO         4973    i.NAND_WaitRB       nand.o
    0x0800c304   0x0800c304   0x00000184   Code   RO         4974    i.NAND_WritePage    nand.o
    0x0800c488   0x0800c488   0x00000058   Code   RO         4975    i.NAND_WritePageConst  nand.o
    0x0800c4e0   0x0800c4e0   0x0000002c   Code   RO         4976    i.NAND_WriteSpare   nand.o
    0x0800c50c   0x0800c50c   0x00000002   Code   RO          407    i.NMI_Handler       stm32f7xx_it.o
    0x0800c50e   0x0800c50e   0x00000002   PAD
    0x0800c510   0x0800c510   0x000000f8   Code   RO         5728    i.OTT2001A_Init     ott2001a.o
    0x0800c608   0x0800c608   0x00000062   Code   RO         5729    i.OTT2001A_RD_Reg   ott2001a.o
    0x0800c66a   0x0800c66a   0x00000006   PAD
    0x0800c670   0x0800c670   0x000001ec   Code   RO         5730    i.OTT2001A_Scan     ott2001a.o
    0x0800c85c   0x0800c85c   0x0000007c   Code   RO         5973    i.PCF8574_Init      pcf8574.o
    0x0800c8d8   0x0800c8d8   0x00000054   Code   RO         5976    i.PCF8574_WriteBit  pcf8574.o
    0x0800c92c   0x0800c92c   0x00000002   Code   RO          408    i.PendSV_Handler    stm32f7xx_it.o
    0x0800c92e   0x0800c92e   0x00000246   Code   RO         4026    i.QSPI_Config       stm32f7xx_hal_qspi.o
    0x0800cb74   0x0800cb74   0x00000044   Code   RO         5334    i.QSPI_Init         qspi.o
    0x0800cbb8   0x0800cbb8   0x00000024   Code   RO         5335    i.QSPI_Receive      qspi.o
    0x0800cbdc   0x0800cbdc   0x0000003c   Code   RO         5336    i.QSPI_Send_CMD     qspi.o
    0x0800cc18   0x0800cc18   0x00000024   Code   RO         5337    i.QSPI_Transmit     qspi.o
    0x0800cc3c   0x0800cc3c   0x0000005a   Code   RO         4033    i.QSPI_WaitFlagStateUntilTimeout  stm32f7xx_hal_qspi.o
    0x0800cc96   0x0800cc96   0x00000024   Code   RO         3539    i.SDMMC_DataConfig  stm32f7xx_ll_sdmmc.o
    0x0800ccba   0x0800ccba   0x00000006   Code   RO         3540    i.SDMMC_GetCommandResponse  stm32f7xx_ll_sdmmc.o
    0x0800ccc0   0x0800ccc0   0x00000008   Code   RO         3543    i.SDMMC_GetPowerState  stm32f7xx_ll_sdmmc.o
    0x0800ccc8   0x0800ccc8   0x0000000e   Code   RO         3544    i.SDMMC_GetResponse  stm32f7xx_ll_sdmmc.o
    0x0800ccd6   0x0800ccd6   0x0000002c   Code   RO         3545    i.SDMMC_Init        stm32f7xx_ll_sdmmc.o
    0x0800cd02   0x0800cd02   0x00000008   Code   RO         3547    i.SDMMC_PowerState_ON  stm32f7xx_ll_sdmmc.o
    0x0800cd0a   0x0800cd0a   0x00000006   Code   RO         3548    i.SDMMC_ReadFIFO    stm32f7xx_ll_sdmmc.o
    0x0800cd10   0x0800cd10   0x00000020   Code   RO         3549    i.SDMMC_SendCommand  stm32f7xx_ll_sdmmc.o
    0x0800cd30   0x0800cd30   0x0000000a   Code   RO         3551    i.SDMMC_WriteFIFO   stm32f7xx_ll_sdmmc.o
    0x0800cd3a   0x0800cd3a   0x00000002   PAD
    0x0800cd3c   0x0800cd3c   0x000000a0   Code   RO         4463    i.SDRAM_Init        sdram.o
    0x0800cddc   0x0800cddc   0x00000040   Code   RO         4465    i.SDRAM_Send_Cmd    sdram.o
    0x0800ce1c   0x0800ce1c   0x00000118   Code   RO         3660    i.SD_CmdResp1Error  stm32f7xx_hal_sd.o
    0x0800cf34   0x0800cf34   0x0000012c   Code   RO         3665    i.SD_FindSCR        stm32f7xx_hal_sd.o
    0x0800d060   0x0800d060   0x00000040   Code   RO         5167    i.SD_Init           sdmmc_sdcard.o
    0x0800d0a0   0x0800d0a0   0x00000194   Code   RO         3666    i.SD_IsCardProgramming  stm32f7xx_hal_sd.o
    0x0800d234   0x0800d234   0x0000008c   Code   RO         5168    i.SD_ReadDisk       sdmmc_sdcard.o
    0x0800d2c0   0x0800d2c0   0x0000008c   Code   RO         5169    i.SD_WriteDisk      sdmmc_sdcard.o
    0x0800d34c   0x0800d34c   0x00000002   Code   RO          409    i.SVC_Handler       stm32f7xx_it.o
    0x0800d34e   0x0800d34e   0x00000002   PAD
    0x0800d350   0x0800d350   0x00000188   Code   RO         6800    i.Show_Str          text.o
    0x0800d4d8   0x0800d4d8   0x000000a0   Code   RO         4290    i.Stm32_Clock_Init  sys.o
    0x0800d578   0x0800d578   0x00000004   Code   RO          410    i.SysTick_Handler   stm32f7xx_it.o
    0x0800d57c   0x0800d57c   0x00000058   Code   RO          477    i.SystemInit        system_stm32f7xx.o
    0x0800d5d4   0x0800d5d4   0x0000000c   Code   RO         6022    i.TIM3_IRQHandler   timer.o
    0x0800d5e0   0x0800d5e0   0x0000002c   Code   RO         6023    i.TIM3_Init         timer.o
    0x0800d60c   0x0800d60c   0x000000c8   Code   RO         2051    i.TIM_Base_SetConfig  stm32f7xx_hal_tim.o
    0x0800d6d4   0x0800d6d4   0x00000170   Code   RO         5778    i.TP_Adj_Info_Show  touch.o
    0x0800d844   0x0800d844   0x00000004   PAD
    0x0800d848   0x0800d848   0x000006e4   Code   RO         5779    i.TP_Adjust         touch.o
    0x0800df2c   0x0800df2c   0x00000070   Code   RO         5781    i.TP_Drow_Touch_Point  touch.o
    0x0800df9c   0x0800df9c   0x00000090   Code   RO         5782    i.TP_Get_Adjdata    touch.o
    0x0800e02c   0x0800e02c   0x00000150   Code   RO         5783    i.TP_Init           touch.o
    0x0800e17c   0x0800e17c   0x00000100   Code   RO         5784    i.TP_Read_AD        touch.o
    0x0800e27c   0x0800e27c   0x00000070   Code   RO         5785    i.TP_Read_XOY       touch.o
    0x0800e2ec   0x0800e2ec   0x00000094   Code   RO         5787    i.TP_Read_XY2       touch.o
    0x0800e380   0x0800e380   0x00000078   Code   RO         5788    i.TP_Save_Adjdata   touch.o
    0x0800e3f8   0x0800e3f8   0x000000c8   Code   RO         5789    i.TP_Scan           touch.o
    0x0800e4c0   0x0800e4c0   0x000000da   Code   RO         1515    i.UART_AdvFeatureConfig  stm32f7xx_hal_uart.o
    0x0800e59a   0x0800e59a   0x00000060   Code   RO         1516    i.UART_CheckIdleState  stm32f7xx_hal_uart.o
    0x0800e5fa   0x0800e5fa   0x00000014   Code   RO         1517    i.UART_DMAAbortOnError  stm32f7xx_hal_uart.o
    0x0800e60e   0x0800e60e   0x00000082   Code   RO         1523    i.UART_Receive_IT   stm32f7xx_hal_uart.o
    0x0800e690   0x0800e690   0x000002a8   Code   RO         1524    i.UART_SetConfig    stm32f7xx_hal_uart.o
    0x0800e938   0x0800e938   0x00000074   Code   RO         1525    i.UART_WaitOnFlagUntilTimeout  stm32f7xx_hal_uart.o
    0x0800e9ac   0x0800e9ac   0x0000000c   Code   RO         4338    i.USART1_IRQHandler  usart.o
    0x0800e9b8   0x0800e9b8   0x00000002   Code   RO          411    i.UsageFault_Handler  stm32f7xx_it.o
    0x0800e9ba   0x0800e9ba   0x00000040   Code   RO         5222    i.W25QXX_Erase_Sector  w25qxx.o
    0x0800e9fa   0x0800e9fa   0x00000002   PAD
    0x0800e9fc   0x0800e9fc   0x000000cc   Code   RO         5223    i.W25QXX_Init       w25qxx.o
    0x0800eac8   0x0800eac8   0x00000032   Code   RO         5226    i.W25QXX_Read       w25qxx.o
    0x0800eafa   0x0800eafa   0x00000002   PAD
    0x0800eafc   0x0800eafc   0x00000068   Code   RO         5228    i.W25QXX_ReadSR     w25qxx.o
    0x0800eb64   0x0800eb64   0x0000019c   Code   RO         5230    i.W25QXX_Write      w25qxx.o
    0x0800ed00   0x0800ed00   0x00000040   Code   RO         5232    i.W25QXX_Write_Enable  w25qxx.o
    0x0800ed40   0x0800ed40   0x0000005c   Code   RO         5235    i.W25QXX_Write_SR   w25qxx.o
    0x0800ed9c   0x0800ed9c   0x00000066   Code   RO         6968    i.__hardfp_sqrt     m_wv.l(sqrt.o)
    0x0800ee02   0x0800ee02   0x00000002   Code   RO         4339    i._sys_exit         usart.o
    0x0800ee04   0x0800ee04   0x0000007a   Code   RO         6148    i.change_bitmap     ff.o
    0x0800ee7e   0x0800ee7e   0x00000002   PAD
    0x0800ee80   0x0800ee80   0x000000b4   Code   RO         6149    i.check_fs          ff.o
    0x0800ef34   0x0800ef34   0x000001be   Code   RO         6152    i.create_chain      ff.o
    0x0800f0f2   0x0800f0f2   0x00000002   PAD
    0x0800f0f4   0x0800f0f4   0x00000014   Code   RO         4248    i.delay_init        delay.o
    0x0800f108   0x0800f108   0x0000004c   Code   RO         4249    i.delay_ms          delay.o
    0x0800f154   0x0800f154   0x00000034   Code   RO         4250    i.delay_us          delay.o
    0x0800f188   0x0800f188   0x00000066   Code   RO         6153    i.dir_alloc         ff.o
    0x0800f1ee   0x0800f1ee   0x00000002   PAD
    0x0800f1f0   0x0800f1f0   0x00000268   Code   RO         6154    i.dir_find          ff.o
    0x0800f458   0x0800f458   0x0000013a   Code   RO         6155    i.dir_next          ff.o
    0x0800f592   0x0800f592   0x00000002   PAD
    0x0800f594   0x0800f594   0x00000174   Code   RO         6156    i.dir_read          ff.o
    0x0800f708   0x0800f708   0x0000043c   Code   RO         6157    i.dir_register      ff.o
    0x0800fb44   0x0800fb44   0x000000a8   Code   RO         6159    i.dir_sdi           ff.o
    0x0800fbec   0x0800fbec   0x00000028   Code   RO         6463    i.disk_initialize   diskio.o
    0x0800fc14   0x0800fc14   0x000000ac   Code   RO         6464    i.disk_ioctl        diskio.o
    0x0800fcc0   0x0800fcc0   0x0000006a   Code   RO         6465    i.disk_read         diskio.o
    0x0800fd2a   0x0800fd2a   0x00000004   Code   RO         6466    i.disk_status       diskio.o
    0x0800fd2e   0x0800fd2e   0x0000006a   Code   RO         6467    i.disk_write        diskio.o
    0x0800fd98   0x0800fd98   0x00000068   Code   RO         6535    i.exfuns_init       exfuns.o
    0x0800fe00   0x0800fe00   0x00000020   Code   RO         6160    i.f_close           ff.o
    0x0800fe20   0x0800fe20   0x00000054   Code   RO         6168    i.f_mount           ff.o
    0x0800fe74   0x0800fe74   0x000002ca   Code   RO         6169    i.f_open            ff.o
    0x0801013e   0x0801013e   0x000001de   Code   RO         6174    i.f_read            ff.o
    0x0801031c   0x0801031c   0x000001ba   Code   RO         6179    i.f_sync            ff.o
    0x080104d6   0x080104d6   0x00000002   PAD
    0x080104d8   0x080104d8   0x00000078   Code   RO         6767    i.ff_convert        mycc936.o
    0x08010550   0x08010550   0x00000008   Code   RO         6468    i.ff_memalloc       diskio.o
    0x08010558   0x08010558   0x00000008   Code   RO         6469    i.ff_memfree        diskio.o
    0x08010560   0x08010560   0x00000028   Code   RO         6768    i.ff_wtoupper       mycc936.o
    0x08010588   0x08010588   0x00000570   Code   RO         6183    i.find_volume       ff.o
    0x08010af8   0x08010af8   0x00000350   Code   RO         6184    i.follow_path       ff.o
    0x08010e48   0x08010e48   0x0000003c   Code   RO         6839    i.font_init         fontupd.o
    0x08010e84   0x08010e84   0x00000014   Code   RO         4340    i.fputc             usart.o
    0x08010e98   0x08010e98   0x00000084   Code   RO         6840    i.fupd_prog         fontupd.o
    0x08010f1c   0x08010f1c   0x00000162   Code   RO         6185    i.get_fat           ff.o
    0x0801107e   0x0801107e   0x00000004   Code   RO         6470    i.get_fattime       diskio.o
    0x08011082   0x08011082   0x00000068   Code   RO         6187    i.get_ldnumber      ff.o
    0x080110ea   0x080110ea   0x00000002   PAD
    0x080110ec   0x080110ec   0x00000350   Code   RO         5887    i.key_check         keyboard.o
    0x0801143c   0x0801143c   0x00000020   Code   RO         6188    i.ld_clust          ff.o
    0x0801145c   0x0801145c   0x00000054   Code   RO         6189    i.ld_qword          ff.o
    0x080114b0   0x080114b0   0x0000010e   Code   RO         6190    i.load_xdir         ff.o
    0x080115be   0x080115be   0x00000002   PAD
    0x080115c0   0x080115c0   0x000002f4   Code   RO            4    i.main              main.o
    0x080118b4   0x080118b4   0x00000036   Code   RO         6191    i.move_window       ff.o
    0x080118ea   0x080118ea   0x00000002   PAD
    0x080118ec   0x080118ec   0x0000003c   Code   RO         6070    i.my_mem_init       malloc.o
    0x08011928   0x08011928   0x00000094   Code   RO         6071    i.my_mem_malloc     malloc.o
    0x080119bc   0x080119bc   0x00000044   Code   RO         6072    i.my_mem_perused    malloc.o
    0x08011a00   0x08011a00   0x00000070   Code   RO         6073    i.myfree            malloc.o
    0x08011a70   0x08011a70   0x00000024   Code   RO         6074    i.mymalloc          malloc.o
    0x08011a94   0x08011a94   0x0000011a   Code   RO         6192    i.put_fat           ff.o
    0x08011bae   0x08011bae   0x00000168   Code   RO         6194    i.remove_chain      ff.o
    0x08011d16   0x08011d16   0x00000002   PAD
    0x08011d18   0x08011d18   0x00000188   Code   RO         5890    i.sim900a_key_staset  keyboard.o
    0x08011ea0   0x08011ea0   0x00000018   Code   RO         6195    i.st_clust          ff.o
    0x08011eb8   0x08011eb8   0x00000012   Code   RO         6196    i.st_dword          ff.o
    0x08011eca   0x08011eca   0x0000004a   Code   RO         6197    i.st_qword          ff.o
    0x08011f14   0x08011f14   0x0000009c   Code   RO         6198    i.store_xdir        ff.o
    0x08011fb0   0x08011fb0   0x00000094   Code   RO         6199    i.sync_fs           ff.o
    0x08012044   0x08012044   0x00000054   Code   RO         6200    i.sync_window       ff.o
    0x08012098   0x08012098   0x00000024   Code   RO         4341    i.uart_init         usart.o
    0x080120bc   0x080120bc   0x000001a0   Code   RO         6841    i.updata_fontx      fontupd.o
    0x0801225c   0x0801225c   0x00000230   Code   RO         6842    i.update_font       fontupd.o
    0x0801248c   0x0801248c   0x00000036   Code   RO         6201    i.validate          ff.o
    0x080124c2   0x080124c2   0x0000000a   Code   RO         7117    x$fpl$fpinit        fz_wv.l(fpinit.o)
    0x080124cc   0x080124cc   0x00000000   Code   RO         7003    x$fpl$usenofp       fz_wv.l(usenofp.o)
    0x080124cc   0x080124cc   0x00000010   Data   RO          478    .constdata          system_stm32f7xx.o
    0x080124dc   0x080124dc   0x00000008   Data   RO          479    .constdata          system_stm32f7xx.o
    0x080124e4   0x080124e4   0x00004740   Data   RO         4553    .constdata          lcd.o
    0x08016c24   0x08016c24   0x0000000a   Data   RO         5635    .constdata          ft5206.o
    0x08016c2e   0x08016c2e   0x000000c2   Data   RO         5681    .constdata          gt9147.o
    0x08016cf0   0x08016cf0   0x0000000a   Data   RO         5733    .constdata          ott2001a.o
    0x08016cfa   0x08016cfa   0x00000002   PAD
    0x08016cfc   0x08016cfc   0x00000004   Data   RO         5791    .constdata          touch.o
    0x08016d00   0x08016d00   0x00000024   Data   RO         6084    .constdata          malloc.o
    0x08016d24   0x08016d24   0x0000004a   Data   RO         6203    .constdata          ff.o
    0x08016d6e   0x08016d6e   0x000003c0   Data   RO         6769    .constdata          mycc936.o
    0x0801712e   0x0801712e   0x00000002   PAD
    0x08017130   0x08017130   0x00000028   Data   RO         6844    .constdata          fontupd.o
    0x08017158   0x08017158   0x00000028   Data   RO         6909    .constdata          c_w.l(_printf_hex_int.o)
    0x08017180   0x08017180   0x00000011   Data   RO         6932    .constdata          c_w.l(__printf_flags_ss.o)
    0x08017191   0x08017191   0x00000003   PAD
    0x08017194   0x08017194   0x00000079   Data   RO         5792    .conststring        touch.o
    0x0801720d   0x0801720d   0x00000003   PAD
    0x08017210   0x08017210   0x000000db   Data   RO         6845    .conststring        fontupd.o
    0x080172eb   0x080172eb   0x00000001   PAD
    0x080172ec   0x080172ec   0x00000020   Data   RO         7171    Region$$Table       anon$$obj.o


    Execution Region RW_IRAM1 (Exec base: 0x20020000, Load base: 0x0801730c, Size: 0x0002d688, Max: 0x00060000, ABSOLUTE)

    Exec Addr    Load Addr    Size         Type   Attr      Idx    E Section Name        Object

    0x20020000   0x0801730c   0x00000001   Data   RW           43    .data               main.o
    0x20020001   0x0801730d   0x00000001   Data   RW           44    .data               main.o
    0x20020002   0x0801730e   0x00000002   PAD
    0x20020004   0x08017310   0x00000004   Data   RW          480    .data               system_stm32f7xx.o
    0x20020008   0x08017314   0x00000004   Data   RW          667    .data               stm32f7xx_hal.o
    0x2002000c   0x08017318   0x00000004   Data   RW         4251    .data               delay.o
    0x20020010   0x0801731c   0x00000004   Data   RW         4345    .data               usart.o
    0x20020014   0x08017320   0x00000008   Data   RW         4554    .data               lcd.o
    0x2002001c   0x08017328   0x00000008   Data   RW         4761    .data               ltdc.o
    0x20020024   0x08017330   0x00000004   Data   RW         4868    .data               ftl.o
    0x20020028   0x08017334   0x00000004   Data   RW         5237    .data               w25qxx.o
    0x2002002c   0x08017338   0x00000001   Data   RW         5636    .data               ft5206.o
    0x2002002d   0x08017339   0x00000001   Data   RW         5682    .data               gt9147.o
    0x2002002e   0x0801733a   0x00000001   Data   RW         5734    .data               ott2001a.o
    0x2002002f   0x0801733b   0x00000001   PAD
    0x20020030   0x0801733c   0x00000038   Data   RW         5793    .data               touch.o
    0x20020068   0x08017374   0x00000010   Data   RW         5893    .data               keyboard.o
    0x20020078   0x08017384   0x00000024   Data   RW         6085    .data               malloc.o
    0x2002009c   0x080173a8   0x00000002   Data   RW         6204    .data               ff.o
    0x2002009e   0x080173aa   0x00000002   PAD
    0x200200a0   0x080173ac   0x0000000c   Data   RW         6542    .data               exfuns.o
    0x200200ac        -       0x00001194   Zero   RW            5    .bss                main.o
    0x20021240        -       0x00000070   Zero   RW         4343    .bss                usart.o
    0x200212b0        -       0x00000034   Zero   RW         4466    .bss                sdram.o
    0x200212e4        -       0x0000005a   Zero   RW         4552    .bss                lcd.o
    0x2002133e   0x080173b8   0x00000002   PAD
    0x20021340        -       0x000000c8   Zero   RW         4759    .bss                ltdc.o
    0x20021408        -       0x00000094   Zero   RW         4977    .bss                nand.o
    0x2002149c   0x080173b8   0x00000004   PAD
    0x200214a0        -       0x000002b8   Zero   RW         5170    .bss                sdmmc_sdcard.o
    0x20021758        -       0x00001000   Zero   RW         5236    .bss                w25qxx.o
    0x20022758        -       0x00000044   Zero   RW         5338    .bss                qspi.o
    0x2002279c        -       0x0000003c   Zero   RW         6024    .bss                timer.o
    0x200227d8   0x080173b8   0x00000008   PAD
    0x200227e0        -       0x00028000   Zero   RW         6082    .bss                malloc.o
    0x2004a7e0        -       0x00002800   Zero   RW         6083    .bss                malloc.o
    0x2004cfe0        -       0x0000000c   Zero   RW         6202    .bss                ff.o
    0x2004cfec        -       0x0000000c   Zero   RW         6537    .bss                exfuns.o
    0x2004cff8        -       0x00000029   Zero   RW         6843    .bss                fontupd.o
    0x2004d021   0x080173b8   0x00000003   PAD
    0x2004d024        -       0x00000060   Zero   RW         7033    .bss                c_w.l(libspace.o)
    0x2004d084   0x080173b8   0x00000004   PAD
    0x2004d088        -       0x00000200   Zero   RW          633    HEAP                startup_stm32f767xx.o
    0x2004d288        -       0x00000400   Zero   RW          632    STACK               startup_stm32f767xx.o



  Load Region LR$$.ARM.__AT_0x20000000 (Base: 0x20000000, Size: 0x00000000, Max: 0x0000f000, ABSOLUTE)

    Execution Region ER$$.ARM.__AT_0x20000000 (Exec base: 0x20000000, Load base: 0x20000000, Size: 0x0000f000, Max: 0x0000f000, ABSOLUTE, UNINIT)

    Exec Addr    Load Addr    Size         Type   Attr      Idx    E Section Name        Object

    0x20000000        -       0x0000f000   Zero   RW         6078    .ARM.__AT_0x20000000  malloc.o



  Load Region LR$$.ARM.__AT_0x2000F000 (Base: 0x2000f000, Size: 0x00000000, Max: 0x00000f00, ABSOLUTE)

    Execution Region ER$$.ARM.__AT_0x2000F000 (Exec base: 0x2000f000, Load base: 0x2000f000, Size: 0x00000f00, Max: 0x00000f00, ABSOLUTE, UNINIT)

    Exec Addr    Load Addr    Size         Type   Attr      Idx    E Section Name        Object

    0x2000f000        -       0x00000f00   Zero   RW         6079    .ARM.__AT_0x2000F000  malloc.o



  Load Region LR$$.ARM.__AT_0xC0000000 (Base: 0xc0000000, Size: 0x00000000, Max: 0x001f4000, ABSOLUTE)

    Execution Region ER$$.ARM.__AT_0xC0000000 (Exec base: 0xc0000000, Load base: 0xc0000000, Size: 0x001f4000, Max: 0x001f4000, ABSOLUTE, UNINIT)

    Exec Addr    Load Addr    Size         Type   Attr      Idx    E Section Name        Object

    0xc0000000        -       0x001f4000   Zero   RW         4758    .ARM.__AT_0xC0000000  ltdc.o



  Load Region LR$$.ARM.__AT_0xC01F4000 (Base: 0xc01f4000, Size: 0x00000000, Max: 0x01c3c000, ABSOLUTE)

    Execution Region ER$$.ARM.__AT_0xC01F4000 (Exec base: 0xc01f4000, Load base: 0xc01f4000, Size: 0x01c3c000, Max: 0x01c3c000, ABSOLUTE, UNINIT)

    Exec Addr    Load Addr    Size         Type   Attr      Idx    E Section Name        Object

    0xc01f4000        -       0x01c3c000   Zero   RW         6080    .ARM.__AT_0xC01F4000  malloc.o



  Load Region LR$$.ARM.__AT_0xC1E30000 (Base: 0xc1e30000, Size: 0x00000000, Max: 0x001c3c00, ABSOLUTE)

    Execution Region ER$$.ARM.__AT_0xC1E30000 (Exec base: 0xc1e30000, Load base: 0xc1e30000, Size: 0x001c3c00, Max: 0x001c3c00, ABSOLUTE, UNINIT)

    Exec Addr    Load Addr    Size         Type   Attr      Idx    E Section Name        Object

    0xc1e30000        -       0x001c3c00   Zero   RW         6081    .ARM.__AT_0xC1E30000  malloc.o


==============================================================================

Image component sizes


      Code (inc. data)   RO Data    RW Data    ZI Data      Debug   Object Name

       338          0          0          0          0       4015   24cxx.o
         4          0          0          0          0        464   beep.o
       812         60          0          0          0       4731   ctiic.o
       148         16          0          4          0       2663   delay.o
       448          8          0          0          0       5787   diskio.o
       104          8          0         12         12       1909   exfuns.o
      9492        104         74          2         12      61409   ff.o
      1168         94        259          0         41       6328   fontupd.o
       842         46         10          1          0       4415   ft5206.o
      2212        270          0          4          0      10975   ftl.o
      1082         82        194          1          0       4686   gt9147.o
       128         16          0          0          0       1003   key.o
      1784        232          0         16          0       6578   keyboard.o
     23348        288      18240          8         90     106416   lcd.o
        76          8          0          0          0        887   led.o
      1352        118          0          8    2048200       8898   ltdc.o
       756        150          0          2       4500     496620   main.o
       424         52         36         36   31695616       5943   malloc.o
       286         64          0          0          0      33656   mpu.o
       160         14        960          0          0       2031   mycc936.o
       764         32          0          0          0       4330   myiic.o
      3108        308          0          0        148      18183   nand.o
       838         72         10          1          0       3975   ott2001a.o
       208         10          0          0          0       2129   pcf8574.o
       356         44          0          0         68       3837   qspi.o
       484         46          0          0        696       4163   sdmmc_sdcard.o
       448         40          0          0         52       3088   sdram.o
        64         26        504          0       1536        832   startup_stm32f767xx.o
       128         22          0          4          0       4401   stm32f7xx_hal.o
       310         22          0          0          0      36584   stm32f7xx_hal_cortex.o
        36          0          0          0          0       1575   stm32f7xx_hal_dma.o
       608         16          0          0          0       3988   stm32f7xx_hal_gpio.o
       990          6          0          0          0       4761   stm32f7xx_hal_ltdc.o
        82          0          0          0          0       1403   stm32f7xx_hal_nand.o
       124         10          0          0          0       1320   stm32f7xx_hal_pwr_ex.o
      1396          4          0          0          0       7466   stm32f7xx_hal_qspi.o
       636         64          0          0          0       3894   stm32f7xx_hal_rcc.o
      2844         62          0          0          0       4200   stm32f7xx_hal_rcc_ex.o
      4076         12          0          0          0      19577   stm32f7xx_hal_sd.o
       148          0          0          0          0       2820   stm32f7xx_hal_sdram.o
        86          0          0          0          0       1256   stm32f7xx_hal_sram.o
       672         20          0          0          0       7651   stm32f7xx_hal_tim.o
         4          0          0          0          0       1950   stm32f7xx_hal_tim_ex.o
      1994         42          0          0          0      10156   stm32f7xx_hal_uart.o
        18          0          0          0          0       3646   stm32f7xx_it.o
       750         16          0          0          0       8417   stm32f7xx_ll_fmc.o
       164          0          0          0          0       6282   stm32f7xx_ll_sdmmc.o
       312         28          0          0          0      34045   sys.o
        88         24         24          4          0       1123   system_stm32f7xx.o
       580         14          0          0          0       3609   text.o
       176         36          0          0         60       3029   timer.o
      3560        252        125         56          0      11585   touch.o
       246         42          0          4        112       5398   usart.o
       990         20          0          4       4096       7358   w25qxx.o

    ----------------------------------------------------------------------
     72320       2928      20476        172   33755256    1007445   Object Totals
         0          0         32          0          0          0   (incl. Generated)
        68          8          8          5         17          0   (incl. Padding)

    ----------------------------------------------------------------------

      Code (inc. data)   RO Data    RW Data    ZI Data      Debug   Library Member Name

         8          0          0          0          0         68   __main.o
       236          4         17          0          0         88   __printf_flags_ss.o
         0          0          0          0          0          0   __rtentry.o
        12          0          0          0          0          0   __rtentry2.o
         6          0          0          0          0          0   __rtentry4.o
        52          8          0          0          0          0   __scatter.o
        26          0          0          0          0          0   __scatter_copy.o
        28          0          0          0          0          0   __scatter_zi.o
         6          0          0          0          0          0   _printf_c.o
        44          0          0          0          0        108   _printf_char.o
        48          6          0          0          0         96   _printf_char_common.o
        36          4          0          0          0         80   _printf_char_file.o
         6          0          0          0          0          0   _printf_d.o
       120         16          0          0          0         92   _printf_dec.o
        88          4         40          0          0         88   _printf_hex_int.o
       178          0          0          0          0         88   _printf_intcommon.o
         0          0          0          0          0          0   _printf_percent.o
         4          0          0          0          0          0   _printf_percent_end.o
         6          0          0          0          0          0   _printf_s.o
        82          0          0          0          0         80   _printf_str.o
         6          0          0          0          0          0   _printf_x.o
        22          0          0          0          0        100   _rserrno.o
        18          0          0          0          0         80   exit.o
         8          0          0          0          0         68   ferror.o
         6          0          0          0          0        152   heapauxi.o
         2          0          0          0          0          0   libinit.o
         6          0          0          0          0          0   libinit2.o
         2          0          0          0          0          0   libshutdown.o
         2          0          0          0          0          0   libshutdown2.o
         8          4          0          0         96         68   libspace.o
       238          0          0          0          0        100   lludivv7m.o
        24          4          0          0          0         84   noretval__2printf.o
         8          4          0          0          0         68   rt_errno_addr_intlibspace.o
        68          0          0          0          0         68   rt_memclr.o
        78          0          0          0          0         80   rt_memclr_w.o
       138          0          0          0          0         68   rt_memcpy_v6.o
       100          0          0          0          0         80   rt_memcpy_w.o
         2          0          0          0          0          0   rtexit.o
        10          0          0          0          0          0   rtexit2.o
        24          0          0          0          0         68   strcat.o
       104          0          0          0          0         68   strcmpv7m_pel.o
        72          0          0          0          0         80   strcpy.o
        74          0          0          0          0         80   sys_stackheap_outer.o
         2          0          0          0          0         68   use_no_semi.o
         2          0          0          0          0         68   use_no_semi_2.o
        10          0          0          0          0        116   fpinit.o
         0          0          0          0          0          0   usenofp.o
       102          0          0          0          0        140   sqrt.o

    ----------------------------------------------------------------------
      2132         54         60          0        100       2492   Library Totals
        10          0          3          0          4          0   (incl. Padding)

    ----------------------------------------------------------------------

      Code (inc. data)   RO Data    RW Data    ZI Data      Debug   Library Name

      2010         54         57          0         96       2236   c_w.l
        10          0          0          0          0        116   fz_wv.l
       102          0          0          0          0        140   m_wv.l

    ----------------------------------------------------------------------
      2132         54         60          0        100       2492   Library Totals

    ----------------------------------------------------------------------

==============================================================================


      Code (inc. data)   RO Data    RW Data    ZI Data      Debug   

     74452       2982      20536        172   33755356     980741   Grand Totals
     74452       2982      20536        172   33755356     980741   ELF Image Totals
     74452       2982      20536        172          0          0   ROM Totals

==============================================================================

    Total RO  Size (Code + RO Data)                94988 (  92.76kB)
    Total RW  Size (RW Data + ZI Data)          33755528 (32964.38kB)
    Total ROM Size (Code + RO Data + RW Data)      95160 (  92.93kB)

==============================================================================

